Archive member included because of file (symbol)

/Users/ahesham/research/Bluetooth/boss/uberCode/gcc-arm-none-eabi/bin/../lib/gcc/arm-none-eabi/4.9.3/../../../../arm-none-eabi/lib/armv7-m/libc.a(lib_a-exit.o)
                              /Users/ahesham/research/Bluetooth/boss/uberCode/gcc-arm-none-eabi/bin/../lib/gcc/arm-none-eabi/4.9.3/../../../../arm-none-eabi/lib/armv7-m/crt0.o (exit)
/Users/ahesham/research/Bluetooth/boss/uberCode/gcc-arm-none-eabi/bin/../lib/gcc/arm-none-eabi/4.9.3/../../../../arm-none-eabi/lib/armv7-m/libc.a(lib_a-impure.o)
                              /Users/ahesham/research/Bluetooth/boss/uberCode/gcc-arm-none-eabi/bin/../lib/gcc/arm-none-eabi/4.9.3/../../../../arm-none-eabi/lib/armv7-m/libc.a(lib_a-exit.o) (_global_impure_ptr)
/Users/ahesham/research/Bluetooth/boss/uberCode/gcc-arm-none-eabi/bin/../lib/gcc/arm-none-eabi/4.9.3/../../../../arm-none-eabi/lib/armv7-m/libc.a(lib_a-init.o)
                              /Users/ahesham/research/Bluetooth/boss/uberCode/gcc-arm-none-eabi/bin/../lib/gcc/arm-none-eabi/4.9.3/../../../../arm-none-eabi/lib/armv7-m/crt0.o (__libc_init_array)
/Users/ahesham/research/Bluetooth/boss/uberCode/gcc-arm-none-eabi/bin/../lib/gcc/arm-none-eabi/4.9.3/../../../../arm-none-eabi/lib/armv7-m/libc.a(lib_a-memset.o)
                              /Users/ahesham/research/Bluetooth/boss/uberCode/gcc-arm-none-eabi/bin/../lib/gcc/arm-none-eabi/4.9.3/../../../../arm-none-eabi/lib/armv7-m/crt0.o (memset)
/Users/ahesham/research/Bluetooth/boss/uberCode/gcc-arm-none-eabi/bin/../lib/gcc/arm-none-eabi/4.9.3/../../../../arm-none-eabi/lib/armv7-m/libc.a(lib_a-__call_atexit.o)
                              /Users/ahesham/research/Bluetooth/boss/uberCode/gcc-arm-none-eabi/bin/../lib/gcc/arm-none-eabi/4.9.3/../../../../arm-none-eabi/lib/armv7-m/libc.a(lib_a-exit.o) (__call_exitprocs)
/Users/ahesham/research/Bluetooth/boss/uberCode/gcc-arm-none-eabi/bin/../lib/gcc/arm-none-eabi/4.9.3/../../../../arm-none-eabi/lib/armv7-m/libc.a(lib_a-atexit.o)
                              /Users/ahesham/research/Bluetooth/boss/uberCode/gcc-arm-none-eabi/bin/../lib/gcc/arm-none-eabi/4.9.3/../../../../arm-none-eabi/lib/armv7-m/libc.a(lib_a-__call_atexit.o) (atexit)
/Users/ahesham/research/Bluetooth/boss/uberCode/gcc-arm-none-eabi/bin/../lib/gcc/arm-none-eabi/4.9.3/../../../../arm-none-eabi/lib/armv7-m/libc.a(lib_a-fini.o)
                              /Users/ahesham/research/Bluetooth/boss/uberCode/gcc-arm-none-eabi/bin/../lib/gcc/arm-none-eabi/4.9.3/../../../../arm-none-eabi/lib/armv7-m/libc.a(lib_a-__call_atexit.o) (__libc_fini_array)
/Users/ahesham/research/Bluetooth/boss/uberCode/gcc-arm-none-eabi/bin/../lib/gcc/arm-none-eabi/4.9.3/../../../../arm-none-eabi/lib/armv7-m/libc.a(lib_a-__atexit.o)
                              /Users/ahesham/research/Bluetooth/boss/uberCode/gcc-arm-none-eabi/bin/../lib/gcc/arm-none-eabi/4.9.3/../../../../arm-none-eabi/lib/armv7-m/libc.a(lib_a-atexit.o) (__register_exitproc)
/Users/ahesham/research/Bluetooth/boss/uberCode/gcc-arm-none-eabi/bin/../lib/gcc/arm-none-eabi/4.9.3/../../../../arm-none-eabi/lib/armv7-m/libc.a(lib_a-memcpy.o)
                              ../common/usb_serial.o (memcpy)
/Users/ahesham/research/Bluetooth/boss/uberCode/gcc-arm-none-eabi/bin/../lib/gcc/arm-none-eabi/4.9.3/../../../../arm-none-eabi/lib/armv7-m/libnosys.a(_exit.o)
                              /Users/ahesham/research/Bluetooth/boss/uberCode/gcc-arm-none-eabi/bin/../lib/gcc/arm-none-eabi/4.9.3/../../../../arm-none-eabi/lib/armv7-m/libc.a(lib_a-exit.o) (_exit)

Discarded input sections

 .text          0x0000000000000000        0x0 /Users/ahesham/research/Bluetooth/boss/uberCode/gcc-arm-none-eabi/bin/../lib/gcc/arm-none-eabi/4.9.3/armv7-m/crti.o
 .data          0x0000000000000000        0x0 /Users/ahesham/research/Bluetooth/boss/uberCode/gcc-arm-none-eabi/bin/../lib/gcc/arm-none-eabi/4.9.3/armv7-m/crti.o
 .bss           0x0000000000000000        0x0 /Users/ahesham/research/Bluetooth/boss/uberCode/gcc-arm-none-eabi/bin/../lib/gcc/arm-none-eabi/4.9.3/armv7-m/crti.o
 .data          0x0000000000000000        0x4 /Users/ahesham/research/Bluetooth/boss/uberCode/gcc-arm-none-eabi/bin/../lib/gcc/arm-none-eabi/4.9.3/armv7-m/crtbegin.o
 .text          0x0000000000000000       0x74 /Users/ahesham/research/Bluetooth/boss/uberCode/gcc-arm-none-eabi/bin/../lib/gcc/arm-none-eabi/4.9.3/../../../../arm-none-eabi/lib/armv7-m/crt0.o
 .data          0x0000000000000000        0x0 /Users/ahesham/research/Bluetooth/boss/uberCode/gcc-arm-none-eabi/bin/../lib/gcc/arm-none-eabi/4.9.3/../../../../arm-none-eabi/lib/armv7-m/crt0.o
 .bss           0x0000000000000000        0x0 /Users/ahesham/research/Bluetooth/boss/uberCode/gcc-arm-none-eabi/bin/../lib/gcc/arm-none-eabi/4.9.3/../../../../arm-none-eabi/lib/armv7-m/crt0.o
 .ARM.extab     0x0000000000000000        0x0 /Users/ahesham/research/Bluetooth/boss/uberCode/gcc-arm-none-eabi/bin/../lib/gcc/arm-none-eabi/4.9.3/../../../../arm-none-eabi/lib/armv7-m/crt0.o
 .ARM.exidx     0x0000000000000000        0x8 /Users/ahesham/research/Bluetooth/boss/uberCode/gcc-arm-none-eabi/bin/../lib/gcc/arm-none-eabi/4.9.3/../../../../arm-none-eabi/lib/armv7-m/crt0.o
 .ARM.attributes
                0x0000000000000000       0x1b /Users/ahesham/research/Bluetooth/boss/uberCode/gcc-arm-none-eabi/bin/../lib/gcc/arm-none-eabi/4.9.3/../../../../arm-none-eabi/lib/armv7-m/crt0.o
 .text          0x0000000000000000        0x0 /Users/ahesham/research/Bluetooth/boss/uberCode/gcc-arm-none-eabi/bin/../lib/gcc/arm-none-eabi/4.9.3/../../../../arm-none-eabi/lib/armv7-m/libc.a(lib_a-exit.o)
 .data          0x0000000000000000        0x0 /Users/ahesham/research/Bluetooth/boss/uberCode/gcc-arm-none-eabi/bin/../lib/gcc/arm-none-eabi/4.9.3/../../../../arm-none-eabi/lib/armv7-m/libc.a(lib_a-exit.o)
 .bss           0x0000000000000000        0x0 /Users/ahesham/research/Bluetooth/boss/uberCode/gcc-arm-none-eabi/bin/../lib/gcc/arm-none-eabi/4.9.3/../../../../arm-none-eabi/lib/armv7-m/libc.a(lib_a-exit.o)
 .text.exit     0x0000000000000000       0x20 /Users/ahesham/research/Bluetooth/boss/uberCode/gcc-arm-none-eabi/bin/../lib/gcc/arm-none-eabi/4.9.3/../../../../arm-none-eabi/lib/armv7-m/libc.a(lib_a-exit.o)
 .debug_frame   0x0000000000000000       0x28 /Users/ahesham/research/Bluetooth/boss/uberCode/gcc-arm-none-eabi/bin/../lib/gcc/arm-none-eabi/4.9.3/../../../../arm-none-eabi/lib/armv7-m/libc.a(lib_a-exit.o)
 .ARM.attributes
                0x0000000000000000       0x2d /Users/ahesham/research/Bluetooth/boss/uberCode/gcc-arm-none-eabi/bin/../lib/gcc/arm-none-eabi/4.9.3/../../../../arm-none-eabi/lib/armv7-m/libc.a(lib_a-exit.o)
 .text          0x0000000000000000        0x0 /Users/ahesham/research/Bluetooth/boss/uberCode/gcc-arm-none-eabi/bin/../lib/gcc/arm-none-eabi/4.9.3/../../../../arm-none-eabi/lib/armv7-m/libc.a(lib_a-impure.o)
 .data          0x0000000000000000        0x0 /Users/ahesham/research/Bluetooth/boss/uberCode/gcc-arm-none-eabi/bin/../lib/gcc/arm-none-eabi/4.9.3/../../../../arm-none-eabi/lib/armv7-m/libc.a(lib_a-impure.o)
 .bss           0x0000000000000000        0x0 /Users/ahesham/research/Bluetooth/boss/uberCode/gcc-arm-none-eabi/bin/../lib/gcc/arm-none-eabi/4.9.3/../../../../arm-none-eabi/lib/armv7-m/libc.a(lib_a-impure.o)
 .data._impure_ptr
                0x0000000000000000        0x4 /Users/ahesham/research/Bluetooth/boss/uberCode/gcc-arm-none-eabi/bin/../lib/gcc/arm-none-eabi/4.9.3/../../../../arm-none-eabi/lib/armv7-m/libc.a(lib_a-impure.o)
 .text          0x0000000000000000        0x0 /Users/ahesham/research/Bluetooth/boss/uberCode/gcc-arm-none-eabi/bin/../lib/gcc/arm-none-eabi/4.9.3/../../../../arm-none-eabi/lib/armv7-m/libc.a(lib_a-init.o)
 .data          0x0000000000000000        0x0 /Users/ahesham/research/Bluetooth/boss/uberCode/gcc-arm-none-eabi/bin/../lib/gcc/arm-none-eabi/4.9.3/../../../../arm-none-eabi/lib/armv7-m/libc.a(lib_a-init.o)
 .bss           0x0000000000000000        0x0 /Users/ahesham/research/Bluetooth/boss/uberCode/gcc-arm-none-eabi/bin/../lib/gcc/arm-none-eabi/4.9.3/../../../../arm-none-eabi/lib/armv7-m/libc.a(lib_a-init.o)
 .text          0x0000000000000000        0x0 /Users/ahesham/research/Bluetooth/boss/uberCode/gcc-arm-none-eabi/bin/../lib/gcc/arm-none-eabi/4.9.3/../../../../arm-none-eabi/lib/armv7-m/libc.a(lib_a-memset.o)
 .data          0x0000000000000000        0x0 /Users/ahesham/research/Bluetooth/boss/uberCode/gcc-arm-none-eabi/bin/../lib/gcc/arm-none-eabi/4.9.3/../../../../arm-none-eabi/lib/armv7-m/libc.a(lib_a-memset.o)
 .bss           0x0000000000000000        0x0 /Users/ahesham/research/Bluetooth/boss/uberCode/gcc-arm-none-eabi/bin/../lib/gcc/arm-none-eabi/4.9.3/../../../../arm-none-eabi/lib/armv7-m/libc.a(lib_a-memset.o)
 .text.memset   0x0000000000000000       0x9c /Users/ahesham/research/Bluetooth/boss/uberCode/gcc-arm-none-eabi/bin/../lib/gcc/arm-none-eabi/4.9.3/../../../../arm-none-eabi/lib/armv7-m/libc.a(lib_a-memset.o)
 .debug_frame   0x0000000000000000       0x34 /Users/ahesham/research/Bluetooth/boss/uberCode/gcc-arm-none-eabi/bin/../lib/gcc/arm-none-eabi/4.9.3/../../../../arm-none-eabi/lib/armv7-m/libc.a(lib_a-memset.o)
 .ARM.attributes
                0x0000000000000000       0x2d /Users/ahesham/research/Bluetooth/boss/uberCode/gcc-arm-none-eabi/bin/../lib/gcc/arm-none-eabi/4.9.3/../../../../arm-none-eabi/lib/armv7-m/libc.a(lib_a-memset.o)
 .text          0x0000000000000000        0x0 /Users/ahesham/research/Bluetooth/boss/uberCode/gcc-arm-none-eabi/bin/../lib/gcc/arm-none-eabi/4.9.3/../../../../arm-none-eabi/lib/armv7-m/libc.a(lib_a-__call_atexit.o)
 .data          0x0000000000000000        0x0 /Users/ahesham/research/Bluetooth/boss/uberCode/gcc-arm-none-eabi/bin/../lib/gcc/arm-none-eabi/4.9.3/../../../../arm-none-eabi/lib/armv7-m/libc.a(lib_a-__call_atexit.o)
 .bss           0x0000000000000000        0x0 /Users/ahesham/research/Bluetooth/boss/uberCode/gcc-arm-none-eabi/bin/../lib/gcc/arm-none-eabi/4.9.3/../../../../arm-none-eabi/lib/armv7-m/libc.a(lib_a-__call_atexit.o)
 .text.__call_exitprocs
                0x0000000000000000       0xd4 /Users/ahesham/research/Bluetooth/boss/uberCode/gcc-arm-none-eabi/bin/../lib/gcc/arm-none-eabi/4.9.3/../../../../arm-none-eabi/lib/armv7-m/libc.a(lib_a-__call_atexit.o)
 .text          0x0000000000000000        0x0 /Users/ahesham/research/Bluetooth/boss/uberCode/gcc-arm-none-eabi/bin/../lib/gcc/arm-none-eabi/4.9.3/../../../../arm-none-eabi/lib/armv7-m/libc.a(lib_a-atexit.o)
 .data          0x0000000000000000        0x0 /Users/ahesham/research/Bluetooth/boss/uberCode/gcc-arm-none-eabi/bin/../lib/gcc/arm-none-eabi/4.9.3/../../../../arm-none-eabi/lib/armv7-m/libc.a(lib_a-atexit.o)
 .bss           0x0000000000000000        0x0 /Users/ahesham/research/Bluetooth/boss/uberCode/gcc-arm-none-eabi/bin/../lib/gcc/arm-none-eabi/4.9.3/../../../../arm-none-eabi/lib/armv7-m/libc.a(lib_a-atexit.o)
 .text          0x0000000000000000        0x0 /Users/ahesham/research/Bluetooth/boss/uberCode/gcc-arm-none-eabi/bin/../lib/gcc/arm-none-eabi/4.9.3/../../../../arm-none-eabi/lib/armv7-m/libc.a(lib_a-fini.o)
 .data          0x0000000000000000        0x0 /Users/ahesham/research/Bluetooth/boss/uberCode/gcc-arm-none-eabi/bin/../lib/gcc/arm-none-eabi/4.9.3/../../../../arm-none-eabi/lib/armv7-m/libc.a(lib_a-fini.o)
 .bss           0x0000000000000000        0x0 /Users/ahesham/research/Bluetooth/boss/uberCode/gcc-arm-none-eabi/bin/../lib/gcc/arm-none-eabi/4.9.3/../../../../arm-none-eabi/lib/armv7-m/libc.a(lib_a-fini.o)
 .text          0x0000000000000000        0x0 /Users/ahesham/research/Bluetooth/boss/uberCode/gcc-arm-none-eabi/bin/../lib/gcc/arm-none-eabi/4.9.3/../../../../arm-none-eabi/lib/armv7-m/libc.a(lib_a-__atexit.o)
 .data          0x0000000000000000        0x0 /Users/ahesham/research/Bluetooth/boss/uberCode/gcc-arm-none-eabi/bin/../lib/gcc/arm-none-eabi/4.9.3/../../../../arm-none-eabi/lib/armv7-m/libc.a(lib_a-__atexit.o)
 .bss           0x0000000000000000        0x0 /Users/ahesham/research/Bluetooth/boss/uberCode/gcc-arm-none-eabi/bin/../lib/gcc/arm-none-eabi/4.9.3/../../../../arm-none-eabi/lib/armv7-m/libc.a(lib_a-__atexit.o)
 .text          0x0000000000000000        0x0 usb_test.o
 .data          0x0000000000000000        0x0 usb_test.o
 .bss           0x0000000000000000        0x0 usb_test.o
 .text          0x0000000000000000        0x0 ../common/usb_serial.o
 .text          0x0000000000000000        0x0 ../common/serial_fifo.o
 .data          0x0000000000000000        0x0 ../common/serial_fifo.o
 .bss           0x0000000000000000        0x0 ../common/serial_fifo.o
 .text          0x0000000000000000        0x0 ../common/LPC17xx_Startup.o
 .data          0x0000000000000000        0x0 ../common/LPC17xx_Startup.o
 .bss           0x0000000000000000        0x0 ../common/LPC17xx_Startup.o
 .text          0x0000000000000000        0x0 ../common/LPC17xx_Interrupts.o
 .data          0x0000000000000000        0x0 ../common/LPC17xx_Interrupts.o
 .bss           0x0000000000000000        0x0 ../common/LPC17xx_Interrupts.o
 .text          0x0000000000000000        0x0 ../common/ubertooth.o
 .data          0x0000000000000000        0x0 ../common/ubertooth.o
 .text.spi_delay
                0x0000000000000000       0x18 ../common/ubertooth.o
 .text.rbit     0x0000000000000000        0x6 ../common/ubertooth.o
 .text.wait     0x0000000000000000        0xc ../common/ubertooth.o
 .text.wait_ms  0x0000000000000000        0xa ../common/ubertooth.o
 .text.dio_ssp_init
                0x0000000000000000       0x54 ../common/ubertooth.o
 .text.cc2400_set
                0x0000000000000000        0xa ../common/ubertooth.o
 .text.cc2400_get8
                0x0000000000000000       0x12 ../common/ubertooth.o
 .text.cc2400_set8
                0x0000000000000000        0xa ../common/ubertooth.o
 .text.cc2400_fifo_write
                0x0000000000000000       0x88 ../common/ubertooth.o
 .text.cc2400_fifo_read
                0x0000000000000000       0x94 ../common/ubertooth.o
 .text.reset    0x0000000000000000       0x38 ../common/ubertooth.o
 .text.cc2400_tune_rx
                0x0000000000000000        0xa ../common/ubertooth.o
 .text.cc2400_tune_tx
                0x0000000000000000        0x8 ../common/ubertooth.o
 .text.cc2400_hop_rx
                0x0000000000000000       0x38 ../common/ubertooth.o
 .text.cc2400_hop_tx
                0x0000000000000000       0x38 ../common/ubertooth.o
 .text.get_part_num
                0x0000000000000000       0x38 ../common/ubertooth.o
 .text.get_device_serial
                0x0000000000000000       0x68 ../common/ubertooth.o
 .text.set_isp  0x0000000000000000       0x1c ../common/ubertooth.o
 .rodata        0x0000000000000000        0x4 ../common/ubertooth.o
 .text          0x0000000000000000        0x0 ../common/lpcusb/target/usbcontrol.o
 .data          0x0000000000000000        0x0 ../common/lpcusb/target/usbcontrol.o
 .text          0x0000000000000000        0x0 ../common/lpcusb/target/usbinit.o
 .data          0x0000000000000000        0x0 ../common/lpcusb/target/usbinit.o
 .text          0x0000000000000000        0x0 ../common/lpcusb/target/usbhw_lpc.o
 .data          0x0000000000000000        0x0 ../common/lpcusb/target/usbhw_lpc.o
 .text.USBHwISOCEPRead
                0x0000000000000000       0x80 ../common/lpcusb/target/usbhw_lpc.o
 .text.USBSetupDMADescriptor
                0x0000000000000000       0x52 ../common/lpcusb/target/usbhw_lpc.o
 .text.USBDisableDMAForEndpoint
                0x0000000000000000       0x18 ../common/lpcusb/target/usbhw_lpc.o
 .text.USBEnableDMAForEndpoint
                0x0000000000000000       0x18 ../common/lpcusb/target/usbhw_lpc.o
 .text.USBInitializeISOCFrameArray
                0x0000000000000000       0x26 ../common/lpcusb/target/usbhw_lpc.o
 .text.USBSetHeadDDForDMA
                0x0000000000000000       0x10 ../common/lpcusb/target/usbhw_lpc.o
 .text.USBInitializeUSBDMA
                0x0000000000000000       0x1c ../common/lpcusb/target/usbhw_lpc.o
 .text          0x0000000000000000        0x0 ../common/lpcusb/target/usbstdreq.o
 .text.USBRegisterWinusbInterface
                0x0000000000000000       0x2c ../common/lpcusb/target/usbstdreq.o
 .text.USBGetOsStringDescriptor
                0x0000000000000000       0x1c ../common/lpcusb/target/usbstdreq.o
 .text.USBRegisterCustomReqHandler
                0x0000000000000000        0xc ../common/lpcusb/target/usbstdreq.o
 .data          0x0000000000000000        0x0 /Users/ahesham/research/Bluetooth/boss/uberCode/gcc-arm-none-eabi/bin/../lib/gcc/arm-none-eabi/4.9.3/../../../../arm-none-eabi/lib/armv7-m/libc.a(lib_a-memcpy.o)
 .bss           0x0000000000000000        0x0 /Users/ahesham/research/Bluetooth/boss/uberCode/gcc-arm-none-eabi/bin/../lib/gcc/arm-none-eabi/4.9.3/../../../../arm-none-eabi/lib/armv7-m/libc.a(lib_a-memcpy.o)
 .text          0x0000000000000000        0x0 /Users/ahesham/research/Bluetooth/boss/uberCode/gcc-arm-none-eabi/bin/../lib/gcc/arm-none-eabi/4.9.3/armv7-m/crtend.o
 .data          0x0000000000000000        0x0 /Users/ahesham/research/Bluetooth/boss/uberCode/gcc-arm-none-eabi/bin/../lib/gcc/arm-none-eabi/4.9.3/armv7-m/crtend.o
 .bss           0x0000000000000000        0x0 /Users/ahesham/research/Bluetooth/boss/uberCode/gcc-arm-none-eabi/bin/../lib/gcc/arm-none-eabi/4.9.3/armv7-m/crtend.o
 .eh_frame      0x0000000000000000        0x4 /Users/ahesham/research/Bluetooth/boss/uberCode/gcc-arm-none-eabi/bin/../lib/gcc/arm-none-eabi/4.9.3/armv7-m/crtend.o
 .jcr           0x0000000000000000        0x4 /Users/ahesham/research/Bluetooth/boss/uberCode/gcc-arm-none-eabi/bin/../lib/gcc/arm-none-eabi/4.9.3/armv7-m/crtend.o
 .ARM.attributes
                0x0000000000000000       0x2d /Users/ahesham/research/Bluetooth/boss/uberCode/gcc-arm-none-eabi/bin/../lib/gcc/arm-none-eabi/4.9.3/armv7-m/crtend.o
 .text          0x0000000000000000        0x0 /Users/ahesham/research/Bluetooth/boss/uberCode/gcc-arm-none-eabi/bin/../lib/gcc/arm-none-eabi/4.9.3/armv7-m/crtn.o
 .data          0x0000000000000000        0x0 /Users/ahesham/research/Bluetooth/boss/uberCode/gcc-arm-none-eabi/bin/../lib/gcc/arm-none-eabi/4.9.3/armv7-m/crtn.o
 .bss           0x0000000000000000        0x0 /Users/ahesham/research/Bluetooth/boss/uberCode/gcc-arm-none-eabi/bin/../lib/gcc/arm-none-eabi/4.9.3/armv7-m/crtn.o
 .text          0x0000000000000000        0x0 /Users/ahesham/research/Bluetooth/boss/uberCode/gcc-arm-none-eabi/bin/../lib/gcc/arm-none-eabi/4.9.3/../../../../arm-none-eabi/lib/armv7-m/libnosys.a(_exit.o)
 .data          0x0000000000000000        0x0 /Users/ahesham/research/Bluetooth/boss/uberCode/gcc-arm-none-eabi/bin/../lib/gcc/arm-none-eabi/4.9.3/../../../../arm-none-eabi/lib/armv7-m/libnosys.a(_exit.o)
 .bss           0x0000000000000000        0x0 /Users/ahesham/research/Bluetooth/boss/uberCode/gcc-arm-none-eabi/bin/../lib/gcc/arm-none-eabi/4.9.3/../../../../arm-none-eabi/lib/armv7-m/libnosys.a(_exit.o)
 .text._exit    0x0000000000000000        0x4 /Users/ahesham/research/Bluetooth/boss/uberCode/gcc-arm-none-eabi/bin/../lib/gcc/arm-none-eabi/4.9.3/../../../../arm-none-eabi/lib/armv7-m/libnosys.a(_exit.o)
 .debug_frame   0x0000000000000000       0x20 /Users/ahesham/research/Bluetooth/boss/uberCode/gcc-arm-none-eabi/bin/../lib/gcc/arm-none-eabi/4.9.3/../../../../arm-none-eabi/lib/armv7-m/libnosys.a(_exit.o)
 .ARM.attributes
                0x0000000000000000       0x2d /Users/ahesham/research/Bluetooth/boss/uberCode/gcc-arm-none-eabi/bin/../lib/gcc/arm-none-eabi/4.9.3/../../../../arm-none-eabi/lib/armv7-m/libnosys.a(_exit.o)

Memory Configuration

Name             Origin             Length             Attributes
rom              0x0000000000004000 0x000000000001c000 xr
ram              0x0000000010000000 0x0000000000004000 xrw
*default*        0x0000000000000000 0xffffffffffffffff

Linker script and memory map

LOAD /Users/ahesham/research/Bluetooth/boss/uberCode/gcc-arm-none-eabi/bin/../lib/gcc/arm-none-eabi/4.9.3/armv7-m/crti.o
LOAD /Users/ahesham/research/Bluetooth/boss/uberCode/gcc-arm-none-eabi/bin/../lib/gcc/arm-none-eabi/4.9.3/armv7-m/crtbegin.o
LOAD /Users/ahesham/research/Bluetooth/boss/uberCode/gcc-arm-none-eabi/bin/../lib/gcc/arm-none-eabi/4.9.3/../../../../arm-none-eabi/lib/armv7-m/crt0.o
START GROUP
LOAD /Users/ahesham/research/Bluetooth/boss/uberCode/gcc-arm-none-eabi/bin/../lib/gcc/arm-none-eabi/4.9.3/../../../../arm-none-eabi/lib/armv7-m/libc.a
LOAD /Users/ahesham/research/Bluetooth/boss/uberCode/gcc-arm-none-eabi/bin/../lib/gcc/arm-none-eabi/4.9.3/../../../../arm-none-eabi/lib/armv7-m/libg.a
LOAD /Users/ahesham/research/Bluetooth/boss/uberCode/gcc-arm-none-eabi/bin/../lib/gcc/arm-none-eabi/4.9.3/armv7-m/libgcc.a
LOAD /Users/ahesham/research/Bluetooth/boss/uberCode/gcc-arm-none-eabi/bin/../lib/gcc/arm-none-eabi/4.9.3/../../../../arm-none-eabi/lib/armv7-m/libm.a
END GROUP
LOAD usb_test.o
LOAD ../common/usb_serial.o
LOAD ../common/serial_fifo.o
LOAD ../common/LPC17xx_Startup.o
LOAD ../common/LPC17xx_Interrupts.o
LOAD ../common/ubertooth.o
LOAD ../common/lpcusb/target/usbcontrol.o
LOAD ../common/lpcusb/target/usbinit.o
LOAD ../common/lpcusb/target/usbhw_lpc.o
LOAD ../common/lpcusb/target/usbstdreq.o
START GROUP
LOAD /Users/ahesham/research/Bluetooth/boss/uberCode/gcc-arm-none-eabi/bin/../lib/gcc/arm-none-eabi/4.9.3/armv7-m/libgcc.a
LOAD /Users/ahesham/research/Bluetooth/boss/uberCode/gcc-arm-none-eabi/bin/../lib/gcc/arm-none-eabi/4.9.3/../../../../arm-none-eabi/lib/armv7-m/libc.a
END GROUP
LOAD /Users/ahesham/research/Bluetooth/boss/uberCode/gcc-arm-none-eabi/bin/../lib/gcc/arm-none-eabi/4.9.3/armv7-m/crtend.o
LOAD /Users/ahesham/research/Bluetooth/boss/uberCode/gcc-arm-none-eabi/bin/../lib/gcc/arm-none-eabi/4.9.3/armv7-m/crtn.o
START GROUP
LOAD /Users/ahesham/research/Bluetooth/boss/uberCode/gcc-arm-none-eabi/bin/../lib/gcc/arm-none-eabi/4.9.3/armv7-m/libgcc.a
LOAD /Users/ahesham/research/Bluetooth/boss/uberCode/gcc-arm-none-eabi/bin/../lib/gcc/arm-none-eabi/4.9.3/../../../../arm-none-eabi/lib/armv7-m/libc.a
LOAD /Users/ahesham/research/Bluetooth/boss/uberCode/gcc-arm-none-eabi/bin/../lib/gcc/arm-none-eabi/4.9.3/../../../../arm-none-eabi/lib/armv7-m/libm.a
LOAD /Users/ahesham/research/Bluetooth/boss/uberCode/gcc-arm-none-eabi/bin/../lib/gcc/arm-none-eabi/4.9.3/../../../../arm-none-eabi/lib/armv7-m/libnosys.a
END GROUP

.text           0x0000000000004000     0x1100
                0x0000000000004000                . = ALIGN (0x400)
                0x0000000000004000                _interrupt_vector_table = .
 *(.irq_handler_table)
 .irq_handler_table
                0x0000000000004000       0xcc ../common/LPC17xx_Interrupts.o
                0x0000000000004000                _NVIC_Handler_Functions
 *(.text .text.* .gnu.linkonce.t.*)
 .text          0x00000000000040cc       0x5c /Users/ahesham/research/Bluetooth/boss/uberCode/gcc-arm-none-eabi/bin/../lib/gcc/arm-none-eabi/4.9.3/armv7-m/crtbegin.o
 .text.__libc_init_array
                0x0000000000004128       0x50 /Users/ahesham/research/Bluetooth/boss/uberCode/gcc-arm-none-eabi/bin/../lib/gcc/arm-none-eabi/4.9.3/../../../../arm-none-eabi/lib/armv7-m/libc.a(lib_a-init.o)
                0x0000000000004128                __libc_init_array
 .text.startup.register_fini
                0x0000000000004178       0x14 /Users/ahesham/research/Bluetooth/boss/uberCode/gcc-arm-none-eabi/bin/../lib/gcc/arm-none-eabi/4.9.3/../../../../arm-none-eabi/lib/armv7-m/libc.a(lib_a-__call_atexit.o)
 .text.atexit   0x000000000000418c        0xc /Users/ahesham/research/Bluetooth/boss/uberCode/gcc-arm-none-eabi/bin/../lib/gcc/arm-none-eabi/4.9.3/../../../../arm-none-eabi/lib/armv7-m/libc.a(lib_a-atexit.o)
                0x000000000000418c                atexit
 .text.__libc_fini_array
                0x0000000000004198       0x2c /Users/ahesham/research/Bluetooth/boss/uberCode/gcc-arm-none-eabi/bin/../lib/gcc/arm-none-eabi/4.9.3/../../../../arm-none-eabi/lib/armv7-m/libc.a(lib_a-fini.o)
                0x0000000000004198                __libc_fini_array
 .text.__register_exitproc
                0x00000000000041c4       0xa4 /Users/ahesham/research/Bluetooth/boss/uberCode/gcc-arm-none-eabi/bin/../lib/gcc/arm-none-eabi/4.9.3/../../../../arm-none-eabi/lib/armv7-m/libc.a(lib_a-__atexit.o)
                0x00000000000041c4                __register_exitproc
 .text.startup.main
                0x0000000000004268       0x38 usb_test.o
                0x0000000000004268                main
 .text.USBDevIntHandler
                0x00000000000042a0       0x10 ../common/usb_serial.o
 .text.SendNextBulkIn.part.0
                0x00000000000042b0       0x3c ../common/usb_serial.o
 .text.USBFrameHandler
                0x00000000000042ec       0x28 ../common/usb_serial.o
 .text.BulkOut  0x0000000000004314       0x3c ../common/usb_serial.o
 .text.HandleClassRequest
                0x0000000000004350       0x34 ../common/usb_serial.o
 .text.BulkIn   0x0000000000004384       0x14 ../common/usb_serial.o
 .text.VCOM_init
                0x0000000000004398       0x28 ../common/usb_serial.o
                0x0000000000004398                VCOM_init
 .text.VCOM_putchar
                0x00000000000043c0       0x1c ../common/usb_serial.o
                0x00000000000043c0                VCOM_putchar
 .text.VCOM_getchar
                0x00000000000043dc       0x24 ../common/usb_serial.o
                0x00000000000043dc                VCOM_getchar
 .text.USB_IRQHandler
                0x0000000000004400        0x4 ../common/usb_serial.o
                0x0000000000004400                USB_IRQHandler
 .text.usb_serial_init
                0x0000000000004404       0x74 ../common/usb_serial.o
                0x0000000000004404                usb_serial_init
 .text.fifo_init
                0x0000000000004478        0xa ../common/serial_fifo.o
                0x0000000000004478                fifo_init
 *fill*         0x0000000000004482        0x2 
 .text.fifo_put
                0x0000000000004484       0x34 ../common/serial_fifo.o
                0x0000000000004484                fifo_put
 .text.fifo_get
                0x00000000000044b8       0x30 ../common/serial_fifo.o
                0x00000000000044b8                fifo_get
 .text.fifo_avail
                0x00000000000044e8       0x20 ../common/serial_fifo.o
                0x00000000000044e8                fifo_avail
 .text.fifo_free
                0x0000000000004508        0xc ../common/serial_fifo.o
                0x0000000000004508                fifo_free
 .text.Reset_Handler
                0x0000000000004514       0x54 ../common/LPC17xx_Startup.o
                0x0000000000004514                Reset_Handler
 .text.Default_Handler
                0x0000000000004568        0x2 ../common/LPC17xx_Interrupts.o
                0x0000000000004568                ENET_IRQHandler
                0x0000000000004568                DebugMon_Handler
                0x0000000000004568                RIT_IRQHandler
                0x0000000000004568                I2C0_IRQHandler
                0x0000000000004568                HardFault_Handler
                0x0000000000004568                SysTick_Handler
                0x0000000000004568                PWM1_IRQHandler
                0x0000000000004568                PendSV_Handler
                0x0000000000004568                NMI_Handler
                0x0000000000004568                I2C1_IRQHandler
                0x0000000000004568                EINT2_IRQHandler
                0x0000000000004568                UART1_IRQHandler
                0x0000000000004568                EINT3_IRQHandler
                0x0000000000004568                TIMER3_IRQHandler
                0x0000000000004568                UART0_IRQHandler
                0x0000000000004568                MemManagement_Handler
                0x0000000000004568                UsageFault_Handler
                0x0000000000004568                PLL0_IRQHandler
                0x0000000000004568                CAN_IRQHandler
                0x0000000000004568                PLL1_IRQHandler
                0x0000000000004568                SSP0_IRQHandler
                0x0000000000004568                I2S_IRQHandler
                0x0000000000004568                I2C2_IRQHandler
                0x0000000000004568                RTC_IRQHandler
                0x0000000000004568                TIMER0_IRQHandler
                0x0000000000004568                SPI_IRQHandler
                0x0000000000004568                EINT1_IRQHandler
                0x0000000000004568                TIMER1_IRQHandler
                0x0000000000004568                UART2_IRQHandler
                0x0000000000004568                ADC_IRQHandler
                0x0000000000004568                SSP1_IRQHandler
                0x0000000000004568                BOD_IRQHandler
                0x0000000000004568                WDT_IRQHandler
                0x0000000000004568                SVC_Handler
                0x0000000000004568                QEI_IRQHandler
                0x0000000000004568                EINT0_IRQHandler
                0x0000000000004568                USBACT_IRQHandler
                0x0000000000004568                CANACT_IRQHandler
                0x0000000000004568                DMA_IRQHandler
                0x0000000000004568                BusFault_Handler
                0x0000000000004568                UART3_IRQHandler
                0x0000000000004568                MCPWM_IRQHandler
                0x0000000000004568                TIMER2_IRQHandler
 *fill*         0x000000000000456a        0x2 
 .text.wait_us  0x000000000000456c       0x2c ../common/ubertooth.o
                0x000000000000456c                wait_us
 .text.all_pins_off
                0x0000000000004598       0x54 ../common/ubertooth.o
                0x0000000000004598                all_pins_off
 .text.gpio_init
                0x00000000000045ec       0x34 ../common/ubertooth.o
                0x00000000000045ec                gpio_init
 .text.atest_init
                0x0000000000004620       0x34 ../common/ubertooth.o
                0x0000000000004620                atest_init
 .text.cc2400_spi
                0x0000000000004654       0x4c ../common/ubertooth.o
                0x0000000000004654                cc2400_spi
 .text.cc2400_init
                0x00000000000046a0       0x38 ../common/ubertooth.o
                0x00000000000046a0                cc2400_init
 .text.cc2400_get
                0x00000000000046d8       0x12 ../common/ubertooth.o
                0x00000000000046d8                cc2400_get
 .text.cc2400_status
                0x00000000000046ea        0xe ../common/ubertooth.o
                0x00000000000046ea                cc2400_status
 .text.cc2400_strobe
                0x00000000000046f8        0xe ../common/ubertooth.o
                0x00000000000046f8                cc2400_strobe
 .text.cc2400_reset
                0x0000000000004706       0x2c ../common/ubertooth.o
                0x0000000000004706                cc2400_reset
 *fill*         0x0000000000004732        0x2 
 .text.clock_start
                0x0000000000004734      0x13c ../common/ubertooth.o
                0x0000000000004734                clock_start
 .text.ubertooth_init
                0x0000000000004870       0x12 ../common/ubertooth.o
                0x0000000000004870                ubertooth_init
 *fill*         0x0000000000004882        0x2 
 .text.DataIn   0x0000000000004884       0x28 ../common/lpcusb/target/usbcontrol.o
 .text._HandleRequest.constprop.1
                0x00000000000048ac       0x50 ../common/lpcusb/target/usbcontrol.o
 .text.USBHandleControlTransfer
                0x00000000000048fc       0xa8 ../common/lpcusb/target/usbcontrol.o
                0x00000000000048fc                USBHandleControlTransfer
 .text.USBRegisterRequestHandler
                0x00000000000049a4       0x10 ../common/lpcusb/target/usbcontrol.o
                0x00000000000049a4                USBRegisterRequestHandler
 .text.HandleUsbReset
                0x00000000000049b4        0x2 ../common/lpcusb/target/usbinit.o
 *fill*         0x00000000000049b6        0x2 
 .text.USBInit  0x00000000000049b8       0x4c ../common/lpcusb/target/usbinit.o
                0x00000000000049b8                USBInit
 .text.Wait4DevInt
                0x0000000000004a04       0x18 ../common/lpcusb/target/usbhw_lpc.o
 .text.USBHwCmd
                0x0000000000004a1c       0x18 ../common/lpcusb/target/usbhw_lpc.o
 .text.USBHwCmdWrite
                0x0000000000004a34       0x20 ../common/lpcusb/target/usbhw_lpc.o
 .text.USBHwEPConfig
                0x0000000000004a54       0x3c ../common/lpcusb/target/usbhw_lpc.o
                0x0000000000004a54                USBHwEPConfig
 .text.USBHwRegisterEPIntHandler
                0x0000000000004a90       0x34 ../common/lpcusb/target/usbhw_lpc.o
                0x0000000000004a90                USBHwRegisterEPIntHandler
 .text.USBHwRegisterDevIntHandler
                0x0000000000004ac4       0x18 ../common/lpcusb/target/usbhw_lpc.o
                0x0000000000004ac4                USBHwRegisterDevIntHandler
 .text.USBHwRegisterFrameHandler
                0x0000000000004adc       0x18 ../common/lpcusb/target/usbhw_lpc.o
                0x0000000000004adc                USBHwRegisterFrameHandler
 .text.USBHwSetAddress
                0x0000000000004af4        0xa ../common/lpcusb/target/usbhw_lpc.o
                0x0000000000004af4                USBHwSetAddress
 .text.USBHwConnect
                0x0000000000004afe        0xc ../common/lpcusb/target/usbhw_lpc.o
                0x0000000000004afe                USBHwConnect
 .text.USBHwNakIntEnable
                0x0000000000004b0a        0x8 ../common/lpcusb/target/usbhw_lpc.o
                0x0000000000004b0a                USBHwNakIntEnable
 *fill*         0x0000000000004b12        0x2 
 .text.USBHwEPGetStatus
                0x0000000000004b14       0x34 ../common/lpcusb/target/usbhw_lpc.o
                0x0000000000004b14                USBHwEPGetStatus
 .text.USBHwEPStall
                0x0000000000004b48       0x18 ../common/lpcusb/target/usbhw_lpc.o
                0x0000000000004b48                USBHwEPStall
 .text.USBHwEPWrite
                0x0000000000004b60       0x68 ../common/lpcusb/target/usbhw_lpc.o
                0x0000000000004b60                USBHwEPWrite
 .text.USBHwEPRead
                0x0000000000004bc8       0x6c ../common/lpcusb/target/usbhw_lpc.o
                0x0000000000004bc8                USBHwEPRead
 .text.USBHwConfigDevice
                0x0000000000004c34        0xc ../common/lpcusb/target/usbhw_lpc.o
                0x0000000000004c34                USBHwConfigDevice
 .text.USBHwISR
                0x0000000000004c40       0xcc ../common/lpcusb/target/usbhw_lpc.o
                0x0000000000004c40                USBHwISR
 .text.USBHwInit
                0x0000000000004d0c       0xb0 ../common/lpcusb/target/usbhw_lpc.o
                0x0000000000004d0c                USBHwInit
 .text.USBFilterOsVendorMessage
                0x0000000000004dbc       0x68 ../common/lpcusb/target/usbstdreq.o
                0x0000000000004dbc                USBFilterOsVendorMessage
 .text.USBRegisterDescriptors
                0x0000000000004e24        0xc ../common/lpcusb/target/usbstdreq.o
                0x0000000000004e24                USBRegisterDescriptors
 .text.USBGetDescriptor
                0x0000000000004e30       0x58 ../common/lpcusb/target/usbstdreq.o
                0x0000000000004e30                USBGetDescriptor
 .text.USBHandleStandardRequest
                0x0000000000004e88      0x138 ../common/lpcusb/target/usbstdreq.o
                0x0000000000004e88                USBHandleStandardRequest
 .text          0x0000000000004fc0       0xec /Users/ahesham/research/Bluetooth/boss/uberCode/gcc-arm-none-eabi/bin/../lib/gcc/arm-none-eabi/4.9.3/../../../../arm-none-eabi/lib/armv7-m/libc.a(lib_a-memcpy.o)
                0x0000000000004fc0                memcpy
 *(.rodata .rodata.* .gnu.linkonce.r.*)
 .rodata.str1.4
                0x00000000000050ac        0x4 /Users/ahesham/research/Bluetooth/boss/uberCode/gcc-arm-none-eabi/bin/../lib/gcc/arm-none-eabi/4.9.3/../../../../arm-none-eabi/lib/armv7-m/libc.a(lib_a-impure.o)
 .rodata._global_impure_ptr
                0x00000000000050b0        0x4 /Users/ahesham/research/Bluetooth/boss/uberCode/gcc-arm-none-eabi/bin/../lib/gcc/arm-none-eabi/4.9.3/../../../../arm-none-eabi/lib/armv7-m/libc.a(lib_a-impure.o)
                0x00000000000050b0                _global_impure_ptr
 .rodata        0x00000000000050b4       0x28 ../common/lpcusb/target/usbstdreq.o
 *(.eh_frame_hdr)
 *(.eh_frame)
 .eh_frame      0x00000000000050dc        0x0 /Users/ahesham/research/Bluetooth/boss/uberCode/gcc-arm-none-eabi/bin/../lib/gcc/arm-none-eabi/4.9.3/armv7-m/crtbegin.o
                0x00000000000050dc                . = ALIGN (0x4)
 *(.init)
 .init          0x00000000000050dc        0x4 /Users/ahesham/research/Bluetooth/boss/uberCode/gcc-arm-none-eabi/bin/../lib/gcc/arm-none-eabi/4.9.3/armv7-m/crti.o
                0x00000000000050dc                _init
 .init          0x00000000000050e0        0x8 /Users/ahesham/research/Bluetooth/boss/uberCode/gcc-arm-none-eabi/bin/../lib/gcc/arm-none-eabi/4.9.3/armv7-m/crtn.o
                0x00000000000050e8                . = ALIGN (0x4)
                0x00000000000050e8                __preinit_array_start = .
 *(.preinit_array)
                0x00000000000050e8                __preinit_array_end = .
                0x00000000000050e8                . = ALIGN (0x4)
                0x00000000000050e8                __init_array_start = .
 *(SORT(.init_array.*))
 .init_array.00000
                0x00000000000050e8        0x4 /Users/ahesham/research/Bluetooth/boss/uberCode/gcc-arm-none-eabi/bin/../lib/gcc/arm-none-eabi/4.9.3/../../../../arm-none-eabi/lib/armv7-m/libc.a(lib_a-__call_atexit.o)
 *(.init_array)
 .init_array    0x00000000000050ec        0x4 /Users/ahesham/research/Bluetooth/boss/uberCode/gcc-arm-none-eabi/bin/../lib/gcc/arm-none-eabi/4.9.3/armv7-m/crtbegin.o
                0x00000000000050f0                __init_array_end = .
                0x00000000000050f0                . = ALIGN (0x4)
 *crtbegin.o(.ctors)
 *(EXCLUDE_FILE(*crtend.o) .ctors)
 *(SORT(.ctors.*))
 *crtend.o(.ctors)
                0x00000000000050f0                . = ALIGN (0x4)
 *(.fini)
 .fini          0x00000000000050f0        0x4 /Users/ahesham/research/Bluetooth/boss/uberCode/gcc-arm-none-eabi/bin/../lib/gcc/arm-none-eabi/4.9.3/armv7-m/crti.o
                0x00000000000050f0                _fini
 .fini          0x00000000000050f4        0x8 /Users/ahesham/research/Bluetooth/boss/uberCode/gcc-arm-none-eabi/bin/../lib/gcc/arm-none-eabi/4.9.3/armv7-m/crtn.o
                0x00000000000050fc                . = ALIGN (0x4)
                0x00000000000050fc                __fini_array_start = .
 *(.fini_array)
 .fini_array    0x00000000000050fc        0x4 /Users/ahesham/research/Bluetooth/boss/uberCode/gcc-arm-none-eabi/bin/../lib/gcc/arm-none-eabi/4.9.3/armv7-m/crtbegin.o
 *(SORT(.fini_array.*))
                0x0000000000005100                __fini_array_end = .
 *crtbegin.o(.dtors)
 *(EXCLUDE_FILE(*crtend.o) .dtors)
 *(SORT(.dtors.*))
 *crtend.o(.dtors)
                0x0000000000005100                . = ALIGN (0x8)
                0x0000000000005100                _etext = .

.glue_7         0x0000000000005100        0x0
 .glue_7        0x0000000000000000        0x0 linker stubs

.glue_7t        0x0000000000005100        0x0
 .glue_7t       0x0000000000000000        0x0 linker stubs

.vfp11_veneer   0x0000000000005100        0x0
 .vfp11_veneer  0x0000000000000000        0x0 linker stubs

.v4_bx          0x0000000000005100        0x0
 .v4_bx         0x0000000000000000        0x0 linker stubs

.iplt           0x0000000000005100        0x0
 .iplt          0x0000000000000000        0x0 /Users/ahesham/research/Bluetooth/boss/uberCode/gcc-arm-none-eabi/bin/../lib/gcc/arm-none-eabi/4.9.3/armv7-m/crtbegin.o

.rel.dyn        0x0000000000005100        0x0
 .rel.iplt      0x0000000000000000        0x0 /Users/ahesham/research/Bluetooth/boss/uberCode/gcc-arm-none-eabi/bin/../lib/gcc/arm-none-eabi/4.9.3/armv7-m/crtbegin.o

.ARM.extab
 *(.ARM.extab* .gnu.linkonce.armextab.*)
                0x0000000000005100                __exidx_start = .

.ARM.exidx
 *(.ARM.exidx* .gnu.linkonce.armexidx.*)
                0x0000000000005100                __exidx_end = .
                0x0000000000005100                _etext = .

.persistent     0x0000000010000000       0x20
                0x0000000010000000                _persistent_start = .
                0x0000000010000020                . = (. + 0x20)
 *fill*         0x0000000010000000       0x20 
                0x0000000010000020                _persistent_end = .
                0x000000001000001c                bootloader_ctrl = (_persistent_start + 0x1c)

.data           0x0000000010000020      0x5a8 load address 0x0000000000005100
                0x0000000010000020                _data = .
 *(vtable)
 *(.data*)
 .data.impure_data
                0x0000000010000020      0x428 /Users/ahesham/research/Bluetooth/boss/uberCode/gcc-arm-none-eabi/bin/../lib/gcc/arm-none-eabi/4.9.3/../../../../arm-none-eabi/lib/armv7-m/libc.a(lib_a-impure.o)
 .data          0x0000000010000448       0xdc ../common/usb_serial.o
 .data          0x0000000010000524       0xa4 ../common/lpcusb/target/usbstdreq.o
                0x00000000100005c8                _edata = .

.jcr            0x00000000100005c8        0x0 load address 0x00000000000056a8
 .jcr           0x00000000100005c8        0x0 /Users/ahesham/research/Bluetooth/boss/uberCode/gcc-arm-none-eabi/bin/../lib/gcc/arm-none-eabi/4.9.3/armv7-m/crtbegin.o

.igot.plt       0x00000000100005c8        0x0 load address 0x00000000000056a8
 .igot.plt      0x0000000000000000        0x0 /Users/ahesham/research/Bluetooth/boss/uberCode/gcc-arm-none-eabi/bin/../lib/gcc/arm-none-eabi/4.9.3/armv7-m/crtbegin.o

.bss            0x00000000100005c8      0x220 load address 0x00000000000056a8
                0x00000000100005c8                _bss = .
                0x00000000100005c8                __bss_start__ = .
 *(.bss*)
 .bss           0x00000000100005c8       0x1c /Users/ahesham/research/Bluetooth/boss/uberCode/gcc-arm-none-eabi/bin/../lib/gcc/arm-none-eabi/4.9.3/armv7-m/crtbegin.o
 .bss           0x00000000100005e4      0x168 ../common/usb_serial.o
 .bss           0x000000001000074c        0x8 ../common/ubertooth.o
 .bss           0x0000000010000754       0x34 ../common/lpcusb/target/usbcontrol.o
 .bss           0x0000000010000788        0x8 ../common/lpcusb/target/usbinit.o
 .bss           0x0000000010000790       0x48 ../common/lpcusb/target/usbhw_lpc.o
 .bss           0x00000000100007d8       0x10 ../common/lpcusb/target/usbstdreq.o
 *(COMMON)
                0x00000000100007e8                _ebss = .
                0x00000000100007e8                __bss_end__ = .

.cr_heap        0x00000000100007e8        0x0 load address 0x00000000000056a8
                0x00000000100007e8                end = .
                0x00000000100007e8                __end__ = .
                0x00000000100007e8                _pvHeapStart = .
                0x0000000010003fe0                _StackTop = ((ORIGIN (ram) + 0x4000) - 0x20)
OUTPUT(usb_test.elf elf32-littlearm)

.ARM.attributes
                0x0000000000000000       0x29
 .ARM.attributes
                0x0000000000000000       0x1d /Users/ahesham/research/Bluetooth/boss/uberCode/gcc-arm-none-eabi/bin/../lib/gcc/arm-none-eabi/4.9.3/armv7-m/crti.o
 .ARM.attributes
                0x000000000000001d       0x2d /Users/ahesham/research/Bluetooth/boss/uberCode/gcc-arm-none-eabi/bin/../lib/gcc/arm-none-eabi/4.9.3/armv7-m/crtbegin.o
 .ARM.attributes
                0x000000000000004a       0x2d /Users/ahesham/research/Bluetooth/boss/uberCode/gcc-arm-none-eabi/bin/../lib/gcc/arm-none-eabi/4.9.3/../../../../arm-none-eabi/lib/armv7-m/libc.a(lib_a-impure.o)
 .ARM.attributes
                0x0000000000000077       0x2d /Users/ahesham/research/Bluetooth/boss/uberCode/gcc-arm-none-eabi/bin/../lib/gcc/arm-none-eabi/4.9.3/../../../../arm-none-eabi/lib/armv7-m/libc.a(lib_a-init.o)
 .ARM.attributes
                0x00000000000000a4       0x2d /Users/ahesham/research/Bluetooth/boss/uberCode/gcc-arm-none-eabi/bin/../lib/gcc/arm-none-eabi/4.9.3/../../../../arm-none-eabi/lib/armv7-m/libc.a(lib_a-__call_atexit.o)
 .ARM.attributes
                0x00000000000000d1       0x2d /Users/ahesham/research/Bluetooth/boss/uberCode/gcc-arm-none-eabi/bin/../lib/gcc/arm-none-eabi/4.9.3/../../../../arm-none-eabi/lib/armv7-m/libc.a(lib_a-atexit.o)
 .ARM.attributes
                0x00000000000000fe       0x2d /Users/ahesham/research/Bluetooth/boss/uberCode/gcc-arm-none-eabi/bin/../lib/gcc/arm-none-eabi/4.9.3/../../../../arm-none-eabi/lib/armv7-m/libc.a(lib_a-fini.o)
 .ARM.attributes
                0x000000000000012b       0x2d /Users/ahesham/research/Bluetooth/boss/uberCode/gcc-arm-none-eabi/bin/../lib/gcc/arm-none-eabi/4.9.3/../../../../arm-none-eabi/lib/armv7-m/libc.a(lib_a-__atexit.o)
 .ARM.attributes
                0x0000000000000158       0x33 usb_test.o
 .ARM.attributes
                0x000000000000018b       0x33 ../common/usb_serial.o
 .ARM.attributes
                0x00000000000001be       0x33 ../common/serial_fifo.o
 .ARM.attributes
                0x00000000000001f1       0x33 ../common/LPC17xx_Startup.o
 .ARM.attributes
                0x0000000000000224       0x33 ../common/LPC17xx_Interrupts.o
 .ARM.attributes
                0x0000000000000257       0x33 ../common/ubertooth.o
 .ARM.attributes
                0x000000000000028a       0x33 ../common/lpcusb/target/usbcontrol.o
 .ARM.attributes
                0x00000000000002bd       0x33 ../common/lpcusb/target/usbinit.o
 .ARM.attributes
                0x00000000000002f0       0x33 ../common/lpcusb/target/usbhw_lpc.o
 .ARM.attributes
                0x0000000000000323       0x33 ../common/lpcusb/target/usbstdreq.o
 .ARM.attributes
                0x0000000000000356       0x1b /Users/ahesham/research/Bluetooth/boss/uberCode/gcc-arm-none-eabi/bin/../lib/gcc/arm-none-eabi/4.9.3/../../../../arm-none-eabi/lib/armv7-m/libc.a(lib_a-memcpy.o)
 .ARM.attributes
                0x0000000000000371       0x1d /Users/ahesham/research/Bluetooth/boss/uberCode/gcc-arm-none-eabi/bin/../lib/gcc/arm-none-eabi/4.9.3/armv7-m/crtn.o

.comment        0x0000000000000000       0x70
 .comment       0x0000000000000000       0x70 usb_test.o
                                         0x71 (size before relaxing)
 .comment       0x0000000000000000       0x71 ../common/usb_serial.o
 .comment       0x0000000000000000       0x71 ../common/serial_fifo.o
 .comment       0x0000000000000000       0x71 ../common/LPC17xx_Startup.o
 .comment       0x0000000000000000       0x71 ../common/LPC17xx_Interrupts.o
 .comment       0x0000000000000000       0x71 ../common/ubertooth.o
 .comment       0x0000000000000000       0x71 ../common/lpcusb/target/usbcontrol.o
 .comment       0x0000000000000000       0x71 ../common/lpcusb/target/usbinit.o
 .comment       0x0000000000000000       0x71 ../common/lpcusb/target/usbhw_lpc.o
 .comment       0x0000000000000000       0x71 ../common/lpcusb/target/usbstdreq.o

.debug_frame    0x0000000000000000      0xa28
 .debug_frame   0x0000000000000000       0x2c /Users/ahesham/research/Bluetooth/boss/uberCode/gcc-arm-none-eabi/bin/../lib/gcc/arm-none-eabi/4.9.3/../../../../arm-none-eabi/lib/armv7-m/libc.a(lib_a-init.o)
 .debug_frame   0x000000000000002c       0x50 /Users/ahesham/research/Bluetooth/boss/uberCode/gcc-arm-none-eabi/bin/../lib/gcc/arm-none-eabi/4.9.3/../../../../arm-none-eabi/lib/armv7-m/libc.a(lib_a-__call_atexit.o)
 .debug_frame   0x000000000000007c       0x20 /Users/ahesham/research/Bluetooth/boss/uberCode/gcc-arm-none-eabi/bin/../lib/gcc/arm-none-eabi/4.9.3/../../../../arm-none-eabi/lib/armv7-m/libc.a(lib_a-atexit.o)
 .debug_frame   0x000000000000009c       0x34 /Users/ahesham/research/Bluetooth/boss/uberCode/gcc-arm-none-eabi/bin/../lib/gcc/arm-none-eabi/4.9.3/../../../../arm-none-eabi/lib/armv7-m/libc.a(lib_a-fini.o)
 .debug_frame   0x00000000000000d0       0x34 /Users/ahesham/research/Bluetooth/boss/uberCode/gcc-arm-none-eabi/bin/../lib/gcc/arm-none-eabi/4.9.3/../../../../arm-none-eabi/lib/armv7-m/libc.a(lib_a-__atexit.o)
 .debug_frame   0x0000000000000104       0x2c usb_test.o
 .debug_frame   0x0000000000000130      0x140 ../common/usb_serial.o
 .debug_frame   0x0000000000000270       0x78 ../common/serial_fifo.o
 .debug_frame   0x00000000000002e8       0x2c ../common/LPC17xx_Startup.o
 .debug_frame   0x0000000000000314       0x20 ../common/LPC17xx_Interrupts.o
 .debug_frame   0x0000000000000334      0x314 ../common/ubertooth.o
 .debug_frame   0x0000000000000648       0x9c ../common/lpcusb/target/usbcontrol.o
 .debug_frame   0x00000000000006e4       0x3c ../common/lpcusb/target/usbinit.o
 .debug_frame   0x0000000000000720      0x230 ../common/lpcusb/target/usbhw_lpc.o
 .debug_frame   0x0000000000000950       0xd8 ../common/lpcusb/target/usbstdreq.o

.debug_info     0x0000000000000000     0x319e
 .debug_info    0x0000000000000000       0xf4 usb_test.o
 .debug_info    0x00000000000000f4      0x9b9 ../common/usb_serial.o
 .debug_info    0x0000000000000aad      0x1af ../common/serial_fifo.o
 .debug_info    0x0000000000000c5c      0x117 ../common/LPC17xx_Startup.o
 .debug_info    0x0000000000000d73       0x7d ../common/LPC17xx_Interrupts.o
 .debug_info    0x0000000000000df0      0xa96 ../common/ubertooth.o
 .debug_info    0x0000000000001886      0x481 ../common/lpcusb/target/usbcontrol.o
 .debug_info    0x0000000000001d07      0x297 ../common/lpcusb/target/usbinit.o
 .debug_info    0x0000000000001f9e      0xab3 ../common/lpcusb/target/usbhw_lpc.o
 .debug_info    0x0000000000002a51      0x74d ../common/lpcusb/target/usbstdreq.o

.debug_abbrev   0x0000000000000000     0x1201
 .debug_abbrev  0x0000000000000000       0xba usb_test.o
 .debug_abbrev  0x00000000000000ba      0x2fa ../common/usb_serial.o
 .debug_abbrev  0x00000000000003b4      0x12a ../common/serial_fifo.o
 .debug_abbrev  0x00000000000004de       0xb8 ../common/LPC17xx_Startup.o
 .debug_abbrev  0x0000000000000596       0x80 ../common/LPC17xx_Interrupts.o
 .debug_abbrev  0x0000000000000616      0x2df ../common/ubertooth.o
 .debug_abbrev  0x00000000000008f5      0x24b ../common/lpcusb/target/usbcontrol.o
 .debug_abbrev  0x0000000000000b40      0x13d ../common/lpcusb/target/usbinit.o
 .debug_abbrev  0x0000000000000c7d      0x2ac ../common/lpcusb/target/usbhw_lpc.o
 .debug_abbrev  0x0000000000000f29      0x2d8 ../common/lpcusb/target/usbstdreq.o

.debug_loc      0x0000000000000000     0x1aa9
 .debug_loc     0x0000000000000000       0x13 usb_test.o
 .debug_loc     0x0000000000000013      0x321 ../common/usb_serial.o
 .debug_loc     0x0000000000000334       0xcd ../common/serial_fifo.o
 .debug_loc     0x0000000000000401       0x56 ../common/LPC17xx_Startup.o
 .debug_loc     0x0000000000000457      0x61a ../common/ubertooth.o
 .debug_loc     0x0000000000000a71      0x169 ../common/lpcusb/target/usbcontrol.o
 .debug_loc     0x0000000000000bda      0x7df ../common/lpcusb/target/usbhw_lpc.o
 .debug_loc     0x00000000000013b9      0x6f0 ../common/lpcusb/target/usbstdreq.o

.debug_aranges  0x0000000000000000      0x3a0
 .debug_aranges
                0x0000000000000000       0x20 usb_test.o
 .debug_aranges
                0x0000000000000020       0x70 ../common/usb_serial.o
 .debug_aranges
                0x0000000000000090       0x40 ../common/serial_fifo.o
 .debug_aranges
                0x00000000000000d0       0x20 ../common/LPC17xx_Startup.o
 .debug_aranges
                0x00000000000000f0       0x20 ../common/LPC17xx_Interrupts.o
 .debug_aranges
                0x0000000000000110      0x108 ../common/ubertooth.o
 .debug_aranges
                0x0000000000000218       0x38 ../common/lpcusb/target/usbcontrol.o
 .debug_aranges
                0x0000000000000250       0x28 ../common/lpcusb/target/usbinit.o
 .debug_aranges
                0x0000000000000278       0xd8 ../common/lpcusb/target/usbhw_lpc.o
 .debug_aranges
                0x0000000000000350       0x50 ../common/lpcusb/target/usbstdreq.o

.debug_ranges   0x0000000000000000      0x3a8
 .debug_ranges  0x0000000000000000       0x10 usb_test.o
 .debug_ranges  0x0000000000000010       0x78 ../common/usb_serial.o
 .debug_ranges  0x0000000000000088       0x30 ../common/serial_fifo.o
 .debug_ranges  0x00000000000000b8       0x10 ../common/LPC17xx_Startup.o
 .debug_ranges  0x00000000000000c8       0x10 ../common/LPC17xx_Interrupts.o
 .debug_ranges  0x00000000000000d8      0x128 ../common/ubertooth.o
 .debug_ranges  0x0000000000000200       0x28 ../common/lpcusb/target/usbcontrol.o
 .debug_ranges  0x0000000000000228       0x18 ../common/lpcusb/target/usbinit.o
 .debug_ranges  0x0000000000000240       0xe0 ../common/lpcusb/target/usbhw_lpc.o
 .debug_ranges  0x0000000000000320       0x88 ../common/lpcusb/target/usbstdreq.o

.debug_line     0x0000000000000000     0x10bf
 .debug_line    0x0000000000000000       0xe1 usb_test.o
 .debug_line    0x00000000000000e1      0x283 ../common/usb_serial.o
 .debug_line    0x0000000000000364       0xd5 ../common/serial_fifo.o
 .debug_line    0x0000000000000439       0xd1 ../common/LPC17xx_Startup.o
 .debug_line    0x000000000000050a       0x53 ../common/LPC17xx_Interrupts.o
 .debug_line    0x000000000000055d      0x47b ../common/ubertooth.o
 .debug_line    0x00000000000009d8       0xef ../common/lpcusb/target/usbcontrol.o
 .debug_line    0x0000000000000ac7       0xa0 ../common/lpcusb/target/usbinit.o
 .debug_line    0x0000000000000b67      0x3b1 ../common/lpcusb/target/usbhw_lpc.o
 .debug_line    0x0000000000000f18      0x1a7 ../common/lpcusb/target/usbstdreq.o

.debug_str      0x0000000000000000      0xef4
 .debug_str     0x0000000000000000      0x20f usb_test.o
                                        0x243 (size before relaxing)
 .debug_str     0x000000000000020f      0x317 ../common/usb_serial.o
                                        0x519 (size before relaxing)
 .debug_str     0x0000000000000526       0x1d ../common/serial_fifo.o
                                        0x201 (size before relaxing)
 .debug_str     0x0000000000000543       0xc2 ../common/LPC17xx_Startup.o
                                        0x26c (size before relaxing)
 .debug_str     0x0000000000000605       0x51 ../common/LPC17xx_Interrupts.o
                                        0x1ce (size before relaxing)
 .debug_str     0x0000000000000656      0x1d6 ../common/ubertooth.o
                                        0x3ed (size before relaxing)
 .debug_str     0x000000000000082c       0xdf ../common/lpcusb/target/usbcontrol.o
                                        0x336 (size before relaxing)
 .debug_str     0x000000000000090b       0x56 ../common/lpcusb/target/usbinit.o
                                        0x2ca (size before relaxing)
 .debug_str     0x0000000000000961      0x316 ../common/lpcusb/target/usbhw_lpc.o
                                        0x614 (size before relaxing)
 .debug_str     0x0000000000000c77      0x27d ../common/lpcusb/target/usbstdreq.o
                                        0x518 (size before relaxing)
