Archive member included because of file (symbol)

/Users/ahesham/research/Bluetooth/boss/uberCode/gcc-arm-none-eabi/bin/../lib/gcc/arm-none-eabi/4.9.3/../../../../arm-none-eabi/lib/armv7-m/libc.a(lib_a-exit.o)
                              /Users/ahesham/research/Bluetooth/boss/uberCode/gcc-arm-none-eabi/bin/../lib/gcc/arm-none-eabi/4.9.3/../../../../arm-none-eabi/lib/armv7-m/crt0.o (exit)
/Users/ahesham/research/Bluetooth/boss/uberCode/gcc-arm-none-eabi/bin/../lib/gcc/arm-none-eabi/4.9.3/../../../../arm-none-eabi/lib/armv7-m/libc.a(lib_a-impure.o)
                              /Users/ahesham/research/Bluetooth/boss/uberCode/gcc-arm-none-eabi/bin/../lib/gcc/arm-none-eabi/4.9.3/../../../../arm-none-eabi/lib/armv7-m/libc.a(lib_a-exit.o) (_global_impure_ptr)
/Users/ahesham/research/Bluetooth/boss/uberCode/gcc-arm-none-eabi/bin/../lib/gcc/arm-none-eabi/4.9.3/../../../../arm-none-eabi/lib/armv7-m/libc.a(lib_a-init.o)
                              /Users/ahesham/research/Bluetooth/boss/uberCode/gcc-arm-none-eabi/bin/../lib/gcc/arm-none-eabi/4.9.3/../../../../arm-none-eabi/lib/armv7-m/crt0.o (__libc_init_array)
/Users/ahesham/research/Bluetooth/boss/uberCode/gcc-arm-none-eabi/bin/../lib/gcc/arm-none-eabi/4.9.3/../../../../arm-none-eabi/lib/armv7-m/libc.a(lib_a-memset.o)
                              /Users/ahesham/research/Bluetooth/boss/uberCode/gcc-arm-none-eabi/bin/../lib/gcc/arm-none-eabi/4.9.3/../../../../arm-none-eabi/lib/armv7-m/crt0.o (memset)
/Users/ahesham/research/Bluetooth/boss/uberCode/gcc-arm-none-eabi/bin/../lib/gcc/arm-none-eabi/4.9.3/../../../../arm-none-eabi/lib/armv7-m/libc.a(lib_a-__call_atexit.o)
                              /Users/ahesham/research/Bluetooth/boss/uberCode/gcc-arm-none-eabi/bin/../lib/gcc/arm-none-eabi/4.9.3/../../../../arm-none-eabi/lib/armv7-m/libc.a(lib_a-exit.o) (__call_exitprocs)
/Users/ahesham/research/Bluetooth/boss/uberCode/gcc-arm-none-eabi/bin/../lib/gcc/arm-none-eabi/4.9.3/../../../../arm-none-eabi/lib/armv7-m/libc.a(lib_a-atexit.o)
                              /Users/ahesham/research/Bluetooth/boss/uberCode/gcc-arm-none-eabi/bin/../lib/gcc/arm-none-eabi/4.9.3/../../../../arm-none-eabi/lib/armv7-m/libc.a(lib_a-__call_atexit.o) (atexit)
/Users/ahesham/research/Bluetooth/boss/uberCode/gcc-arm-none-eabi/bin/../lib/gcc/arm-none-eabi/4.9.3/../../../../arm-none-eabi/lib/armv7-m/libc.a(lib_a-fini.o)
                              /Users/ahesham/research/Bluetooth/boss/uberCode/gcc-arm-none-eabi/bin/../lib/gcc/arm-none-eabi/4.9.3/../../../../arm-none-eabi/lib/armv7-m/libc.a(lib_a-__call_atexit.o) (__libc_fini_array)
/Users/ahesham/research/Bluetooth/boss/uberCode/gcc-arm-none-eabi/bin/../lib/gcc/arm-none-eabi/4.9.3/../../../../arm-none-eabi/lib/armv7-m/libc.a(lib_a-__atexit.o)
                              /Users/ahesham/research/Bluetooth/boss/uberCode/gcc-arm-none-eabi/bin/../lib/gcc/arm-none-eabi/4.9.3/../../../../arm-none-eabi/lib/armv7-m/libc.a(lib_a-atexit.o) (__register_exitproc)
/Users/ahesham/research/Bluetooth/boss/uberCode/gcc-arm-none-eabi/bin/../lib/gcc/arm-none-eabi/4.9.3/../../../../arm-none-eabi/lib/armv7-m/libc.a(lib_a-memcpy.o)
                              assembly_test.o (memcpy)
/Users/ahesham/research/Bluetooth/boss/uberCode/gcc-arm-none-eabi/bin/../lib/gcc/arm-none-eabi/4.9.3/../../../../arm-none-eabi/lib/armv7-m/libc.a(lib_a-strlen.o)
                              assembly_test.o (strlen)
/Users/ahesham/research/Bluetooth/boss/uberCode/gcc-arm-none-eabi/bin/../lib/gcc/arm-none-eabi/4.9.3/../../../../arm-none-eabi/lib/armv7-m/libnosys.a(_exit.o)
                              /Users/ahesham/research/Bluetooth/boss/uberCode/gcc-arm-none-eabi/bin/../lib/gcc/arm-none-eabi/4.9.3/../../../../arm-none-eabi/lib/armv7-m/libc.a(lib_a-exit.o) (_exit)

Allocating common symbols
Common symbol       size              file

rx_tc               0x4               assembly_test.o
rx_dma_lli2         0x10              assembly_test.o
clkn_high           0x1               assembly_test.o
fifo                0x2000            assembly_test.o
rxbuf2              0x32              assembly_test.o
rx_dma_lli1         0x10              assembly_test.o
rr                  0x5               assembly_test.o
rxbuf1              0x32              assembly_test.o
rx_err              0x4               assembly_test.o

Discarded input sections

 .text          0x0000000000000000        0x0 /Users/ahesham/research/Bluetooth/boss/uberCode/gcc-arm-none-eabi/bin/../lib/gcc/arm-none-eabi/4.9.3/armv7-m/crti.o
 .data          0x0000000000000000        0x0 /Users/ahesham/research/Bluetooth/boss/uberCode/gcc-arm-none-eabi/bin/../lib/gcc/arm-none-eabi/4.9.3/armv7-m/crti.o
 .bss           0x0000000000000000        0x0 /Users/ahesham/research/Bluetooth/boss/uberCode/gcc-arm-none-eabi/bin/../lib/gcc/arm-none-eabi/4.9.3/armv7-m/crti.o
 .data          0x0000000000000000        0x4 /Users/ahesham/research/Bluetooth/boss/uberCode/gcc-arm-none-eabi/bin/../lib/gcc/arm-none-eabi/4.9.3/armv7-m/crtbegin.o
 .text          0x0000000000000000       0x74 /Users/ahesham/research/Bluetooth/boss/uberCode/gcc-arm-none-eabi/bin/../lib/gcc/arm-none-eabi/4.9.3/../../../../arm-none-eabi/lib/armv7-m/crt0.o
 .data          0x0000000000000000        0x0 /Users/ahesham/research/Bluetooth/boss/uberCode/gcc-arm-none-eabi/bin/../lib/gcc/arm-none-eabi/4.9.3/../../../../arm-none-eabi/lib/armv7-m/crt0.o
 .bss           0x0000000000000000        0x0 /Users/ahesham/research/Bluetooth/boss/uberCode/gcc-arm-none-eabi/bin/../lib/gcc/arm-none-eabi/4.9.3/../../../../arm-none-eabi/lib/armv7-m/crt0.o
 .ARM.extab     0x0000000000000000        0x0 /Users/ahesham/research/Bluetooth/boss/uberCode/gcc-arm-none-eabi/bin/../lib/gcc/arm-none-eabi/4.9.3/../../../../arm-none-eabi/lib/armv7-m/crt0.o
 .ARM.exidx     0x0000000000000000        0x8 /Users/ahesham/research/Bluetooth/boss/uberCode/gcc-arm-none-eabi/bin/../lib/gcc/arm-none-eabi/4.9.3/../../../../arm-none-eabi/lib/armv7-m/crt0.o
 .ARM.attributes
                0x0000000000000000       0x1b /Users/ahesham/research/Bluetooth/boss/uberCode/gcc-arm-none-eabi/bin/../lib/gcc/arm-none-eabi/4.9.3/../../../../arm-none-eabi/lib/armv7-m/crt0.o
 .text          0x0000000000000000        0x0 /Users/ahesham/research/Bluetooth/boss/uberCode/gcc-arm-none-eabi/bin/../lib/gcc/arm-none-eabi/4.9.3/../../../../arm-none-eabi/lib/armv7-m/libc.a(lib_a-exit.o)
 .data          0x0000000000000000        0x0 /Users/ahesham/research/Bluetooth/boss/uberCode/gcc-arm-none-eabi/bin/../lib/gcc/arm-none-eabi/4.9.3/../../../../arm-none-eabi/lib/armv7-m/libc.a(lib_a-exit.o)
 .bss           0x0000000000000000        0x0 /Users/ahesham/research/Bluetooth/boss/uberCode/gcc-arm-none-eabi/bin/../lib/gcc/arm-none-eabi/4.9.3/../../../../arm-none-eabi/lib/armv7-m/libc.a(lib_a-exit.o)
 .text.exit     0x0000000000000000       0x20 /Users/ahesham/research/Bluetooth/boss/uberCode/gcc-arm-none-eabi/bin/../lib/gcc/arm-none-eabi/4.9.3/../../../../arm-none-eabi/lib/armv7-m/libc.a(lib_a-exit.o)
 .debug_frame   0x0000000000000000       0x28 /Users/ahesham/research/Bluetooth/boss/uberCode/gcc-arm-none-eabi/bin/../lib/gcc/arm-none-eabi/4.9.3/../../../../arm-none-eabi/lib/armv7-m/libc.a(lib_a-exit.o)
 .ARM.attributes
                0x0000000000000000       0x2d /Users/ahesham/research/Bluetooth/boss/uberCode/gcc-arm-none-eabi/bin/../lib/gcc/arm-none-eabi/4.9.3/../../../../arm-none-eabi/lib/armv7-m/libc.a(lib_a-exit.o)
 .text          0x0000000000000000        0x0 /Users/ahesham/research/Bluetooth/boss/uberCode/gcc-arm-none-eabi/bin/../lib/gcc/arm-none-eabi/4.9.3/../../../../arm-none-eabi/lib/armv7-m/libc.a(lib_a-impure.o)
 .data          0x0000000000000000        0x0 /Users/ahesham/research/Bluetooth/boss/uberCode/gcc-arm-none-eabi/bin/../lib/gcc/arm-none-eabi/4.9.3/../../../../arm-none-eabi/lib/armv7-m/libc.a(lib_a-impure.o)
 .bss           0x0000000000000000        0x0 /Users/ahesham/research/Bluetooth/boss/uberCode/gcc-arm-none-eabi/bin/../lib/gcc/arm-none-eabi/4.9.3/../../../../arm-none-eabi/lib/armv7-m/libc.a(lib_a-impure.o)
 .data._impure_ptr
                0x0000000000000000        0x4 /Users/ahesham/research/Bluetooth/boss/uberCode/gcc-arm-none-eabi/bin/../lib/gcc/arm-none-eabi/4.9.3/../../../../arm-none-eabi/lib/armv7-m/libc.a(lib_a-impure.o)
 .text          0x0000000000000000        0x0 /Users/ahesham/research/Bluetooth/boss/uberCode/gcc-arm-none-eabi/bin/../lib/gcc/arm-none-eabi/4.9.3/../../../../arm-none-eabi/lib/armv7-m/libc.a(lib_a-init.o)
 .data          0x0000000000000000        0x0 /Users/ahesham/research/Bluetooth/boss/uberCode/gcc-arm-none-eabi/bin/../lib/gcc/arm-none-eabi/4.9.3/../../../../arm-none-eabi/lib/armv7-m/libc.a(lib_a-init.o)
 .bss           0x0000000000000000        0x0 /Users/ahesham/research/Bluetooth/boss/uberCode/gcc-arm-none-eabi/bin/../lib/gcc/arm-none-eabi/4.9.3/../../../../arm-none-eabi/lib/armv7-m/libc.a(lib_a-init.o)
 .text          0x0000000000000000        0x0 /Users/ahesham/research/Bluetooth/boss/uberCode/gcc-arm-none-eabi/bin/../lib/gcc/arm-none-eabi/4.9.3/../../../../arm-none-eabi/lib/armv7-m/libc.a(lib_a-memset.o)
 .data          0x0000000000000000        0x0 /Users/ahesham/research/Bluetooth/boss/uberCode/gcc-arm-none-eabi/bin/../lib/gcc/arm-none-eabi/4.9.3/../../../../arm-none-eabi/lib/armv7-m/libc.a(lib_a-memset.o)
 .bss           0x0000000000000000        0x0 /Users/ahesham/research/Bluetooth/boss/uberCode/gcc-arm-none-eabi/bin/../lib/gcc/arm-none-eabi/4.9.3/../../../../arm-none-eabi/lib/armv7-m/libc.a(lib_a-memset.o)
 .text.memset   0x0000000000000000       0x9c /Users/ahesham/research/Bluetooth/boss/uberCode/gcc-arm-none-eabi/bin/../lib/gcc/arm-none-eabi/4.9.3/../../../../arm-none-eabi/lib/armv7-m/libc.a(lib_a-memset.o)
 .debug_frame   0x0000000000000000       0x34 /Users/ahesham/research/Bluetooth/boss/uberCode/gcc-arm-none-eabi/bin/../lib/gcc/arm-none-eabi/4.9.3/../../../../arm-none-eabi/lib/armv7-m/libc.a(lib_a-memset.o)
 .ARM.attributes
                0x0000000000000000       0x2d /Users/ahesham/research/Bluetooth/boss/uberCode/gcc-arm-none-eabi/bin/../lib/gcc/arm-none-eabi/4.9.3/../../../../arm-none-eabi/lib/armv7-m/libc.a(lib_a-memset.o)
 .text          0x0000000000000000        0x0 /Users/ahesham/research/Bluetooth/boss/uberCode/gcc-arm-none-eabi/bin/../lib/gcc/arm-none-eabi/4.9.3/../../../../arm-none-eabi/lib/armv7-m/libc.a(lib_a-__call_atexit.o)
 .data          0x0000000000000000        0x0 /Users/ahesham/research/Bluetooth/boss/uberCode/gcc-arm-none-eabi/bin/../lib/gcc/arm-none-eabi/4.9.3/../../../../arm-none-eabi/lib/armv7-m/libc.a(lib_a-__call_atexit.o)
 .bss           0x0000000000000000        0x0 /Users/ahesham/research/Bluetooth/boss/uberCode/gcc-arm-none-eabi/bin/../lib/gcc/arm-none-eabi/4.9.3/../../../../arm-none-eabi/lib/armv7-m/libc.a(lib_a-__call_atexit.o)
 .text.__call_exitprocs
                0x0000000000000000       0xd4 /Users/ahesham/research/Bluetooth/boss/uberCode/gcc-arm-none-eabi/bin/../lib/gcc/arm-none-eabi/4.9.3/../../../../arm-none-eabi/lib/armv7-m/libc.a(lib_a-__call_atexit.o)
 .text          0x0000000000000000        0x0 /Users/ahesham/research/Bluetooth/boss/uberCode/gcc-arm-none-eabi/bin/../lib/gcc/arm-none-eabi/4.9.3/../../../../arm-none-eabi/lib/armv7-m/libc.a(lib_a-atexit.o)
 .data          0x0000000000000000        0x0 /Users/ahesham/research/Bluetooth/boss/uberCode/gcc-arm-none-eabi/bin/../lib/gcc/arm-none-eabi/4.9.3/../../../../arm-none-eabi/lib/armv7-m/libc.a(lib_a-atexit.o)
 .bss           0x0000000000000000        0x0 /Users/ahesham/research/Bluetooth/boss/uberCode/gcc-arm-none-eabi/bin/../lib/gcc/arm-none-eabi/4.9.3/../../../../arm-none-eabi/lib/armv7-m/libc.a(lib_a-atexit.o)
 .text          0x0000000000000000        0x0 /Users/ahesham/research/Bluetooth/boss/uberCode/gcc-arm-none-eabi/bin/../lib/gcc/arm-none-eabi/4.9.3/../../../../arm-none-eabi/lib/armv7-m/libc.a(lib_a-fini.o)
 .data          0x0000000000000000        0x0 /Users/ahesham/research/Bluetooth/boss/uberCode/gcc-arm-none-eabi/bin/../lib/gcc/arm-none-eabi/4.9.3/../../../../arm-none-eabi/lib/armv7-m/libc.a(lib_a-fini.o)
 .bss           0x0000000000000000        0x0 /Users/ahesham/research/Bluetooth/boss/uberCode/gcc-arm-none-eabi/bin/../lib/gcc/arm-none-eabi/4.9.3/../../../../arm-none-eabi/lib/armv7-m/libc.a(lib_a-fini.o)
 .text          0x0000000000000000        0x0 /Users/ahesham/research/Bluetooth/boss/uberCode/gcc-arm-none-eabi/bin/../lib/gcc/arm-none-eabi/4.9.3/../../../../arm-none-eabi/lib/armv7-m/libc.a(lib_a-__atexit.o)
 .data          0x0000000000000000        0x0 /Users/ahesham/research/Bluetooth/boss/uberCode/gcc-arm-none-eabi/bin/../lib/gcc/arm-none-eabi/4.9.3/../../../../arm-none-eabi/lib/armv7-m/libc.a(lib_a-__atexit.o)
 .bss           0x0000000000000000        0x0 /Users/ahesham/research/Bluetooth/boss/uberCode/gcc-arm-none-eabi/bin/../lib/gcc/arm-none-eabi/4.9.3/../../../../arm-none-eabi/lib/armv7-m/libc.a(lib_a-__atexit.o)
 .text          0x0000000000000000        0x0 assembly_test.o
 .text.waitms   0x0000000000000000        0x2 assembly_test.o
 .text          0x0000000000000000        0x0 ../common/usb_serial.o
 .data          0x0000000000000000       0xdc ../common/usb_serial.o
 .bss           0x0000000000000000      0x168 ../common/usb_serial.o
 .text.USBDevIntHandler
                0x0000000000000000       0x10 ../common/usb_serial.o
 .text.SendNextBulkIn.part.0
                0x0000000000000000       0x3c ../common/usb_serial.o
 .text.USBFrameHandler
                0x0000000000000000       0x28 ../common/usb_serial.o
 .text.BulkOut  0x0000000000000000       0x3c ../common/usb_serial.o
 .text.HandleClassRequest
                0x0000000000000000       0x34 ../common/usb_serial.o
 .text.BulkIn   0x0000000000000000       0x14 ../common/usb_serial.o
 .text.VCOM_init
                0x0000000000000000       0x28 ../common/usb_serial.o
 .text.VCOM_putchar
                0x0000000000000000       0x1c ../common/usb_serial.o
 .text.VCOM_getchar
                0x0000000000000000       0x24 ../common/usb_serial.o
 .text.usb_serial_init
                0x0000000000000000       0x74 ../common/usb_serial.o
 .text          0x0000000000000000        0x0 ../common/serial_fifo.o
 .data          0x0000000000000000        0x0 ../common/serial_fifo.o
 .bss           0x0000000000000000        0x0 ../common/serial_fifo.o
 .text.fifo_init
                0x0000000000000000        0xa ../common/serial_fifo.o
 .text.fifo_put
                0x0000000000000000       0x34 ../common/serial_fifo.o
 .text.fifo_get
                0x0000000000000000       0x30 ../common/serial_fifo.o
 .text.fifo_avail
                0x0000000000000000       0x20 ../common/serial_fifo.o
 .text.fifo_free
                0x0000000000000000        0xc ../common/serial_fifo.o
 .debug_info    0x0000000000000000      0x1af ../common/serial_fifo.o
 .debug_abbrev  0x0000000000000000      0x12a ../common/serial_fifo.o
 .debug_loc     0x0000000000000000       0xcd ../common/serial_fifo.o
 .debug_aranges
                0x0000000000000000       0x40 ../common/serial_fifo.o
 .debug_ranges  0x0000000000000000       0x30 ../common/serial_fifo.o
 .debug_line    0x0000000000000000       0xd5 ../common/serial_fifo.o
 .debug_str     0x0000000000000000      0x201 ../common/serial_fifo.o
 .comment       0x0000000000000000       0x71 ../common/serial_fifo.o
 .debug_frame   0x0000000000000000       0x78 ../common/serial_fifo.o
 .ARM.attributes
                0x0000000000000000       0x33 ../common/serial_fifo.o
 .text          0x0000000000000000        0x0 ../common/LPC17xx_Startup.o
 .data          0x0000000000000000        0x0 ../common/LPC17xx_Startup.o
 .bss           0x0000000000000000        0x0 ../common/LPC17xx_Startup.o
 .text          0x0000000000000000        0x0 ../common/LPC17xx_Interrupts.o
 .data          0x0000000000000000        0x0 ../common/LPC17xx_Interrupts.o
 .bss           0x0000000000000000        0x0 ../common/LPC17xx_Interrupts.o
 .text          0x0000000000000000        0x0 ../common/ubertooth.o
 .data          0x0000000000000000        0x0 ../common/ubertooth.o
 .text.spi_delay
                0x0000000000000000       0x18 ../common/ubertooth.o
 .text.rbit     0x0000000000000000        0x6 ../common/ubertooth.o
 .text.wait_ms  0x0000000000000000        0xa ../common/ubertooth.o
 .text.cc2400_fifo_write
                0x0000000000000000       0x88 ../common/ubertooth.o
 .text.cc2400_fifo_read
                0x0000000000000000       0x94 ../common/ubertooth.o
 .text.ubertooth_init
                0x0000000000000000       0x12 ../common/ubertooth.o
 .text.cc2400_tune_rx
                0x0000000000000000        0xa ../common/ubertooth.o
 .text.cc2400_tune_tx
                0x0000000000000000        0x8 ../common/ubertooth.o
 .text.cc2400_hop_rx
                0x0000000000000000       0x38 ../common/ubertooth.o
 .text.cc2400_hop_tx
                0x0000000000000000       0x38 ../common/ubertooth.o
 .text.get_part_num
                0x0000000000000000       0x38 ../common/ubertooth.o
 .text.get_device_serial
                0x0000000000000000       0x68 ../common/ubertooth.o
 .text.set_isp  0x0000000000000000       0x1c ../common/ubertooth.o
 .text          0x0000000000000000        0x0 ../common/lpcusb/target/usbcontrol.o
 .data          0x0000000000000000        0x0 ../common/lpcusb/target/usbcontrol.o
 .text          0x0000000000000000        0x0 ../common/lpcusb/target/usbinit.o
 .data          0x0000000000000000        0x0 ../common/lpcusb/target/usbinit.o
 .text          0x0000000000000000        0x0 ../common/lpcusb/target/usbhw_lpc.o
 .data          0x0000000000000000        0x0 ../common/lpcusb/target/usbhw_lpc.o
 .text.USBHwRegisterFrameHandler
                0x0000000000000000       0x18 ../common/lpcusb/target/usbhw_lpc.o
 .text.USBHwISOCEPRead
                0x0000000000000000       0x80 ../common/lpcusb/target/usbhw_lpc.o
 .text.USBSetupDMADescriptor
                0x0000000000000000       0x52 ../common/lpcusb/target/usbhw_lpc.o
 .text.USBDisableDMAForEndpoint
                0x0000000000000000       0x18 ../common/lpcusb/target/usbhw_lpc.o
 .text.USBEnableDMAForEndpoint
                0x0000000000000000       0x18 ../common/lpcusb/target/usbhw_lpc.o
 .text.USBInitializeISOCFrameArray
                0x0000000000000000       0x26 ../common/lpcusb/target/usbhw_lpc.o
 .text.USBSetHeadDDForDMA
                0x0000000000000000       0x10 ../common/lpcusb/target/usbhw_lpc.o
 .text.USBInitializeUSBDMA
                0x0000000000000000       0x1c ../common/lpcusb/target/usbhw_lpc.o
 .text          0x0000000000000000        0x0 ../common/lpcusb/target/usbstdreq.o
 .text.USBRegisterWinusbInterface
                0x0000000000000000       0x2c ../common/lpcusb/target/usbstdreq.o
 .text.USBGetOsStringDescriptor
                0x0000000000000000       0x1c ../common/lpcusb/target/usbstdreq.o
 .text.USBRegisterCustomReqHandler
                0x0000000000000000        0xc ../common/lpcusb/target/usbstdreq.o
 .data          0x0000000000000000        0x0 /Users/ahesham/research/Bluetooth/boss/uberCode/gcc-arm-none-eabi/bin/../lib/gcc/arm-none-eabi/4.9.3/../../../../arm-none-eabi/lib/armv7-m/libc.a(lib_a-memcpy.o)
 .bss           0x0000000000000000        0x0 /Users/ahesham/research/Bluetooth/boss/uberCode/gcc-arm-none-eabi/bin/../lib/gcc/arm-none-eabi/4.9.3/../../../../arm-none-eabi/lib/armv7-m/libc.a(lib_a-memcpy.o)
 .text          0x0000000000000000        0x0 /Users/ahesham/research/Bluetooth/boss/uberCode/gcc-arm-none-eabi/bin/../lib/gcc/arm-none-eabi/4.9.3/../../../../arm-none-eabi/lib/armv7-m/libc.a(lib_a-strlen.o)
 .data          0x0000000000000000        0x0 /Users/ahesham/research/Bluetooth/boss/uberCode/gcc-arm-none-eabi/bin/../lib/gcc/arm-none-eabi/4.9.3/../../../../arm-none-eabi/lib/armv7-m/libc.a(lib_a-strlen.o)
 .bss           0x0000000000000000        0x0 /Users/ahesham/research/Bluetooth/boss/uberCode/gcc-arm-none-eabi/bin/../lib/gcc/arm-none-eabi/4.9.3/../../../../arm-none-eabi/lib/armv7-m/libc.a(lib_a-strlen.o)
 .text          0x0000000000000000        0x0 /Users/ahesham/research/Bluetooth/boss/uberCode/gcc-arm-none-eabi/bin/../lib/gcc/arm-none-eabi/4.9.3/armv7-m/crtend.o
 .data          0x0000000000000000        0x0 /Users/ahesham/research/Bluetooth/boss/uberCode/gcc-arm-none-eabi/bin/../lib/gcc/arm-none-eabi/4.9.3/armv7-m/crtend.o
 .bss           0x0000000000000000        0x0 /Users/ahesham/research/Bluetooth/boss/uberCode/gcc-arm-none-eabi/bin/../lib/gcc/arm-none-eabi/4.9.3/armv7-m/crtend.o
 .eh_frame      0x0000000000000000        0x4 /Users/ahesham/research/Bluetooth/boss/uberCode/gcc-arm-none-eabi/bin/../lib/gcc/arm-none-eabi/4.9.3/armv7-m/crtend.o
 .jcr           0x0000000000000000        0x4 /Users/ahesham/research/Bluetooth/boss/uberCode/gcc-arm-none-eabi/bin/../lib/gcc/arm-none-eabi/4.9.3/armv7-m/crtend.o
 .ARM.attributes
                0x0000000000000000       0x2d /Users/ahesham/research/Bluetooth/boss/uberCode/gcc-arm-none-eabi/bin/../lib/gcc/arm-none-eabi/4.9.3/armv7-m/crtend.o
 .text          0x0000000000000000        0x0 /Users/ahesham/research/Bluetooth/boss/uberCode/gcc-arm-none-eabi/bin/../lib/gcc/arm-none-eabi/4.9.3/armv7-m/crtn.o
 .data          0x0000000000000000        0x0 /Users/ahesham/research/Bluetooth/boss/uberCode/gcc-arm-none-eabi/bin/../lib/gcc/arm-none-eabi/4.9.3/armv7-m/crtn.o
 .bss           0x0000000000000000        0x0 /Users/ahesham/research/Bluetooth/boss/uberCode/gcc-arm-none-eabi/bin/../lib/gcc/arm-none-eabi/4.9.3/armv7-m/crtn.o
 .text          0x0000000000000000        0x0 /Users/ahesham/research/Bluetooth/boss/uberCode/gcc-arm-none-eabi/bin/../lib/gcc/arm-none-eabi/4.9.3/../../../../arm-none-eabi/lib/armv7-m/libnosys.a(_exit.o)
 .data          0x0000000000000000        0x0 /Users/ahesham/research/Bluetooth/boss/uberCode/gcc-arm-none-eabi/bin/../lib/gcc/arm-none-eabi/4.9.3/../../../../arm-none-eabi/lib/armv7-m/libnosys.a(_exit.o)
 .bss           0x0000000000000000        0x0 /Users/ahesham/research/Bluetooth/boss/uberCode/gcc-arm-none-eabi/bin/../lib/gcc/arm-none-eabi/4.9.3/../../../../arm-none-eabi/lib/armv7-m/libnosys.a(_exit.o)
 .text._exit    0x0000000000000000        0x4 /Users/ahesham/research/Bluetooth/boss/uberCode/gcc-arm-none-eabi/bin/../lib/gcc/arm-none-eabi/4.9.3/../../../../arm-none-eabi/lib/armv7-m/libnosys.a(_exit.o)
 .debug_frame   0x0000000000000000       0x20 /Users/ahesham/research/Bluetooth/boss/uberCode/gcc-arm-none-eabi/bin/../lib/gcc/arm-none-eabi/4.9.3/../../../../arm-none-eabi/lib/armv7-m/libnosys.a(_exit.o)
 .ARM.attributes
                0x0000000000000000       0x2d /Users/ahesham/research/Bluetooth/boss/uberCode/gcc-arm-none-eabi/bin/../lib/gcc/arm-none-eabi/4.9.3/../../../../arm-none-eabi/lib/armv7-m/libnosys.a(_exit.o)

Memory Configuration

Name             Origin             Length             Attributes
rom              0x0000000000000000 0x0000000000020000 xr
ram              0x0000000010000000 0x0000000000004000 xrw
*default*        0x0000000000000000 0xffffffffffffffff

Linker script and memory map

LOAD /Users/ahesham/research/Bluetooth/boss/uberCode/gcc-arm-none-eabi/bin/../lib/gcc/arm-none-eabi/4.9.3/armv7-m/crti.o
LOAD /Users/ahesham/research/Bluetooth/boss/uberCode/gcc-arm-none-eabi/bin/../lib/gcc/arm-none-eabi/4.9.3/armv7-m/crtbegin.o
LOAD /Users/ahesham/research/Bluetooth/boss/uberCode/gcc-arm-none-eabi/bin/../lib/gcc/arm-none-eabi/4.9.3/../../../../arm-none-eabi/lib/armv7-m/crt0.o
START GROUP
LOAD /Users/ahesham/research/Bluetooth/boss/uberCode/gcc-arm-none-eabi/bin/../lib/gcc/arm-none-eabi/4.9.3/../../../../arm-none-eabi/lib/armv7-m/libc.a
LOAD /Users/ahesham/research/Bluetooth/boss/uberCode/gcc-arm-none-eabi/bin/../lib/gcc/arm-none-eabi/4.9.3/../../../../arm-none-eabi/lib/armv7-m/libg.a
LOAD /Users/ahesham/research/Bluetooth/boss/uberCode/gcc-arm-none-eabi/bin/../lib/gcc/arm-none-eabi/4.9.3/armv7-m/libgcc.a
LOAD /Users/ahesham/research/Bluetooth/boss/uberCode/gcc-arm-none-eabi/bin/../lib/gcc/arm-none-eabi/4.9.3/../../../../arm-none-eabi/lib/armv7-m/libm.a
END GROUP
LOAD assembly_test.o
LOAD ../common/usb_serial.o
LOAD ../common/serial_fifo.o
LOAD ../common/LPC17xx_Startup.o
LOAD ../common/LPC17xx_Interrupts.o
LOAD ../common/ubertooth.o
LOAD ../common/lpcusb/target/usbcontrol.o
LOAD ../common/lpcusb/target/usbinit.o
LOAD ../common/lpcusb/target/usbhw_lpc.o
LOAD ../common/lpcusb/target/usbstdreq.o
START GROUP
LOAD /Users/ahesham/research/Bluetooth/boss/uberCode/gcc-arm-none-eabi/bin/../lib/gcc/arm-none-eabi/4.9.3/armv7-m/libgcc.a
LOAD /Users/ahesham/research/Bluetooth/boss/uberCode/gcc-arm-none-eabi/bin/../lib/gcc/arm-none-eabi/4.9.3/../../../../arm-none-eabi/lib/armv7-m/libc.a
END GROUP
LOAD /Users/ahesham/research/Bluetooth/boss/uberCode/gcc-arm-none-eabi/bin/../lib/gcc/arm-none-eabi/4.9.3/armv7-m/crtend.o
LOAD /Users/ahesham/research/Bluetooth/boss/uberCode/gcc-arm-none-eabi/bin/../lib/gcc/arm-none-eabi/4.9.3/armv7-m/crtn.o
START GROUP
LOAD /Users/ahesham/research/Bluetooth/boss/uberCode/gcc-arm-none-eabi/bin/../lib/gcc/arm-none-eabi/4.9.3/armv7-m/libgcc.a
LOAD /Users/ahesham/research/Bluetooth/boss/uberCode/gcc-arm-none-eabi/bin/../lib/gcc/arm-none-eabi/4.9.3/../../../../arm-none-eabi/lib/armv7-m/libc.a
LOAD /Users/ahesham/research/Bluetooth/boss/uberCode/gcc-arm-none-eabi/bin/../lib/gcc/arm-none-eabi/4.9.3/../../../../arm-none-eabi/lib/armv7-m/libm.a
LOAD /Users/ahesham/research/Bluetooth/boss/uberCode/gcc-arm-none-eabi/bin/../lib/gcc/arm-none-eabi/4.9.3/../../../../arm-none-eabi/lib/armv7-m/libnosys.a
END GROUP

.text           0x0000000000000000     0x1f60
                0x0000000000000000                . = ALIGN (0x400)
                0x0000000000000000                _interrupt_vector_table = .
 *(.irq_handler_table)
 .irq_handler_table
                0x0000000000000000       0xcc ../common/LPC17xx_Interrupts.o
                0x0000000000000000                _NVIC_Handler_Functions
 *(.text .text.* .gnu.linkonce.t.*)
 .text          0x00000000000000cc       0x5c /Users/ahesham/research/Bluetooth/boss/uberCode/gcc-arm-none-eabi/bin/../lib/gcc/arm-none-eabi/4.9.3/armv7-m/crtbegin.o
 .text.__libc_init_array
                0x0000000000000128       0x50 /Users/ahesham/research/Bluetooth/boss/uberCode/gcc-arm-none-eabi/bin/../lib/gcc/arm-none-eabi/4.9.3/../../../../arm-none-eabi/lib/armv7-m/libc.a(lib_a-init.o)
                0x0000000000000128                __libc_init_array
 .text.startup.register_fini
                0x0000000000000178       0x14 /Users/ahesham/research/Bluetooth/boss/uberCode/gcc-arm-none-eabi/bin/../lib/gcc/arm-none-eabi/4.9.3/../../../../arm-none-eabi/lib/armv7-m/libc.a(lib_a-__call_atexit.o)
 .text.atexit   0x000000000000018c        0xc /Users/ahesham/research/Bluetooth/boss/uberCode/gcc-arm-none-eabi/bin/../lib/gcc/arm-none-eabi/4.9.3/../../../../arm-none-eabi/lib/armv7-m/libc.a(lib_a-atexit.o)
                0x000000000000018c                atexit
 .text.__libc_fini_array
                0x0000000000000198       0x2c /Users/ahesham/research/Bluetooth/boss/uberCode/gcc-arm-none-eabi/bin/../lib/gcc/arm-none-eabi/4.9.3/../../../../arm-none-eabi/lib/armv7-m/libc.a(lib_a-fini.o)
                0x0000000000000198                __libc_fini_array
 .text.__register_exitproc
                0x00000000000001c4       0xa4 /Users/ahesham/research/Bluetooth/boss/uberCode/gcc-arm-none-eabi/bin/../lib/gcc/arm-none-eabi/4.9.3/../../../../arm-none-eabi/lib/armv7-m/libc.a(lib_a-__atexit.o)
                0x00000000000001c4                __register_exitproc
 .text.dma_init
                0x0000000000000268       0xd0 assembly_test.o
 .text.dio_ssp_start
                0x0000000000000338       0x4c assembly_test.o
 .text.usb_vendor_request_handler
                0x0000000000000384      0x2d0 assembly_test.o
 .text.queue_init
                0x0000000000000654       0x10 assembly_test.o
                0x0000000000000654                queue_init
 .text.enqueue  0x0000000000000664       0x70 assembly_test.o
                0x0000000000000664                enqueue
 .text.dequeue  0x00000000000006d4       0x44 assembly_test.o
                0x00000000000006d4                dequeue
 .text.ubertooth_usb_init
                0x0000000000000718       0x2c assembly_test.o
                0x0000000000000718                ubertooth_usb_init
 .text.TIMER0_IRQHandler
                0x0000000000000744       0x24 assembly_test.o
                0x0000000000000744                TIMER0_IRQHandler
 .text.DMA_IRQHandler
                0x0000000000000768       0x5c assembly_test.o
                0x0000000000000768                DMA_IRQHandler
 .text.cc2400_rx
                0x00000000000007c4       0xc0 assembly_test.o
                0x00000000000007c4                cc2400_rx
 .text.cc2400_txtest
                0x0000000000000884       0xb0 assembly_test.o
                0x0000000000000884                cc2400_txtest
 .text.cc2400_rangetest
                0x0000000000000934      0x2b4 assembly_test.o
                0x0000000000000934                cc2400_rangetest
 .text.cc2400_repeater
                0x0000000000000be8      0x18c assembly_test.o
                0x0000000000000be8                cc2400_repeater
 .text.bt_stream_rx
                0x0000000000000d74       0xc4 assembly_test.o
                0x0000000000000d74                bt_stream_rx
 .text.specan   0x0000000000000e38      0x110 assembly_test.o
                0x0000000000000e38                specan
 .text.find_giac
                0x0000000000000f48       0x80 assembly_test.o
                0x0000000000000f48                find_giac
 .text.bt_test_rx
                0x0000000000000fc8       0x98 assembly_test.o
                0x0000000000000fc8                bt_test_rx
 .text.startup.main
                0x0000000000001060      0x11c assembly_test.o
                0x0000000000001060                main
 .text.USB_IRQHandler
                0x000000000000117c        0x4 ../common/usb_serial.o
                0x000000000000117c                USB_IRQHandler
 .text.Reset_Handler
                0x0000000000001180       0x54 ../common/LPC17xx_Startup.o
                0x0000000000001180                Reset_Handler
 .text.Default_Handler
                0x00000000000011d4        0x2 ../common/LPC17xx_Interrupts.o
                0x00000000000011d4                ENET_IRQHandler
                0x00000000000011d4                DebugMon_Handler
                0x00000000000011d4                RIT_IRQHandler
                0x00000000000011d4                I2C0_IRQHandler
                0x00000000000011d4                HardFault_Handler
                0x00000000000011d4                SysTick_Handler
                0x00000000000011d4                PWM1_IRQHandler
                0x00000000000011d4                PendSV_Handler
                0x00000000000011d4                NMI_Handler
                0x00000000000011d4                I2C1_IRQHandler
                0x00000000000011d4                EINT2_IRQHandler
                0x00000000000011d4                UART1_IRQHandler
                0x00000000000011d4                EINT3_IRQHandler
                0x00000000000011d4                TIMER3_IRQHandler
                0x00000000000011d4                UART0_IRQHandler
                0x00000000000011d4                MemManagement_Handler
                0x00000000000011d4                UsageFault_Handler
                0x00000000000011d4                PLL0_IRQHandler
                0x00000000000011d4                CAN_IRQHandler
                0x00000000000011d4                PLL1_IRQHandler
                0x00000000000011d4                SSP0_IRQHandler
                0x00000000000011d4                I2S_IRQHandler
                0x00000000000011d4                I2C2_IRQHandler
                0x00000000000011d4                RTC_IRQHandler
                0x00000000000011d4                SPI_IRQHandler
                0x00000000000011d4                EINT1_IRQHandler
                0x00000000000011d4                TIMER1_IRQHandler
                0x00000000000011d4                UART2_IRQHandler
                0x00000000000011d4                ADC_IRQHandler
                0x00000000000011d4                SSP1_IRQHandler
                0x00000000000011d4                BOD_IRQHandler
                0x00000000000011d4                WDT_IRQHandler
                0x00000000000011d4                SVC_Handler
                0x00000000000011d4                QEI_IRQHandler
                0x00000000000011d4                EINT0_IRQHandler
                0x00000000000011d4                USBACT_IRQHandler
                0x00000000000011d4                CANACT_IRQHandler
                0x00000000000011d4                BusFault_Handler
                0x00000000000011d4                UART3_IRQHandler
                0x00000000000011d4                MCPWM_IRQHandler
                0x00000000000011d4                TIMER2_IRQHandler
 *fill*         0x00000000000011d6        0x2 
 .text.wait_us  0x00000000000011d8       0x2c ../common/ubertooth.o
                0x00000000000011d8                wait_us
 .text.wait     0x0000000000001204        0xc ../common/ubertooth.o
                0x0000000000001204                wait
 .text.all_pins_off
                0x0000000000001210       0x54 ../common/ubertooth.o
                0x0000000000001210                all_pins_off
 .text.gpio_init
                0x0000000000001264       0x34 ../common/ubertooth.o
                0x0000000000001264                gpio_init
 .text.dio_ssp_init
                0x0000000000001298       0x54 ../common/ubertooth.o
                0x0000000000001298                dio_ssp_init
 .text.atest_init
                0x00000000000012ec       0x34 ../common/ubertooth.o
                0x00000000000012ec                atest_init
 .text.cc2400_spi
                0x0000000000001320       0x4c ../common/ubertooth.o
                0x0000000000001320                cc2400_spi
 .text.cc2400_init
                0x000000000000136c       0x38 ../common/ubertooth.o
                0x000000000000136c                cc2400_init
 .text.cc2400_get
                0x00000000000013a4       0x12 ../common/ubertooth.o
                0x00000000000013a4                cc2400_get
 .text.cc2400_set
                0x00000000000013b6        0xa ../common/ubertooth.o
                0x00000000000013b6                cc2400_set
 .text.cc2400_get8
                0x00000000000013c0       0x12 ../common/ubertooth.o
                0x00000000000013c0                cc2400_get8
 .text.cc2400_set8
                0x00000000000013d2        0xa ../common/ubertooth.o
                0x00000000000013d2                cc2400_set8
 .text.cc2400_status
                0x00000000000013dc        0xe ../common/ubertooth.o
                0x00000000000013dc                cc2400_status
 .text.cc2400_strobe
                0x00000000000013ea        0xe ../common/ubertooth.o
                0x00000000000013ea                cc2400_strobe
 .text.cc2400_reset
                0x00000000000013f8       0x2c ../common/ubertooth.o
                0x00000000000013f8                cc2400_reset
 .text.clock_start
                0x0000000000001424      0x13c ../common/ubertooth.o
                0x0000000000001424                clock_start
 .text.reset    0x0000000000001560       0x38 ../common/ubertooth.o
                0x0000000000001560                reset
 .text.DataIn   0x0000000000001598       0x28 ../common/lpcusb/target/usbcontrol.o
 .text._HandleRequest.constprop.1
                0x00000000000015c0       0x50 ../common/lpcusb/target/usbcontrol.o
 .text.USBHandleControlTransfer
                0x0000000000001610       0xa8 ../common/lpcusb/target/usbcontrol.o
                0x0000000000001610                USBHandleControlTransfer
 .text.USBRegisterRequestHandler
                0x00000000000016b8       0x10 ../common/lpcusb/target/usbcontrol.o
                0x00000000000016b8                USBRegisterRequestHandler
 .text.HandleUsbReset
                0x00000000000016c8        0x2 ../common/lpcusb/target/usbinit.o
 *fill*         0x00000000000016ca        0x2 
 .text.USBInit  0x00000000000016cc       0x4c ../common/lpcusb/target/usbinit.o
                0x00000000000016cc                USBInit
 .text.Wait4DevInt
                0x0000000000001718       0x18 ../common/lpcusb/target/usbhw_lpc.o
 .text.USBHwCmd
                0x0000000000001730       0x18 ../common/lpcusb/target/usbhw_lpc.o
 .text.USBHwCmdWrite
                0x0000000000001748       0x20 ../common/lpcusb/target/usbhw_lpc.o
 .text.USBHwEPConfig
                0x0000000000001768       0x3c ../common/lpcusb/target/usbhw_lpc.o
                0x0000000000001768                USBHwEPConfig
 .text.USBHwRegisterEPIntHandler
                0x00000000000017a4       0x34 ../common/lpcusb/target/usbhw_lpc.o
                0x00000000000017a4                USBHwRegisterEPIntHandler
 .text.USBHwRegisterDevIntHandler
                0x00000000000017d8       0x18 ../common/lpcusb/target/usbhw_lpc.o
                0x00000000000017d8                USBHwRegisterDevIntHandler
 .text.USBHwSetAddress
                0x00000000000017f0        0xa ../common/lpcusb/target/usbhw_lpc.o
                0x00000000000017f0                USBHwSetAddress
 .text.USBHwConnect
                0x00000000000017fa        0xc ../common/lpcusb/target/usbhw_lpc.o
                0x00000000000017fa                USBHwConnect
 .text.USBHwNakIntEnable
                0x0000000000001806        0x8 ../common/lpcusb/target/usbhw_lpc.o
                0x0000000000001806                USBHwNakIntEnable
 *fill*         0x000000000000180e        0x2 
 .text.USBHwEPGetStatus
                0x0000000000001810       0x34 ../common/lpcusb/target/usbhw_lpc.o
                0x0000000000001810                USBHwEPGetStatus
 .text.USBHwEPStall
                0x0000000000001844       0x18 ../common/lpcusb/target/usbhw_lpc.o
                0x0000000000001844                USBHwEPStall
 .text.USBHwEPWrite
                0x000000000000185c       0x68 ../common/lpcusb/target/usbhw_lpc.o
                0x000000000000185c                USBHwEPWrite
 .text.USBHwEPRead
                0x00000000000018c4       0x6c ../common/lpcusb/target/usbhw_lpc.o
                0x00000000000018c4                USBHwEPRead
 .text.USBHwConfigDevice
                0x0000000000001930        0xc ../common/lpcusb/target/usbhw_lpc.o
                0x0000000000001930                USBHwConfigDevice
 .text.USBHwISR
                0x000000000000193c       0xcc ../common/lpcusb/target/usbhw_lpc.o
                0x000000000000193c                USBHwISR
 .text.USBHwInit
                0x0000000000001a08       0xb0 ../common/lpcusb/target/usbhw_lpc.o
                0x0000000000001a08                USBHwInit
 .text.USBFilterOsVendorMessage
                0x0000000000001ab8       0x68 ../common/lpcusb/target/usbstdreq.o
                0x0000000000001ab8                USBFilterOsVendorMessage
 .text.USBRegisterDescriptors
                0x0000000000001b20        0xc ../common/lpcusb/target/usbstdreq.o
                0x0000000000001b20                USBRegisterDescriptors
 .text.USBGetDescriptor
                0x0000000000001b2c       0x58 ../common/lpcusb/target/usbstdreq.o
                0x0000000000001b2c                USBGetDescriptor
 .text.USBHandleStandardRequest
                0x0000000000001b84      0x138 ../common/lpcusb/target/usbstdreq.o
                0x0000000000001b84                USBHandleStandardRequest
 .text          0x0000000000001cbc       0xec /Users/ahesham/research/Bluetooth/boss/uberCode/gcc-arm-none-eabi/bin/../lib/gcc/arm-none-eabi/4.9.3/../../../../arm-none-eabi/lib/armv7-m/libc.a(lib_a-memcpy.o)
                0x0000000000001cbc                memcpy
 .text.strlen   0x0000000000001da8       0x5c /Users/ahesham/research/Bluetooth/boss/uberCode/gcc-arm-none-eabi/bin/../lib/gcc/arm-none-eabi/4.9.3/../../../../arm-none-eabi/lib/armv7-m/libc.a(lib_a-strlen.o)
                0x0000000000001da8                strlen
 *(.rodata .rodata.* .gnu.linkonce.r.*)
 .rodata.str1.4
                0x0000000000001e04        0x4 /Users/ahesham/research/Bluetooth/boss/uberCode/gcc-arm-none-eabi/bin/../lib/gcc/arm-none-eabi/4.9.3/../../../../arm-none-eabi/lib/armv7-m/libc.a(lib_a-impure.o)
 .rodata._global_impure_ptr
                0x0000000000001e08        0x4 /Users/ahesham/research/Bluetooth/boss/uberCode/gcc-arm-none-eabi/bin/../lib/gcc/arm-none-eabi/4.9.3/../../../../arm-none-eabi/lib/armv7-m/libc.a(lib_a-impure.o)
                0x0000000000001e08                _global_impure_ptr
 .rodata        0x0000000000001e0c       0xf5 assembly_test.o
 .rodata.str1.1
                0x0000000000001f01        0xc assembly_test.o
 *fill*         0x0000000000001f0d        0x3 
 .rodata        0x0000000000001f10        0x4 ../common/ubertooth.o
                0x0000000000001f10                iap_entry
 .rodata        0x0000000000001f14       0x28 ../common/lpcusb/target/usbstdreq.o
 *(.eh_frame_hdr)
 *(.eh_frame)
 .eh_frame      0x0000000000001f3c        0x0 /Users/ahesham/research/Bluetooth/boss/uberCode/gcc-arm-none-eabi/bin/../lib/gcc/arm-none-eabi/4.9.3/armv7-m/crtbegin.o
                0x0000000000001f3c                . = ALIGN (0x4)
 *(.init)
 .init          0x0000000000001f3c        0x4 /Users/ahesham/research/Bluetooth/boss/uberCode/gcc-arm-none-eabi/bin/../lib/gcc/arm-none-eabi/4.9.3/armv7-m/crti.o
                0x0000000000001f3c                _init
 .init          0x0000000000001f40        0x8 /Users/ahesham/research/Bluetooth/boss/uberCode/gcc-arm-none-eabi/bin/../lib/gcc/arm-none-eabi/4.9.3/armv7-m/crtn.o
                0x0000000000001f48                . = ALIGN (0x4)
                0x0000000000001f48                __preinit_array_start = .
 *(.preinit_array)
                0x0000000000001f48                __preinit_array_end = .
                0x0000000000001f48                . = ALIGN (0x4)
                0x0000000000001f48                __init_array_start = .
 *(SORT(.init_array.*))
 .init_array.00000
                0x0000000000001f48        0x4 /Users/ahesham/research/Bluetooth/boss/uberCode/gcc-arm-none-eabi/bin/../lib/gcc/arm-none-eabi/4.9.3/../../../../arm-none-eabi/lib/armv7-m/libc.a(lib_a-__call_atexit.o)
 *(.init_array)
 .init_array    0x0000000000001f4c        0x4 /Users/ahesham/research/Bluetooth/boss/uberCode/gcc-arm-none-eabi/bin/../lib/gcc/arm-none-eabi/4.9.3/armv7-m/crtbegin.o
                0x0000000000001f50                __init_array_end = .
                0x0000000000001f50                . = ALIGN (0x4)
 *crtbegin.o(.ctors)
 *(EXCLUDE_FILE(*crtend.o) .ctors)
 *(SORT(.ctors.*))
 *crtend.o(.ctors)
                0x0000000000001f50                . = ALIGN (0x4)
 *(.fini)
 .fini          0x0000000000001f50        0x4 /Users/ahesham/research/Bluetooth/boss/uberCode/gcc-arm-none-eabi/bin/../lib/gcc/arm-none-eabi/4.9.3/armv7-m/crti.o
                0x0000000000001f50                _fini
 .fini          0x0000000000001f54        0x8 /Users/ahesham/research/Bluetooth/boss/uberCode/gcc-arm-none-eabi/bin/../lib/gcc/arm-none-eabi/4.9.3/armv7-m/crtn.o
                0x0000000000001f5c                . = ALIGN (0x4)
                0x0000000000001f5c                __fini_array_start = .
 *(.fini_array)
 .fini_array    0x0000000000001f5c        0x4 /Users/ahesham/research/Bluetooth/boss/uberCode/gcc-arm-none-eabi/bin/../lib/gcc/arm-none-eabi/4.9.3/armv7-m/crtbegin.o
 *(SORT(.fini_array.*))
                0x0000000000001f60                __fini_array_end = .
 *crtbegin.o(.dtors)
 *(EXCLUDE_FILE(*crtend.o) .dtors)
 *(SORT(.dtors.*))
 *crtend.o(.dtors)
                0x0000000000001f60                . = ALIGN (0x8)
                0x0000000000001f60                _etext = .

.glue_7         0x0000000000001f60        0x0
 .glue_7        0x0000000000000000        0x0 linker stubs

.glue_7t        0x0000000000001f60        0x0
 .glue_7t       0x0000000000000000        0x0 linker stubs

.vfp11_veneer   0x0000000000001f60        0x0
 .vfp11_veneer  0x0000000000000000        0x0 linker stubs

.v4_bx          0x0000000000001f60        0x0
 .v4_bx         0x0000000000000000        0x0 linker stubs

.iplt           0x0000000000001f60        0x0
 .iplt          0x0000000000000000        0x0 /Users/ahesham/research/Bluetooth/boss/uberCode/gcc-arm-none-eabi/bin/../lib/gcc/arm-none-eabi/4.9.3/armv7-m/crtbegin.o

.rel.dyn        0x0000000000001f60        0x0
 .rel.iplt      0x0000000000000000        0x0 /Users/ahesham/research/Bluetooth/boss/uberCode/gcc-arm-none-eabi/bin/../lib/gcc/arm-none-eabi/4.9.3/armv7-m/crtbegin.o

.ARM.extab
 *(.ARM.extab* .gnu.linkonce.armextab.*)
                0x0000000000001f60                __exidx_start = .

.ARM.exidx
 *(.ARM.exidx* .gnu.linkonce.armexidx.*)
                0x0000000000001f60                __exidx_end = .
                0x0000000000001f60                _etext = .

.persistent     0x0000000010000000       0x20
                0x0000000010000000                _persistent_start = .
                0x0000000010000020                . = (. + 0x20)
 *fill*         0x0000000010000000       0x20 
                0x0000000010000020                _persistent_end = .
                0x000000001000001c                bootloader_ctrl = (_persistent_start + 0x1c)

.data           0x0000000010000020      0x4dc load address 0x0000000000001f60
                0x0000000010000020                _data = .
 *(vtable)
 *(.data*)
 .data.impure_data
                0x0000000010000020      0x428 /Users/ahesham/research/Bluetooth/boss/uberCode/gcc-arm-none-eabi/bin/../lib/gcc/arm-none-eabi/4.9.3/../../../../arm-none-eabi/lib/armv7-m/libc.a(lib_a-impure.o)
 .data          0x0000000010000448       0x10 assembly_test.o
                0x0000000010000448                channel
                0x000000001000044a                low_freq
                0x000000001000044c                high_freq
                0x0000000010000450                active_rxbuf
                0x0000000010000454                idle_rxbuf
 .data          0x0000000010000458       0xa4 ../common/lpcusb/target/usbstdreq.o
                0x00000000100004fc                _edata = .

.jcr            0x00000000100004fc        0x0 load address 0x000000000000243c
 .jcr           0x00000000100004fc        0x0 /Users/ahesham/research/Bluetooth/boss/uberCode/gcc-arm-none-eabi/bin/../lib/gcc/arm-none-eabi/4.9.3/armv7-m/crtbegin.o

.igot.plt       0x00000000100004fc        0x0 load address 0x000000000000243c
 .igot.plt      0x0000000000000000        0x0 /Users/ahesham/research/Bluetooth/boss/uberCode/gcc-arm-none-eabi/bin/../lib/gcc/arm-none-eabi/4.9.3/armv7-m/crtbegin.o

.bss            0x00000000100004fc     0x217c load address 0x000000000000243c
                0x00000000100004fc                _bss = .
                0x00000000100004fc                __bss_start__ = .
 *(.bss*)
 .bss           0x00000000100004fc       0x1c /Users/ahesham/research/Bluetooth/boss/uberCode/gcc-arm-none-eabi/bin/../lib/gcc/arm-none-eabi/4.9.3/armv7-m/crtbegin.o
 .bss           0x0000000010000518       0x2c assembly_test.o
                0x0000000010000518                rx_pkts
                0x000000001000051c                requested_mode
                0x0000000010000520                modulation
                0x0000000010000524                head
                0x0000000010000528                tail
                0x000000001000052c                status
                0x0000000010000540                mode
 .bss           0x0000000010000544        0x8 ../common/ubertooth.o
 .bss           0x000000001000054c       0x34 ../common/lpcusb/target/usbcontrol.o
 .bss           0x0000000010000580        0x8 ../common/lpcusb/target/usbinit.o
 .bss           0x0000000010000588       0x48 ../common/lpcusb/target/usbhw_lpc.o
 .bss           0x00000000100005d0       0x10 ../common/lpcusb/target/usbstdreq.o
 *(COMMON)
 COMMON         0x00000000100005e0     0x2098 assembly_test.o
                0x00000000100005e0                rx_tc
                0x00000000100005e4                rx_dma_lli2
                0x00000000100005f4                clkn_high
                0x00000000100005f8                fifo
                0x00000000100025f8                rxbuf2
                0x000000001000262c                rx_dma_lli1
                0x000000001000263c                rr
                0x0000000010002641                rxbuf1
                0x0000000010002674                rx_err
                0x0000000010002678                _ebss = .
                0x0000000010002678                __bss_end__ = .

.cr_heap        0x0000000010002678        0x0 load address 0x000000000000243c
                0x0000000010002678                end = .
                0x0000000010002678                __end__ = .
                0x0000000010002678                _pvHeapStart = .
                0x0000000010003fe0                _StackTop = ((ORIGIN (ram) + 0x4000) - 0x20)
OUTPUT(assembly_test.elf elf32-littlearm)

.ARM.attributes
                0x0000000000000000       0x29
 .ARM.attributes
                0x0000000000000000       0x1d /Users/ahesham/research/Bluetooth/boss/uberCode/gcc-arm-none-eabi/bin/../lib/gcc/arm-none-eabi/4.9.3/armv7-m/crti.o
 .ARM.attributes
                0x000000000000001d       0x2d /Users/ahesham/research/Bluetooth/boss/uberCode/gcc-arm-none-eabi/bin/../lib/gcc/arm-none-eabi/4.9.3/armv7-m/crtbegin.o
 .ARM.attributes
                0x000000000000004a       0x2d /Users/ahesham/research/Bluetooth/boss/uberCode/gcc-arm-none-eabi/bin/../lib/gcc/arm-none-eabi/4.9.3/../../../../arm-none-eabi/lib/armv7-m/libc.a(lib_a-impure.o)
 .ARM.attributes
                0x0000000000000077       0x2d /Users/ahesham/research/Bluetooth/boss/uberCode/gcc-arm-none-eabi/bin/../lib/gcc/arm-none-eabi/4.9.3/../../../../arm-none-eabi/lib/armv7-m/libc.a(lib_a-init.o)
 .ARM.attributes
                0x00000000000000a4       0x2d /Users/ahesham/research/Bluetooth/boss/uberCode/gcc-arm-none-eabi/bin/../lib/gcc/arm-none-eabi/4.9.3/../../../../arm-none-eabi/lib/armv7-m/libc.a(lib_a-__call_atexit.o)
 .ARM.attributes
                0x00000000000000d1       0x2d /Users/ahesham/research/Bluetooth/boss/uberCode/gcc-arm-none-eabi/bin/../lib/gcc/arm-none-eabi/4.9.3/../../../../arm-none-eabi/lib/armv7-m/libc.a(lib_a-atexit.o)
 .ARM.attributes
                0x00000000000000fe       0x2d /Users/ahesham/research/Bluetooth/boss/uberCode/gcc-arm-none-eabi/bin/../lib/gcc/arm-none-eabi/4.9.3/../../../../arm-none-eabi/lib/armv7-m/libc.a(lib_a-fini.o)
 .ARM.attributes
                0x000000000000012b       0x2d /Users/ahesham/research/Bluetooth/boss/uberCode/gcc-arm-none-eabi/bin/../lib/gcc/arm-none-eabi/4.9.3/../../../../arm-none-eabi/lib/armv7-m/libc.a(lib_a-__atexit.o)
 .ARM.attributes
                0x0000000000000158       0x33 assembly_test.o
 .ARM.attributes
                0x000000000000018b       0x33 ../common/usb_serial.o
 .ARM.attributes
                0x00000000000001be       0x33 ../common/LPC17xx_Startup.o
 .ARM.attributes
                0x00000000000001f1       0x33 ../common/LPC17xx_Interrupts.o
 .ARM.attributes
                0x0000000000000224       0x33 ../common/ubertooth.o
 .ARM.attributes
                0x0000000000000257       0x33 ../common/lpcusb/target/usbcontrol.o
 .ARM.attributes
                0x000000000000028a       0x33 ../common/lpcusb/target/usbinit.o
 .ARM.attributes
                0x00000000000002bd       0x33 ../common/lpcusb/target/usbhw_lpc.o
 .ARM.attributes
                0x00000000000002f0       0x33 ../common/lpcusb/target/usbstdreq.o
 .ARM.attributes
                0x0000000000000323       0x1b /Users/ahesham/research/Bluetooth/boss/uberCode/gcc-arm-none-eabi/bin/../lib/gcc/arm-none-eabi/4.9.3/../../../../arm-none-eabi/lib/armv7-m/libc.a(lib_a-memcpy.o)
 .ARM.attributes
                0x000000000000033e       0x2d /Users/ahesham/research/Bluetooth/boss/uberCode/gcc-arm-none-eabi/bin/../lib/gcc/arm-none-eabi/4.9.3/../../../../arm-none-eabi/lib/armv7-m/libc.a(lib_a-strlen.o)
 .ARM.attributes
                0x000000000000036b       0x1d /Users/ahesham/research/Bluetooth/boss/uberCode/gcc-arm-none-eabi/bin/../lib/gcc/arm-none-eabi/4.9.3/armv7-m/crtn.o

.comment        0x0000000000000000       0x70
 .comment       0x0000000000000000       0x70 assembly_test.o
                                         0x71 (size before relaxing)
 .comment       0x0000000000000000       0x71 ../common/usb_serial.o
 .comment       0x0000000000000000       0x71 ../common/LPC17xx_Startup.o
 .comment       0x0000000000000000       0x71 ../common/LPC17xx_Interrupts.o
 .comment       0x0000000000000000       0x71 ../common/ubertooth.o
 .comment       0x0000000000000000       0x71 ../common/lpcusb/target/usbcontrol.o
 .comment       0x0000000000000000       0x71 ../common/lpcusb/target/usbinit.o
 .comment       0x0000000000000000       0x71 ../common/lpcusb/target/usbhw_lpc.o
 .comment       0x0000000000000000       0x71 ../common/lpcusb/target/usbstdreq.o

.debug_frame    0x0000000000000000      0xc04
 .debug_frame   0x0000000000000000       0x2c /Users/ahesham/research/Bluetooth/boss/uberCode/gcc-arm-none-eabi/bin/../lib/gcc/arm-none-eabi/4.9.3/../../../../arm-none-eabi/lib/armv7-m/libc.a(lib_a-init.o)
 .debug_frame   0x000000000000002c       0x50 /Users/ahesham/research/Bluetooth/boss/uberCode/gcc-arm-none-eabi/bin/../lib/gcc/arm-none-eabi/4.9.3/../../../../arm-none-eabi/lib/armv7-m/libc.a(lib_a-__call_atexit.o)
 .debug_frame   0x000000000000007c       0x20 /Users/ahesham/research/Bluetooth/boss/uberCode/gcc-arm-none-eabi/bin/../lib/gcc/arm-none-eabi/4.9.3/../../../../arm-none-eabi/lib/armv7-m/libc.a(lib_a-atexit.o)
 .debug_frame   0x000000000000009c       0x34 /Users/ahesham/research/Bluetooth/boss/uberCode/gcc-arm-none-eabi/bin/../lib/gcc/arm-none-eabi/4.9.3/../../../../arm-none-eabi/lib/armv7-m/libc.a(lib_a-fini.o)
 .debug_frame   0x00000000000000d0       0x34 /Users/ahesham/research/Bluetooth/boss/uberCode/gcc-arm-none-eabi/bin/../lib/gcc/arm-none-eabi/4.9.3/../../../../arm-none-eabi/lib/armv7-m/libc.a(lib_a-__atexit.o)
 .debug_frame   0x0000000000000104      0x260 assembly_test.o
 .debug_frame   0x0000000000000364      0x140 ../common/usb_serial.o
 .debug_frame   0x00000000000004a4       0x2c ../common/LPC17xx_Startup.o
 .debug_frame   0x00000000000004d0       0x20 ../common/LPC17xx_Interrupts.o
 .debug_frame   0x00000000000004f0      0x314 ../common/ubertooth.o
 .debug_frame   0x0000000000000804       0x9c ../common/lpcusb/target/usbcontrol.o
 .debug_frame   0x00000000000008a0       0x3c ../common/lpcusb/target/usbinit.o
 .debug_frame   0x00000000000008dc      0x230 ../common/lpcusb/target/usbhw_lpc.o
 .debug_frame   0x0000000000000b0c       0xd8 ../common/lpcusb/target/usbstdreq.o
 .debug_frame   0x0000000000000be4       0x20 /Users/ahesham/research/Bluetooth/boss/uberCode/gcc-arm-none-eabi/bin/../lib/gcc/arm-none-eabi/4.9.3/../../../../arm-none-eabi/lib/armv7-m/libc.a(lib_a-strlen.o)

.debug_info     0x0000000000000000     0x4684
 .debug_info    0x0000000000000000     0x1789 assembly_test.o
 .debug_info    0x0000000000001789      0x9b9 ../common/usb_serial.o
 .debug_info    0x0000000000002142      0x117 ../common/LPC17xx_Startup.o
 .debug_info    0x0000000000002259       0x7d ../common/LPC17xx_Interrupts.o
 .debug_info    0x00000000000022d6      0xa96 ../common/ubertooth.o
 .debug_info    0x0000000000002d6c      0x481 ../common/lpcusb/target/usbcontrol.o
 .debug_info    0x00000000000031ed      0x297 ../common/lpcusb/target/usbinit.o
 .debug_info    0x0000000000003484      0xab3 ../common/lpcusb/target/usbhw_lpc.o
 .debug_info    0x0000000000003f37      0x74d ../common/lpcusb/target/usbstdreq.o

.debug_abbrev   0x0000000000000000     0x1403
 .debug_abbrev  0x0000000000000000      0x3e6 assembly_test.o
 .debug_abbrev  0x00000000000003e6      0x2fa ../common/usb_serial.o
 .debug_abbrev  0x00000000000006e0       0xb8 ../common/LPC17xx_Startup.o
 .debug_abbrev  0x0000000000000798       0x80 ../common/LPC17xx_Interrupts.o
 .debug_abbrev  0x0000000000000818      0x2df ../common/ubertooth.o
 .debug_abbrev  0x0000000000000af7      0x24b ../common/lpcusb/target/usbcontrol.o
 .debug_abbrev  0x0000000000000d42      0x13d ../common/lpcusb/target/usbinit.o
 .debug_abbrev  0x0000000000000e7f      0x2ac ../common/lpcusb/target/usbhw_lpc.o
 .debug_abbrev  0x000000000000112b      0x2d8 ../common/lpcusb/target/usbstdreq.o

.debug_loc      0x0000000000000000     0x2199
 .debug_loc     0x0000000000000000      0x7d0 assembly_test.o
 .debug_loc     0x00000000000007d0      0x321 ../common/usb_serial.o
 .debug_loc     0x0000000000000af1       0x56 ../common/LPC17xx_Startup.o
 .debug_loc     0x0000000000000b47      0x61a ../common/ubertooth.o
 .debug_loc     0x0000000000001161      0x169 ../common/lpcusb/target/usbcontrol.o
 .debug_loc     0x00000000000012ca      0x7df ../common/lpcusb/target/usbhw_lpc.o
 .debug_loc     0x0000000000001aa9      0x6f0 ../common/lpcusb/target/usbstdreq.o

.debug_aranges  0x0000000000000000      0x3f0
 .debug_aranges
                0x0000000000000000       0xb0 assembly_test.o
 .debug_aranges
                0x00000000000000b0       0x70 ../common/usb_serial.o
 .debug_aranges
                0x0000000000000120       0x20 ../common/LPC17xx_Startup.o
 .debug_aranges
                0x0000000000000140       0x20 ../common/LPC17xx_Interrupts.o
 .debug_aranges
                0x0000000000000160      0x108 ../common/ubertooth.o
 .debug_aranges
                0x0000000000000268       0x38 ../common/lpcusb/target/usbcontrol.o
 .debug_aranges
                0x00000000000002a0       0x28 ../common/lpcusb/target/usbinit.o
 .debug_aranges
                0x00000000000002c8       0xd8 ../common/lpcusb/target/usbhw_lpc.o
 .debug_aranges
                0x00000000000003a0       0x50 ../common/lpcusb/target/usbstdreq.o

.debug_ranges   0x0000000000000000      0x420
 .debug_ranges  0x0000000000000000       0xb8 assembly_test.o
 .debug_ranges  0x00000000000000b8       0x78 ../common/usb_serial.o
 .debug_ranges  0x0000000000000130       0x10 ../common/LPC17xx_Startup.o
 .debug_ranges  0x0000000000000140       0x10 ../common/LPC17xx_Interrupts.o
 .debug_ranges  0x0000000000000150      0x128 ../common/ubertooth.o
 .debug_ranges  0x0000000000000278       0x28 ../common/lpcusb/target/usbcontrol.o
 .debug_ranges  0x00000000000002a0       0x18 ../common/lpcusb/target/usbinit.o
 .debug_ranges  0x00000000000002b8       0xe0 ../common/lpcusb/target/usbhw_lpc.o
 .debug_ranges  0x0000000000000398       0x88 ../common/lpcusb/target/usbstdreq.o

.debug_line     0x0000000000000000     0x15e8
 .debug_line    0x0000000000000000      0x6df assembly_test.o
 .debug_line    0x00000000000006df      0x283 ../common/usb_serial.o
 .debug_line    0x0000000000000962       0xd1 ../common/LPC17xx_Startup.o
 .debug_line    0x0000000000000a33       0x53 ../common/LPC17xx_Interrupts.o
 .debug_line    0x0000000000000a86      0x47b ../common/ubertooth.o
 .debug_line    0x0000000000000f01       0xef ../common/lpcusb/target/usbcontrol.o
 .debug_line    0x0000000000000ff0       0xa0 ../common/lpcusb/target/usbinit.o
 .debug_line    0x0000000000001090      0x3b1 ../common/lpcusb/target/usbhw_lpc.o
 .debug_line    0x0000000000001441      0x1a7 ../common/lpcusb/target/usbstdreq.o

.debug_str      0x0000000000000000     0x1859
 .debug_str     0x0000000000000000      0xd09 assembly_test.o
                                        0xd91 (size before relaxing)
 .debug_str     0x0000000000000d09      0x268 ../common/usb_serial.o
                                        0x519 (size before relaxing)
 .debug_str     0x0000000000000f71       0xbd ../common/LPC17xx_Startup.o
                                        0x26c (size before relaxing)
 .debug_str     0x000000000000102e       0x51 ../common/LPC17xx_Interrupts.o
                                        0x1ce (size before relaxing)
 .debug_str     0x000000000000107f      0x123 ../common/ubertooth.o
                                        0x3ed (size before relaxing)
 .debug_str     0x00000000000011a2       0xdf ../common/lpcusb/target/usbcontrol.o
                                        0x336 (size before relaxing)
 .debug_str     0x0000000000001281       0x56 ../common/lpcusb/target/usbinit.o
                                        0x2ca (size before relaxing)
 .debug_str     0x00000000000012d7      0x305 ../common/lpcusb/target/usbhw_lpc.o
                                        0x614 (size before relaxing)
 .debug_str     0x00000000000015dc      0x27d ../common/lpcusb/target/usbstdreq.o
                                        0x518 (size before relaxing)
