Archive member included because of file (symbol)

/Users/ahesham/research/Bluetooth/boss/uberCode/gcc-arm-none-eabi/bin/../lib/gcc/arm-none-eabi/4.9.3/../../../../arm-none-eabi/lib/armv7-m/libc.a(lib_a-exit.o)
                              /Users/ahesham/research/Bluetooth/boss/uberCode/gcc-arm-none-eabi/bin/../lib/gcc/arm-none-eabi/4.9.3/../../../../arm-none-eabi/lib/armv7-m/crt0.o (exit)
/Users/ahesham/research/Bluetooth/boss/uberCode/gcc-arm-none-eabi/bin/../lib/gcc/arm-none-eabi/4.9.3/../../../../arm-none-eabi/lib/armv7-m/libc.a(lib_a-impure.o)
                              /Users/ahesham/research/Bluetooth/boss/uberCode/gcc-arm-none-eabi/bin/../lib/gcc/arm-none-eabi/4.9.3/../../../../arm-none-eabi/lib/armv7-m/libc.a(lib_a-exit.o) (_global_impure_ptr)
/Users/ahesham/research/Bluetooth/boss/uberCode/gcc-arm-none-eabi/bin/../lib/gcc/arm-none-eabi/4.9.3/../../../../arm-none-eabi/lib/armv7-m/libc.a(lib_a-init.o)
                              /Users/ahesham/research/Bluetooth/boss/uberCode/gcc-arm-none-eabi/bin/../lib/gcc/arm-none-eabi/4.9.3/../../../../arm-none-eabi/lib/armv7-m/crt0.o (__libc_init_array)
/Users/ahesham/research/Bluetooth/boss/uberCode/gcc-arm-none-eabi/bin/../lib/gcc/arm-none-eabi/4.9.3/../../../../arm-none-eabi/lib/armv7-m/libc.a(lib_a-memset.o)
                              /Users/ahesham/research/Bluetooth/boss/uberCode/gcc-arm-none-eabi/bin/../lib/gcc/arm-none-eabi/4.9.3/../../../../arm-none-eabi/lib/armv7-m/crt0.o (memset)
/Users/ahesham/research/Bluetooth/boss/uberCode/gcc-arm-none-eabi/bin/../lib/gcc/arm-none-eabi/4.9.3/../../../../arm-none-eabi/lib/armv7-m/libc.a(lib_a-__call_atexit.o)
                              /Users/ahesham/research/Bluetooth/boss/uberCode/gcc-arm-none-eabi/bin/../lib/gcc/arm-none-eabi/4.9.3/../../../../arm-none-eabi/lib/armv7-m/libc.a(lib_a-exit.o) (__call_exitprocs)
/Users/ahesham/research/Bluetooth/boss/uberCode/gcc-arm-none-eabi/bin/../lib/gcc/arm-none-eabi/4.9.3/../../../../arm-none-eabi/lib/armv7-m/libc.a(lib_a-atexit.o)
                              /Users/ahesham/research/Bluetooth/boss/uberCode/gcc-arm-none-eabi/bin/../lib/gcc/arm-none-eabi/4.9.3/../../../../arm-none-eabi/lib/armv7-m/libc.a(lib_a-__call_atexit.o) (atexit)
/Users/ahesham/research/Bluetooth/boss/uberCode/gcc-arm-none-eabi/bin/../lib/gcc/arm-none-eabi/4.9.3/../../../../arm-none-eabi/lib/armv7-m/libc.a(lib_a-fini.o)
                              /Users/ahesham/research/Bluetooth/boss/uberCode/gcc-arm-none-eabi/bin/../lib/gcc/arm-none-eabi/4.9.3/../../../../arm-none-eabi/lib/armv7-m/libc.a(lib_a-__call_atexit.o) (__libc_fini_array)
/Users/ahesham/research/Bluetooth/boss/uberCode/gcc-arm-none-eabi/bin/../lib/gcc/arm-none-eabi/4.9.3/../../../../arm-none-eabi/lib/armv7-m/libc.a(lib_a-__atexit.o)
                              /Users/ahesham/research/Bluetooth/boss/uberCode/gcc-arm-none-eabi/bin/../lib/gcc/arm-none-eabi/4.9.3/../../../../arm-none-eabi/lib/armv7-m/libc.a(lib_a-atexit.o) (__register_exitproc)
/Users/ahesham/research/Bluetooth/boss/uberCode/gcc-arm-none-eabi/bin/../lib/gcc/arm-none-eabi/4.9.3/armv7-m/libgcc.a(_ashldi3.o)
                              bluetooth_rxtx.o (__aeabi_llsl)
/Users/ahesham/research/Bluetooth/boss/uberCode/gcc-arm-none-eabi/bin/../lib/gcc/arm-none-eabi/4.9.3/../../../../arm-none-eabi/lib/armv7-m/libc.a(lib_a-memcmp.o)
                              bluetooth_rxtx.o (memcmp)
/Users/ahesham/research/Bluetooth/boss/uberCode/gcc-arm-none-eabi/bin/../lib/gcc/arm-none-eabi/4.9.3/../../../../arm-none-eabi/lib/armv7-m/libc.a(lib_a-memcpy.o)
                              bluetooth_rxtx.o (memcpy)
/Users/ahesham/research/Bluetooth/boss/uberCode/gcc-arm-none-eabi/bin/../lib/gcc/arm-none-eabi/4.9.3/../../../../arm-none-eabi/lib/armv7-m/libc.a(lib_a-strlen.o)
                              bluetooth_rxtx.o (strlen)
/Users/ahesham/research/Bluetooth/boss/uberCode/gcc-arm-none-eabi/bin/../lib/gcc/arm-none-eabi/4.9.3/../../../../arm-none-eabi/lib/armv7-m/libnosys.a(_exit.o)
                              /Users/ahesham/research/Bluetooth/boss/uberCode/gcc-arm-none-eabi/bin/../lib/gcc/arm-none-eabi/4.9.3/../../../../arm-none-eabi/lib/armv7-m/libc.a(lib_a-exit.o) (_exit)

Allocating common symbols
Common symbol       size              file

last_hop            0x4               bluetooth_rxtx.o
b                   0x1               bluetooth.o
rx_tc               0x4               bluetooth_rxtx.o
rssi_max            0x1               bluetooth_rxtx.o
used_channels       0x1               bluetooth_rxtx.o
le_dma_lli          0xb0              ubertooth_dma.o
rssi_min            0x1               bluetooth_rxtx.o
afh_map             0xa               bluetooth_rxtx.o
d1                  0x2               bluetooth.o
clkn_offset         0x4               bluetooth_rxtx.o
rx_dma_lli2         0x10              ubertooth_dma.o
afh_bank            0x4f              bluetooth.o
a1                  0x1               bluetooth.o
clkn_last_drift_fix
                    0x4               bluetooth_rxtx.o
clk_drift_correction
                    0x2               bluetooth_rxtx.o
clkn                0x4               bluetooth_rxtx.o
tx_pkt              0x3a              bluetooth_rxtx.o
active_rxbuf        0x4               bluetooth_rxtx.o
rssi_sum            0x4               ubertooth_rssi.o
fifo                0x2000            ubertooth_usb.o
le_promisc          0x108             bluetooth_rxtx.o
cs_no_squelch       0x1               bluetooth_rxtx.o
clk100ns_offset     0x2               bluetooth_rxtx.o
c1                  0x1               bluetooth.o
syncword            0x8               bluetooth_rxtx.o
idle_rxbuf          0x4               bluetooth_rxtx.o
bank                0x4f              bluetooth.o
unpacked            0x320             bluetooth_rxtx.o
clk_drift_ppm       0x2               bluetooth_rxtx.o
rssi_count          0x1               bluetooth_rxtx.o
afh_enabled         0x1               bluetooth_rxtx.o
cs_threshold_req    0x1               bluetooth_rxtx.o
rxbuf2              0x32              bluetooth_rxtx.o
abVendorReqData     0x102             ubertooth_usb.o
v_req_handler       0x4               ubertooth_usb.o
rx_dma_lli1         0x10              ubertooth_dma.o
clkn_next_drift_fix
                    0x4               bluetooth_rxtx.o
e                   0x1               bluetooth.o
rr                  0x5               bluetooth_rxtx.o
rxbuf1              0x32              bluetooth_rxtx.o
rx_err              0x4               bluetooth_rxtx.o
cs_threshold_cur    0x1               bluetooth_rxtx.o
cs_trigger          0x1               bluetooth_rxtx.o
target              0x10              bluetooth_rxtx.o

Discarded input sections

 .text          0x0000000000000000        0x0 /Users/ahesham/research/Bluetooth/boss/uberCode/gcc-arm-none-eabi/bin/../lib/gcc/arm-none-eabi/4.9.3/armv7-m/crti.o
 .data          0x0000000000000000        0x0 /Users/ahesham/research/Bluetooth/boss/uberCode/gcc-arm-none-eabi/bin/../lib/gcc/arm-none-eabi/4.9.3/armv7-m/crti.o
 .bss           0x0000000000000000        0x0 /Users/ahesham/research/Bluetooth/boss/uberCode/gcc-arm-none-eabi/bin/../lib/gcc/arm-none-eabi/4.9.3/armv7-m/crti.o
 .data          0x0000000000000000        0x4 /Users/ahesham/research/Bluetooth/boss/uberCode/gcc-arm-none-eabi/bin/../lib/gcc/arm-none-eabi/4.9.3/armv7-m/crtbegin.o
 .text          0x0000000000000000       0x74 /Users/ahesham/research/Bluetooth/boss/uberCode/gcc-arm-none-eabi/bin/../lib/gcc/arm-none-eabi/4.9.3/../../../../arm-none-eabi/lib/armv7-m/crt0.o
 .data          0x0000000000000000        0x0 /Users/ahesham/research/Bluetooth/boss/uberCode/gcc-arm-none-eabi/bin/../lib/gcc/arm-none-eabi/4.9.3/../../../../arm-none-eabi/lib/armv7-m/crt0.o
 .bss           0x0000000000000000        0x0 /Users/ahesham/research/Bluetooth/boss/uberCode/gcc-arm-none-eabi/bin/../lib/gcc/arm-none-eabi/4.9.3/../../../../arm-none-eabi/lib/armv7-m/crt0.o
 .ARM.extab     0x0000000000000000        0x0 /Users/ahesham/research/Bluetooth/boss/uberCode/gcc-arm-none-eabi/bin/../lib/gcc/arm-none-eabi/4.9.3/../../../../arm-none-eabi/lib/armv7-m/crt0.o
 .ARM.exidx     0x0000000000000000        0x8 /Users/ahesham/research/Bluetooth/boss/uberCode/gcc-arm-none-eabi/bin/../lib/gcc/arm-none-eabi/4.9.3/../../../../arm-none-eabi/lib/armv7-m/crt0.o
 .ARM.attributes
                0x0000000000000000       0x1b /Users/ahesham/research/Bluetooth/boss/uberCode/gcc-arm-none-eabi/bin/../lib/gcc/arm-none-eabi/4.9.3/../../../../arm-none-eabi/lib/armv7-m/crt0.o
 .text          0x0000000000000000        0x0 /Users/ahesham/research/Bluetooth/boss/uberCode/gcc-arm-none-eabi/bin/../lib/gcc/arm-none-eabi/4.9.3/../../../../arm-none-eabi/lib/armv7-m/libc.a(lib_a-exit.o)
 .data          0x0000000000000000        0x0 /Users/ahesham/research/Bluetooth/boss/uberCode/gcc-arm-none-eabi/bin/../lib/gcc/arm-none-eabi/4.9.3/../../../../arm-none-eabi/lib/armv7-m/libc.a(lib_a-exit.o)
 .bss           0x0000000000000000        0x0 /Users/ahesham/research/Bluetooth/boss/uberCode/gcc-arm-none-eabi/bin/../lib/gcc/arm-none-eabi/4.9.3/../../../../arm-none-eabi/lib/armv7-m/libc.a(lib_a-exit.o)
 .text.exit     0x0000000000000000       0x20 /Users/ahesham/research/Bluetooth/boss/uberCode/gcc-arm-none-eabi/bin/../lib/gcc/arm-none-eabi/4.9.3/../../../../arm-none-eabi/lib/armv7-m/libc.a(lib_a-exit.o)
 .debug_frame   0x0000000000000000       0x28 /Users/ahesham/research/Bluetooth/boss/uberCode/gcc-arm-none-eabi/bin/../lib/gcc/arm-none-eabi/4.9.3/../../../../arm-none-eabi/lib/armv7-m/libc.a(lib_a-exit.o)
 .ARM.attributes
                0x0000000000000000       0x2d /Users/ahesham/research/Bluetooth/boss/uberCode/gcc-arm-none-eabi/bin/../lib/gcc/arm-none-eabi/4.9.3/../../../../arm-none-eabi/lib/armv7-m/libc.a(lib_a-exit.o)
 .text          0x0000000000000000        0x0 /Users/ahesham/research/Bluetooth/boss/uberCode/gcc-arm-none-eabi/bin/../lib/gcc/arm-none-eabi/4.9.3/../../../../arm-none-eabi/lib/armv7-m/libc.a(lib_a-impure.o)
 .data          0x0000000000000000        0x0 /Users/ahesham/research/Bluetooth/boss/uberCode/gcc-arm-none-eabi/bin/../lib/gcc/arm-none-eabi/4.9.3/../../../../arm-none-eabi/lib/armv7-m/libc.a(lib_a-impure.o)
 .bss           0x0000000000000000        0x0 /Users/ahesham/research/Bluetooth/boss/uberCode/gcc-arm-none-eabi/bin/../lib/gcc/arm-none-eabi/4.9.3/../../../../arm-none-eabi/lib/armv7-m/libc.a(lib_a-impure.o)
 .data._impure_ptr
                0x0000000000000000        0x4 /Users/ahesham/research/Bluetooth/boss/uberCode/gcc-arm-none-eabi/bin/../lib/gcc/arm-none-eabi/4.9.3/../../../../arm-none-eabi/lib/armv7-m/libc.a(lib_a-impure.o)
 .text          0x0000000000000000        0x0 /Users/ahesham/research/Bluetooth/boss/uberCode/gcc-arm-none-eabi/bin/../lib/gcc/arm-none-eabi/4.9.3/../../../../arm-none-eabi/lib/armv7-m/libc.a(lib_a-init.o)
 .data          0x0000000000000000        0x0 /Users/ahesham/research/Bluetooth/boss/uberCode/gcc-arm-none-eabi/bin/../lib/gcc/arm-none-eabi/4.9.3/../../../../arm-none-eabi/lib/armv7-m/libc.a(lib_a-init.o)
 .bss           0x0000000000000000        0x0 /Users/ahesham/research/Bluetooth/boss/uberCode/gcc-arm-none-eabi/bin/../lib/gcc/arm-none-eabi/4.9.3/../../../../arm-none-eabi/lib/armv7-m/libc.a(lib_a-init.o)
 .text          0x0000000000000000        0x0 /Users/ahesham/research/Bluetooth/boss/uberCode/gcc-arm-none-eabi/bin/../lib/gcc/arm-none-eabi/4.9.3/../../../../arm-none-eabi/lib/armv7-m/libc.a(lib_a-memset.o)
 .data          0x0000000000000000        0x0 /Users/ahesham/research/Bluetooth/boss/uberCode/gcc-arm-none-eabi/bin/../lib/gcc/arm-none-eabi/4.9.3/../../../../arm-none-eabi/lib/armv7-m/libc.a(lib_a-memset.o)
 .bss           0x0000000000000000        0x0 /Users/ahesham/research/Bluetooth/boss/uberCode/gcc-arm-none-eabi/bin/../lib/gcc/arm-none-eabi/4.9.3/../../../../arm-none-eabi/lib/armv7-m/libc.a(lib_a-memset.o)
 .text          0x0000000000000000        0x0 /Users/ahesham/research/Bluetooth/boss/uberCode/gcc-arm-none-eabi/bin/../lib/gcc/arm-none-eabi/4.9.3/../../../../arm-none-eabi/lib/armv7-m/libc.a(lib_a-__call_atexit.o)
 .data          0x0000000000000000        0x0 /Users/ahesham/research/Bluetooth/boss/uberCode/gcc-arm-none-eabi/bin/../lib/gcc/arm-none-eabi/4.9.3/../../../../arm-none-eabi/lib/armv7-m/libc.a(lib_a-__call_atexit.o)
 .bss           0x0000000000000000        0x0 /Users/ahesham/research/Bluetooth/boss/uberCode/gcc-arm-none-eabi/bin/../lib/gcc/arm-none-eabi/4.9.3/../../../../arm-none-eabi/lib/armv7-m/libc.a(lib_a-__call_atexit.o)
 .text.__call_exitprocs
                0x0000000000000000       0xd4 /Users/ahesham/research/Bluetooth/boss/uberCode/gcc-arm-none-eabi/bin/../lib/gcc/arm-none-eabi/4.9.3/../../../../arm-none-eabi/lib/armv7-m/libc.a(lib_a-__call_atexit.o)
 .text          0x0000000000000000        0x0 /Users/ahesham/research/Bluetooth/boss/uberCode/gcc-arm-none-eabi/bin/../lib/gcc/arm-none-eabi/4.9.3/../../../../arm-none-eabi/lib/armv7-m/libc.a(lib_a-atexit.o)
 .data          0x0000000000000000        0x0 /Users/ahesham/research/Bluetooth/boss/uberCode/gcc-arm-none-eabi/bin/../lib/gcc/arm-none-eabi/4.9.3/../../../../arm-none-eabi/lib/armv7-m/libc.a(lib_a-atexit.o)
 .bss           0x0000000000000000        0x0 /Users/ahesham/research/Bluetooth/boss/uberCode/gcc-arm-none-eabi/bin/../lib/gcc/arm-none-eabi/4.9.3/../../../../arm-none-eabi/lib/armv7-m/libc.a(lib_a-atexit.o)
 .text          0x0000000000000000        0x0 /Users/ahesham/research/Bluetooth/boss/uberCode/gcc-arm-none-eabi/bin/../lib/gcc/arm-none-eabi/4.9.3/../../../../arm-none-eabi/lib/armv7-m/libc.a(lib_a-fini.o)
 .data          0x0000000000000000        0x0 /Users/ahesham/research/Bluetooth/boss/uberCode/gcc-arm-none-eabi/bin/../lib/gcc/arm-none-eabi/4.9.3/../../../../arm-none-eabi/lib/armv7-m/libc.a(lib_a-fini.o)
 .bss           0x0000000000000000        0x0 /Users/ahesham/research/Bluetooth/boss/uberCode/gcc-arm-none-eabi/bin/../lib/gcc/arm-none-eabi/4.9.3/../../../../arm-none-eabi/lib/armv7-m/libc.a(lib_a-fini.o)
 .text          0x0000000000000000        0x0 /Users/ahesham/research/Bluetooth/boss/uberCode/gcc-arm-none-eabi/bin/../lib/gcc/arm-none-eabi/4.9.3/../../../../arm-none-eabi/lib/armv7-m/libc.a(lib_a-__atexit.o)
 .data          0x0000000000000000        0x0 /Users/ahesham/research/Bluetooth/boss/uberCode/gcc-arm-none-eabi/bin/../lib/gcc/arm-none-eabi/4.9.3/../../../../arm-none-eabi/lib/armv7-m/libc.a(lib_a-__atexit.o)
 .bss           0x0000000000000000        0x0 /Users/ahesham/research/Bluetooth/boss/uberCode/gcc-arm-none-eabi/bin/../lib/gcc/arm-none-eabi/4.9.3/../../../../arm-none-eabi/lib/armv7-m/libc.a(lib_a-__atexit.o)
 .text          0x0000000000000000        0x0 bluetooth_rxtx.o
 .text          0x0000000000000000        0x0 bluetooth.o
 .data          0x0000000000000000        0x0 bluetooth.o
 .bss           0x0000000000000000        0x0 bluetooth.o
 .text.find_access_code
                0x0000000000000000       0xc0 bluetooth.o
 .text          0x0000000000000000        0x0 bluetooth_le.o
 .bss           0x0000000000000000        0x0 bluetooth_le.o
 .text          0x0000000000000000        0x0 ubertooth_usb.o
 .text          0x0000000000000000        0x0 ubertooth_rssi.o
 .data          0x0000000000000000        0x0 ubertooth_rssi.o
 .text          0x0000000000000000        0x0 ubertooth_cs.o
 .data          0x0000000000000000        0x0 ubertooth_cs.o
 .bss           0x0000000000000000        0x0 ubertooth_cs.o
 .text          0x0000000000000000        0x0 ubertooth_clock.o
 .data          0x0000000000000000        0x0 ubertooth_clock.o
 .bss           0x0000000000000000        0x0 ubertooth_clock.o
 .text          0x0000000000000000        0x0 ubertooth_dma.o
 .data          0x0000000000000000        0x0 ubertooth_dma.o
 .bss           0x0000000000000000        0x0 ubertooth_dma.o
 .text          0x0000000000000000        0x0 cc2400_rangetest.o
 .data          0x0000000000000000        0x0 cc2400_rangetest.o
 .bss           0x0000000000000000        0x0 cc2400_rangetest.o
 .text          0x0000000000000000        0x0 ego.o
 .data          0x0000000000000000        0x0 ego.o
 .bss           0x0000000000000000        0x0 ego.o
 .text          0x0000000000000000        0x0 ../common/usb_serial.o
 .data          0x0000000000000000       0xdc ../common/usb_serial.o
 .bss           0x0000000000000000      0x168 ../common/usb_serial.o
 .text.USBDevIntHandler
                0x0000000000000000       0x10 ../common/usb_serial.o
 .text.SendNextBulkIn.part.0
                0x0000000000000000       0x3c ../common/usb_serial.o
 .text.USBFrameHandler
                0x0000000000000000       0x28 ../common/usb_serial.o
 .text.BulkOut  0x0000000000000000       0x3c ../common/usb_serial.o
 .text.HandleClassRequest
                0x0000000000000000       0x34 ../common/usb_serial.o
 .text.BulkIn   0x0000000000000000       0x14 ../common/usb_serial.o
 .text.VCOM_init
                0x0000000000000000       0x28 ../common/usb_serial.o
 .text.VCOM_putchar
                0x0000000000000000       0x1c ../common/usb_serial.o
 .text.VCOM_getchar
                0x0000000000000000       0x24 ../common/usb_serial.o
 .text.usb_serial_init
                0x0000000000000000       0x74 ../common/usb_serial.o
 .text          0x0000000000000000        0x0 ../common/serial_fifo.o
 .data          0x0000000000000000        0x0 ../common/serial_fifo.o
 .bss           0x0000000000000000        0x0 ../common/serial_fifo.o
 .text.fifo_init
                0x0000000000000000        0xa ../common/serial_fifo.o
 .text.fifo_put
                0x0000000000000000       0x34 ../common/serial_fifo.o
 .text.fifo_get
                0x0000000000000000       0x30 ../common/serial_fifo.o
 .text.fifo_avail
                0x0000000000000000       0x20 ../common/serial_fifo.o
 .text.fifo_free
                0x0000000000000000        0xc ../common/serial_fifo.o
 .debug_info    0x0000000000000000      0x1af ../common/serial_fifo.o
 .debug_abbrev  0x0000000000000000      0x12a ../common/serial_fifo.o
 .debug_loc     0x0000000000000000       0xcd ../common/serial_fifo.o
 .debug_aranges
                0x0000000000000000       0x40 ../common/serial_fifo.o
 .debug_ranges  0x0000000000000000       0x30 ../common/serial_fifo.o
 .debug_line    0x0000000000000000       0xd5 ../common/serial_fifo.o
 .debug_str     0x0000000000000000      0x201 ../common/serial_fifo.o
 .comment       0x0000000000000000       0x71 ../common/serial_fifo.o
 .debug_frame   0x0000000000000000       0x78 ../common/serial_fifo.o
 .ARM.attributes
                0x0000000000000000       0x33 ../common/serial_fifo.o
 .text          0x0000000000000000        0x0 ../common/LPC17xx_Startup.o
 .data          0x0000000000000000        0x0 ../common/LPC17xx_Startup.o
 .bss           0x0000000000000000        0x0 ../common/LPC17xx_Startup.o
 .text          0x0000000000000000        0x0 ../common/LPC17xx_Interrupts.o
 .data          0x0000000000000000        0x0 ../common/LPC17xx_Interrupts.o
 .bss           0x0000000000000000        0x0 ../common/LPC17xx_Interrupts.o
 .text          0x0000000000000000        0x0 ../common/ubertooth.o
 .data          0x0000000000000000        0x0 ../common/ubertooth.o
 .text.wait_ms  0x0000000000000000        0xa ../common/ubertooth.o
 .text.cc2400_tune_rx
                0x0000000000000000        0xa ../common/ubertooth.o
 .text.cc2400_tune_tx
                0x0000000000000000        0x8 ../common/ubertooth.o
 .text.cc2400_hop_rx
                0x0000000000000000       0x38 ../common/ubertooth.o
 .text.cc2400_hop_tx
                0x0000000000000000       0x38 ../common/ubertooth.o
 .text          0x0000000000000000        0x0 ../common/lpcusb/target/usbcontrol.o
 .data          0x0000000000000000        0x0 ../common/lpcusb/target/usbcontrol.o
 .text          0x0000000000000000        0x0 ../common/lpcusb/target/usbinit.o
 .data          0x0000000000000000        0x0 ../common/lpcusb/target/usbinit.o
 .text          0x0000000000000000        0x0 ../common/lpcusb/target/usbhw_lpc.o
 .data          0x0000000000000000        0x0 ../common/lpcusb/target/usbhw_lpc.o
 .text.USBHwRegisterFrameHandler
                0x0000000000000000       0x18 ../common/lpcusb/target/usbhw_lpc.o
 .text.USBHwISOCEPRead
                0x0000000000000000       0x80 ../common/lpcusb/target/usbhw_lpc.o
 .text.USBSetupDMADescriptor
                0x0000000000000000       0x52 ../common/lpcusb/target/usbhw_lpc.o
 .text.USBDisableDMAForEndpoint
                0x0000000000000000       0x18 ../common/lpcusb/target/usbhw_lpc.o
 .text.USBEnableDMAForEndpoint
                0x0000000000000000       0x18 ../common/lpcusb/target/usbhw_lpc.o
 .text.USBInitializeISOCFrameArray
                0x0000000000000000       0x26 ../common/lpcusb/target/usbhw_lpc.o
 .text.USBSetHeadDDForDMA
                0x0000000000000000       0x10 ../common/lpcusb/target/usbhw_lpc.o
 .text.USBInitializeUSBDMA
                0x0000000000000000       0x1c ../common/lpcusb/target/usbhw_lpc.o
 .text          0x0000000000000000        0x0 ../common/lpcusb/target/usbstdreq.o
 .text.USBGetOsStringDescriptor
                0x0000000000000000       0x1c ../common/lpcusb/target/usbstdreq.o
 .text.USBRegisterCustomReqHandler
                0x0000000000000000        0xc ../common/lpcusb/target/usbstdreq.o
 .data          0x0000000000000000        0x0 /Users/ahesham/research/Bluetooth/boss/uberCode/gcc-arm-none-eabi/bin/../lib/gcc/arm-none-eabi/4.9.3/armv7-m/libgcc.a(_ashldi3.o)
 .bss           0x0000000000000000        0x0 /Users/ahesham/research/Bluetooth/boss/uberCode/gcc-arm-none-eabi/bin/../lib/gcc/arm-none-eabi/4.9.3/armv7-m/libgcc.a(_ashldi3.o)
 .text          0x0000000000000000        0x0 /Users/ahesham/research/Bluetooth/boss/uberCode/gcc-arm-none-eabi/bin/../lib/gcc/arm-none-eabi/4.9.3/../../../../arm-none-eabi/lib/armv7-m/libc.a(lib_a-memcmp.o)
 .data          0x0000000000000000        0x0 /Users/ahesham/research/Bluetooth/boss/uberCode/gcc-arm-none-eabi/bin/../lib/gcc/arm-none-eabi/4.9.3/../../../../arm-none-eabi/lib/armv7-m/libc.a(lib_a-memcmp.o)
 .bss           0x0000000000000000        0x0 /Users/ahesham/research/Bluetooth/boss/uberCode/gcc-arm-none-eabi/bin/../lib/gcc/arm-none-eabi/4.9.3/../../../../arm-none-eabi/lib/armv7-m/libc.a(lib_a-memcmp.o)
 .data          0x0000000000000000        0x0 /Users/ahesham/research/Bluetooth/boss/uberCode/gcc-arm-none-eabi/bin/../lib/gcc/arm-none-eabi/4.9.3/../../../../arm-none-eabi/lib/armv7-m/libc.a(lib_a-memcpy.o)
 .bss           0x0000000000000000        0x0 /Users/ahesham/research/Bluetooth/boss/uberCode/gcc-arm-none-eabi/bin/../lib/gcc/arm-none-eabi/4.9.3/../../../../arm-none-eabi/lib/armv7-m/libc.a(lib_a-memcpy.o)
 .text          0x0000000000000000        0x0 /Users/ahesham/research/Bluetooth/boss/uberCode/gcc-arm-none-eabi/bin/../lib/gcc/arm-none-eabi/4.9.3/../../../../arm-none-eabi/lib/armv7-m/libc.a(lib_a-strlen.o)
 .data          0x0000000000000000        0x0 /Users/ahesham/research/Bluetooth/boss/uberCode/gcc-arm-none-eabi/bin/../lib/gcc/arm-none-eabi/4.9.3/../../../../arm-none-eabi/lib/armv7-m/libc.a(lib_a-strlen.o)
 .bss           0x0000000000000000        0x0 /Users/ahesham/research/Bluetooth/boss/uberCode/gcc-arm-none-eabi/bin/../lib/gcc/arm-none-eabi/4.9.3/../../../../arm-none-eabi/lib/armv7-m/libc.a(lib_a-strlen.o)
 .text          0x0000000000000000        0x0 /Users/ahesham/research/Bluetooth/boss/uberCode/gcc-arm-none-eabi/bin/../lib/gcc/arm-none-eabi/4.9.3/armv7-m/crtend.o
 .data          0x0000000000000000        0x0 /Users/ahesham/research/Bluetooth/boss/uberCode/gcc-arm-none-eabi/bin/../lib/gcc/arm-none-eabi/4.9.3/armv7-m/crtend.o
 .bss           0x0000000000000000        0x0 /Users/ahesham/research/Bluetooth/boss/uberCode/gcc-arm-none-eabi/bin/../lib/gcc/arm-none-eabi/4.9.3/armv7-m/crtend.o
 .eh_frame      0x0000000000000000        0x4 /Users/ahesham/research/Bluetooth/boss/uberCode/gcc-arm-none-eabi/bin/../lib/gcc/arm-none-eabi/4.9.3/armv7-m/crtend.o
 .jcr           0x0000000000000000        0x4 /Users/ahesham/research/Bluetooth/boss/uberCode/gcc-arm-none-eabi/bin/../lib/gcc/arm-none-eabi/4.9.3/armv7-m/crtend.o
 .ARM.attributes
                0x0000000000000000       0x2d /Users/ahesham/research/Bluetooth/boss/uberCode/gcc-arm-none-eabi/bin/../lib/gcc/arm-none-eabi/4.9.3/armv7-m/crtend.o
 .text          0x0000000000000000        0x0 /Users/ahesham/research/Bluetooth/boss/uberCode/gcc-arm-none-eabi/bin/../lib/gcc/arm-none-eabi/4.9.3/armv7-m/crtn.o
 .data          0x0000000000000000        0x0 /Users/ahesham/research/Bluetooth/boss/uberCode/gcc-arm-none-eabi/bin/../lib/gcc/arm-none-eabi/4.9.3/armv7-m/crtn.o
 .bss           0x0000000000000000        0x0 /Users/ahesham/research/Bluetooth/boss/uberCode/gcc-arm-none-eabi/bin/../lib/gcc/arm-none-eabi/4.9.3/armv7-m/crtn.o
 .text          0x0000000000000000        0x0 /Users/ahesham/research/Bluetooth/boss/uberCode/gcc-arm-none-eabi/bin/../lib/gcc/arm-none-eabi/4.9.3/../../../../arm-none-eabi/lib/armv7-m/libnosys.a(_exit.o)
 .data          0x0000000000000000        0x0 /Users/ahesham/research/Bluetooth/boss/uberCode/gcc-arm-none-eabi/bin/../lib/gcc/arm-none-eabi/4.9.3/../../../../arm-none-eabi/lib/armv7-m/libnosys.a(_exit.o)
 .bss           0x0000000000000000        0x0 /Users/ahesham/research/Bluetooth/boss/uberCode/gcc-arm-none-eabi/bin/../lib/gcc/arm-none-eabi/4.9.3/../../../../arm-none-eabi/lib/armv7-m/libnosys.a(_exit.o)
 .text._exit    0x0000000000000000        0x4 /Users/ahesham/research/Bluetooth/boss/uberCode/gcc-arm-none-eabi/bin/../lib/gcc/arm-none-eabi/4.9.3/../../../../arm-none-eabi/lib/armv7-m/libnosys.a(_exit.o)
 .debug_frame   0x0000000000000000       0x20 /Users/ahesham/research/Bluetooth/boss/uberCode/gcc-arm-none-eabi/bin/../lib/gcc/arm-none-eabi/4.9.3/../../../../arm-none-eabi/lib/armv7-m/libnosys.a(_exit.o)
 .ARM.attributes
                0x0000000000000000       0x2d /Users/ahesham/research/Bluetooth/boss/uberCode/gcc-arm-none-eabi/bin/../lib/gcc/arm-none-eabi/4.9.3/../../../../arm-none-eabi/lib/armv7-m/libnosys.a(_exit.o)

Memory Configuration

Name             Origin             Length             Attributes
rom              0x0000000000004000 0x000000000001c000 xr
ram              0x0000000010000000 0x0000000000004000 xrw
*default*        0x0000000000000000 0xffffffffffffffff

Linker script and memory map

LOAD /Users/ahesham/research/Bluetooth/boss/uberCode/gcc-arm-none-eabi/bin/../lib/gcc/arm-none-eabi/4.9.3/armv7-m/crti.o
LOAD /Users/ahesham/research/Bluetooth/boss/uberCode/gcc-arm-none-eabi/bin/../lib/gcc/arm-none-eabi/4.9.3/armv7-m/crtbegin.o
LOAD /Users/ahesham/research/Bluetooth/boss/uberCode/gcc-arm-none-eabi/bin/../lib/gcc/arm-none-eabi/4.9.3/../../../../arm-none-eabi/lib/armv7-m/crt0.o
START GROUP
LOAD /Users/ahesham/research/Bluetooth/boss/uberCode/gcc-arm-none-eabi/bin/../lib/gcc/arm-none-eabi/4.9.3/../../../../arm-none-eabi/lib/armv7-m/libc.a
LOAD /Users/ahesham/research/Bluetooth/boss/uberCode/gcc-arm-none-eabi/bin/../lib/gcc/arm-none-eabi/4.9.3/../../../../arm-none-eabi/lib/armv7-m/libg.a
LOAD /Users/ahesham/research/Bluetooth/boss/uberCode/gcc-arm-none-eabi/bin/../lib/gcc/arm-none-eabi/4.9.3/armv7-m/libgcc.a
LOAD /Users/ahesham/research/Bluetooth/boss/uberCode/gcc-arm-none-eabi/bin/../lib/gcc/arm-none-eabi/4.9.3/../../../../arm-none-eabi/lib/armv7-m/libm.a
END GROUP
LOAD bluetooth_rxtx.o
LOAD bluetooth.o
LOAD bluetooth_le.o
LOAD ubertooth_usb.o
LOAD ubertooth_rssi.o
LOAD ubertooth_cs.o
LOAD ubertooth_clock.o
LOAD ubertooth_dma.o
LOAD cc2400_rangetest.o
LOAD ego.o
LOAD ../common/usb_serial.o
LOAD ../common/serial_fifo.o
LOAD ../common/LPC17xx_Startup.o
LOAD ../common/LPC17xx_Interrupts.o
LOAD ../common/ubertooth.o
LOAD ../common/lpcusb/target/usbcontrol.o
LOAD ../common/lpcusb/target/usbinit.o
LOAD ../common/lpcusb/target/usbhw_lpc.o
LOAD ../common/lpcusb/target/usbstdreq.o
START GROUP
LOAD /Users/ahesham/research/Bluetooth/boss/uberCode/gcc-arm-none-eabi/bin/../lib/gcc/arm-none-eabi/4.9.3/armv7-m/libgcc.a
LOAD /Users/ahesham/research/Bluetooth/boss/uberCode/gcc-arm-none-eabi/bin/../lib/gcc/arm-none-eabi/4.9.3/../../../../arm-none-eabi/lib/armv7-m/libc.a
END GROUP
LOAD /Users/ahesham/research/Bluetooth/boss/uberCode/gcc-arm-none-eabi/bin/../lib/gcc/arm-none-eabi/4.9.3/armv7-m/crtend.o
LOAD /Users/ahesham/research/Bluetooth/boss/uberCode/gcc-arm-none-eabi/bin/../lib/gcc/arm-none-eabi/4.9.3/armv7-m/crtn.o
START GROUP
LOAD /Users/ahesham/research/Bluetooth/boss/uberCode/gcc-arm-none-eabi/bin/../lib/gcc/arm-none-eabi/4.9.3/armv7-m/libgcc.a
LOAD /Users/ahesham/research/Bluetooth/boss/uberCode/gcc-arm-none-eabi/bin/../lib/gcc/arm-none-eabi/4.9.3/../../../../arm-none-eabi/lib/armv7-m/libc.a
LOAD /Users/ahesham/research/Bluetooth/boss/uberCode/gcc-arm-none-eabi/bin/../lib/gcc/arm-none-eabi/4.9.3/../../../../arm-none-eabi/lib/armv7-m/libm.a
LOAD /Users/ahesham/research/Bluetooth/boss/uberCode/gcc-arm-none-eabi/bin/../lib/gcc/arm-none-eabi/4.9.3/../../../../arm-none-eabi/lib/armv7-m/libnosys.a
END GROUP

.text           0x0000000000004000     0x5c00
                0x0000000000004000                . = ALIGN (0x400)
                0x0000000000004000                _interrupt_vector_table = .
 *(.irq_handler_table)
 .irq_handler_table
                0x0000000000004000       0xcc ../common/LPC17xx_Interrupts.o
                0x0000000000004000                _NVIC_Handler_Functions
 *(.text .text.* .gnu.linkonce.t.*)
 .text          0x00000000000040cc       0x5c /Users/ahesham/research/Bluetooth/boss/uberCode/gcc-arm-none-eabi/bin/../lib/gcc/arm-none-eabi/4.9.3/armv7-m/crtbegin.o
 .text.__libc_init_array
                0x0000000000004128       0x50 /Users/ahesham/research/Bluetooth/boss/uberCode/gcc-arm-none-eabi/bin/../lib/gcc/arm-none-eabi/4.9.3/../../../../arm-none-eabi/lib/armv7-m/libc.a(lib_a-init.o)
                0x0000000000004128                __libc_init_array
 .text.memset   0x0000000000004178       0x9c /Users/ahesham/research/Bluetooth/boss/uberCode/gcc-arm-none-eabi/bin/../lib/gcc/arm-none-eabi/4.9.3/../../../../arm-none-eabi/lib/armv7-m/libc.a(lib_a-memset.o)
                0x0000000000004178                memset
 .text.startup.register_fini
                0x0000000000004214       0x14 /Users/ahesham/research/Bluetooth/boss/uberCode/gcc-arm-none-eabi/bin/../lib/gcc/arm-none-eabi/4.9.3/../../../../arm-none-eabi/lib/armv7-m/libc.a(lib_a-__call_atexit.o)
 .text.atexit   0x0000000000004228        0xc /Users/ahesham/research/Bluetooth/boss/uberCode/gcc-arm-none-eabi/bin/../lib/gcc/arm-none-eabi/4.9.3/../../../../arm-none-eabi/lib/armv7-m/libc.a(lib_a-atexit.o)
                0x0000000000004228                atexit
 .text.__libc_fini_array
                0x0000000000004234       0x2c /Users/ahesham/research/Bluetooth/boss/uberCode/gcc-arm-none-eabi/bin/../lib/gcc/arm-none-eabi/4.9.3/../../../../arm-none-eabi/lib/armv7-m/libc.a(lib_a-fini.o)
                0x0000000000004234                __libc_fini_array
 .text.__register_exitproc
                0x0000000000004260       0xa4 /Users/ahesham/research/Bluetooth/boss/uberCode/gcc-arm-none-eabi/bin/../lib/gcc/arm-none-eabi/4.9.3/../../../../arm-none-eabi/lib/armv7-m/libc.a(lib_a-__atexit.o)
                0x0000000000004260                __register_exitproc
 .text.reverse8
                0x0000000000004304       0x22 bluetooth_rxtx.o
 *fill*         0x0000000000004326        0x2 
 .text.cc2400_rx
                0x0000000000004328       0xa4 bluetooth_rxtx.o
 .text.cc2400_rx_sync
                0x00000000000043cc       0xac bluetooth_rxtx.o
 .text.enqueue  0x0000000000004478       0x98 bluetooth_rxtx.o
 .text.le_set_access_address
                0x0000000000004510       0x18 bluetooth_rxtx.o
 .text.cc2400_idle
                0x0000000000004528       0xb0 bluetooth_rxtx.o
 .text.cb_follow_le
                0x00000000000045d8      0x104 bluetooth_rxtx.o
                0x00000000000045d8                cb_follow_le
 .text.connection_follow_cb_boss_master
                0x00000000000046dc      0x174 bluetooth_rxtx.o
                0x00000000000046dc                connection_follow_cb_boss_master
 .text.connection_follow_cb
                0x0000000000004850      0x174 bluetooth_rxtx.o
                0x0000000000004850                connection_follow_cb
 .text.vendor_request_handler
                0x00000000000049c4      0x660 bluetooth_rxtx.o
 .text.msleep.constprop.3
                0x0000000000005024       0x1c bluetooth_rxtx.o
 .text.enqueue_with_ts
                0x0000000000005040       0x54 bluetooth_rxtx.o
                0x0000000000005040                enqueue_with_ts
 .text.TIMER0_IRQHandler
                0x0000000000005094      0x13c bluetooth_rxtx.o
                0x0000000000005094                TIMER0_IRQHandler
 .text.EINT3_IRQHandler
                0x00000000000051d0       0x34 bluetooth_rxtx.o
                0x00000000000051d0                EINT3_IRQHandler
 .text.DMA_IRQHandler
                0x0000000000005204       0xe8 bluetooth_rxtx.o
                0x0000000000005204                DMA_IRQHandler
 .text.le_transmit
                0x00000000000052ec      0x1bc bluetooth_rxtx.o
                0x00000000000052ec                le_transmit
 .text.le_jam   0x00000000000054a8       0x78 bluetooth_rxtx.o
                0x00000000000054a8                le_jam
 .text.hop      0x0000000000005520      0x198 bluetooth_rxtx.o
                0x0000000000005520                hop
 .text.bt_stream_rx
                0x00000000000056b8      0x160 bluetooth_rxtx.o
                0x00000000000056b8                bt_stream_rx
 .text.br_transmit
                0x0000000000005818      0x278 bluetooth_rxtx.o
                0x0000000000005818                br_transmit
 .text.reset_le
                0x0000000000005a90       0x54 bluetooth_rxtx.o
                0x0000000000005a90                reset_le
 .text.reset_le_promisc
                0x0000000000005ae4       0x20 bluetooth_rxtx.o
                0x0000000000005ae4                reset_le_promisc
 .text.bt_generic_le
                0x0000000000005b04      0x1e4 bluetooth_rxtx.o
                0x0000000000005b04                bt_generic_le
 .text.bt_le_sync
                0x0000000000005ce8      0x3b0 bluetooth_rxtx.o
                0x0000000000005ce8                bt_le_sync
 .text.bt_le_sync_boss_master
                0x0000000000006098      0x3c8 bluetooth_rxtx.o
                0x0000000000006098                bt_le_sync_boss_master
 .text.bt_follow_le
                0x0000000000006460       0x20 bluetooth_rxtx.o
                0x0000000000006460                bt_follow_le
 .text.bt_boss_master_le
                0x0000000000006480       0x20 bluetooth_rxtx.o
                0x0000000000006480                bt_boss_master_le
 .text.le_promisc_state
                0x00000000000064a0       0x36 bluetooth_rxtx.o
                0x00000000000064a0                le_promisc_state
 *fill*         0x00000000000064d6        0x2 
 .text.promisc_recover_hop_increment
                0x00000000000064d8       0xe4 bluetooth_rxtx.o
                0x00000000000064d8                promisc_recover_hop_increment
 .text.promisc_recover_hop_interval
                0x00000000000065bc       0xb4 bluetooth_rxtx.o
                0x00000000000065bc                promisc_recover_hop_interval
 .text.promisc_follow_cb
                0x0000000000006670       0x74 bluetooth_rxtx.o
                0x0000000000006670                promisc_follow_cb
 .text.see_aa   0x00000000000066e4       0x54 bluetooth_rxtx.o
                0x00000000000066e4                see_aa
 .text.cb_le_promisc
                0x0000000000006738      0x1c0 bluetooth_rxtx.o
                0x0000000000006738                cb_le_promisc
 .text.bt_promisc_le
                0x00000000000068f8       0x70 bluetooth_rxtx.o
                0x00000000000068f8                bt_promisc_le
 .text.generatePacket_boss
                0x0000000000006968       0x54 bluetooth_rxtx.o
                0x0000000000006968                generatePacket_boss
 .text.bt_boss_slave_le
                0x00000000000069bc       0x54 bluetooth_rxtx.o
                0x00000000000069bc                bt_boss_slave_le
 .text.bt_slave_le
                0x0000000000006a10       0xac bluetooth_rxtx.o
                0x0000000000006a10                bt_slave_le
 .text.rx_generic_sync
                0x0000000000006abc       0xa8 bluetooth_rxtx.o
                0x0000000000006abc                rx_generic_sync
 .text.rx_generic
                0x0000000000006b64       0x20 bluetooth_rxtx.o
                0x0000000000006b64                rx_generic
 .text.tx_generic
                0x0000000000006b84       0xf4 bluetooth_rxtx.o
                0x0000000000006b84                tx_generic
 .text.specan   0x0000000000006c78      0x114 bluetooth_rxtx.o
                0x0000000000006c78                specan
 .text.led_specan
                0x0000000000006d8c      0x130 bluetooth_rxtx.o
                0x0000000000006d8c                led_specan
 .text.startup.main
                0x0000000000006ebc      0x128 bluetooth_rxtx.o
                0x0000000000006ebc                main
 .text.precalc  0x0000000000006fe4      0x140 bluetooth.o
                0x0000000000006fe4                precalc
 .text.next_hop
                0x0000000000007124      0x140 bluetooth.o
                0x0000000000007124                next_hop
 .text.btle_channel_index
                0x0000000000007264       0x26 bluetooth_le.o
                0x0000000000007264                btle_channel_index
 .text.btle_channel_index_to_phys
                0x000000000000728a       0x30 bluetooth_le.o
                0x000000000000728a                btle_channel_index_to_phys
 .text.btle_next_hop
                0x00000000000072ba       0x1e bluetooth_le.o
                0x00000000000072ba                btle_next_hop
 .text.btle_calc_crc
                0x00000000000072d8       0x3a bluetooth_le.o
                0x00000000000072d8                btle_calc_crc
 .text.btle_reverse_crc
                0x0000000000007312       0x52 bluetooth_le.o
                0x0000000000007312                btle_reverse_crc
 .text.btle_crcgen_lut
                0x0000000000007364       0x28 bluetooth_le.o
                0x0000000000007364                btle_crcgen_lut
 .text.usb_vendor_request_handler
                0x000000000000738c       0x2c ubertooth_usb.o
                0x000000000000738c                usb_vendor_request_handler
 .text.set_serial_descriptor
                0x00000000000073b8       0x56 ubertooth_usb.o
                0x00000000000073b8                set_serial_descriptor
 *fill*         0x000000000000740e        0x2 
 .text.ubertooth_usb_init
                0x0000000000007410       0x4c ubertooth_usb.o
                0x0000000000007410                ubertooth_usb_init
 .text.queue_init
                0x000000000000745c       0x1c ubertooth_usb.o
                0x000000000000745c                queue_init
 .text.usb_enqueue
                0x0000000000007478       0x34 ubertooth_usb.o
                0x0000000000007478                usb_enqueue
 .text.dequeue  0x00000000000074ac       0x2c ubertooth_usb.o
                0x00000000000074ac                dequeue
 .text.dequeue_send
                0x00000000000074d8       0x48 ubertooth_usb.o
                0x00000000000074d8                dequeue_send
 .text.handle_usb
                0x0000000000007520       0x28 ubertooth_usb.o
                0x0000000000007520                handle_usb
 .text.rssi_reset
                0x0000000000007548       0x38 ubertooth_rssi.o
                0x0000000000007548                rssi_reset
 .text.rssi_add
                0x0000000000007580       0x40 ubertooth_rssi.o
                0x0000000000007580                rssi_add
 .text.rssi_iir_update
                0x00000000000075c0       0x50 ubertooth_rssi.o
                0x00000000000075c0                rssi_iir_update
 .text.rssi_get_avg
                0x0000000000007610       0x28 ubertooth_rssi.o
                0x0000000000007610                rssi_get_avg
 .text.cs_threshold_calc_and_set
                0x0000000000007638       0x64 ubertooth_cs.o
                0x0000000000007638                cs_threshold_calc_and_set
 .text.cs_trigger_enable
                0x000000000000769c       0x30 ubertooth_cs.o
                0x000000000000769c                cs_trigger_enable
 .text.cs_trigger_disable
                0x00000000000076cc       0x30 ubertooth_cs.o
                0x00000000000076cc                cs_trigger_disable
 .text.cs_reset
                0x00000000000076fc       0x24 ubertooth_cs.o
                0x00000000000076fc                cs_reset
 .text.clkn_stop
                0x0000000000007720       0x50 ubertooth_clock.o
                0x0000000000007720                clkn_stop
 .text.clkn_start
                0x0000000000007770        0xc ubertooth_clock.o
                0x0000000000007770                clkn_start
 .text.clkn_init
                0x000000000000777c       0x28 ubertooth_clock.o
                0x000000000000777c                clkn_init
 .text.dma_disable
                0x00000000000077a4       0x7c ubertooth_dma.o
 .text.dma_init
                0x0000000000007820       0x7c ubertooth_dma.o
                0x0000000000007820                dma_init
 .text.dma_init_le
                0x000000000000789c       0x90 ubertooth_dma.o
                0x000000000000789c                dma_init_le
 .text.dio_ssp_start
                0x000000000000792c       0x4c ubertooth_dma.o
                0x000000000000792c                dio_ssp_start
 .text.dio_ssp_stop
                0x0000000000007978       0x2c ubertooth_dma.o
                0x0000000000007978                dio_ssp_stop
 .text.cc2400_rangetest
                0x00000000000079a4      0x29c cc2400_rangetest.o
                0x00000000000079a4                cc2400_rangetest
 .text.cc2400_repeater
                0x0000000000007c40      0x178 cc2400_rangetest.o
                0x0000000000007c40                cc2400_repeater
 .text.cc2400_txtest
                0x0000000000007db8       0x78 cc2400_rangetest.o
                0x0000000000007db8                cc2400_txtest
 .text.ssp_stop
                0x0000000000007e30       0x1c ego.o
 .text.do_rx    0x0000000000007e4c       0x24 ego.o
 .text.sleep_ms
                0x0000000000007e70       0x2c ego.o
 .text.sleep_elapsed
                0x0000000000007e9c       0x38 ego.o
 .text.nop_state
                0x0000000000007ed4        0x2 ego.o
 *fill*         0x0000000000007ed6        0x2 
 .text.init_state
                0x0000000000007ed8       0x18 ego.o
 .text.continuous_init_state
                0x0000000000007ef0        0x6 ego.o
 *fill*         0x0000000000007ef6        0x2 
 .text.start_rf_state
                0x0000000000007ef8       0xb4 ego.o
 .text.start_jamming_state
                0x0000000000007fac       0xa4 ego.o
 .text.sleep_state
                0x0000000000008050       0x4c ego.o
 .text.jam_sleep_state
                0x000000000000809c       0x20 ego.o
 .text.jamming_state
                0x00000000000080bc       0x64 ego.o
                0x00000000000080bc                jamming_state
 .text.continuous_cap_state
                0x0000000000008120       0x7c ego.o
 .text.jam_cap_state
                0x000000000000819c       0x64 ego.o
 .text.cap_state
                0x0000000000008200       0x90 ego.o
 .text.ego_main
                0x0000000000008290       0x7c ego.o
                0x0000000000008290                ego_main
 .text.USB_IRQHandler
                0x000000000000830c        0x4 ../common/usb_serial.o
                0x000000000000830c                USB_IRQHandler
 .text.Reset_Handler
                0x0000000000008310       0x54 ../common/LPC17xx_Startup.o
                0x0000000000008310                Reset_Handler
 .text.Default_Handler
                0x0000000000008364        0x2 ../common/LPC17xx_Interrupts.o
                0x0000000000008364                ENET_IRQHandler
                0x0000000000008364                DebugMon_Handler
                0x0000000000008364                RIT_IRQHandler
                0x0000000000008364                I2C0_IRQHandler
                0x0000000000008364                HardFault_Handler
                0x0000000000008364                SysTick_Handler
                0x0000000000008364                PWM1_IRQHandler
                0x0000000000008364                PendSV_Handler
                0x0000000000008364                NMI_Handler
                0x0000000000008364                I2C1_IRQHandler
                0x0000000000008364                EINT2_IRQHandler
                0x0000000000008364                UART1_IRQHandler
                0x0000000000008364                TIMER3_IRQHandler
                0x0000000000008364                UART0_IRQHandler
                0x0000000000008364                MemManagement_Handler
                0x0000000000008364                UsageFault_Handler
                0x0000000000008364                PLL0_IRQHandler
                0x0000000000008364                CAN_IRQHandler
                0x0000000000008364                PLL1_IRQHandler
                0x0000000000008364                SSP0_IRQHandler
                0x0000000000008364                I2S_IRQHandler
                0x0000000000008364                I2C2_IRQHandler
                0x0000000000008364                RTC_IRQHandler
                0x0000000000008364                SPI_IRQHandler
                0x0000000000008364                EINT1_IRQHandler
                0x0000000000008364                TIMER1_IRQHandler
                0x0000000000008364                UART2_IRQHandler
                0x0000000000008364                ADC_IRQHandler
                0x0000000000008364                SSP1_IRQHandler
                0x0000000000008364                BOD_IRQHandler
                0x0000000000008364                WDT_IRQHandler
                0x0000000000008364                SVC_Handler
                0x0000000000008364                QEI_IRQHandler
                0x0000000000008364                EINT0_IRQHandler
                0x0000000000008364                USBACT_IRQHandler
                0x0000000000008364                CANACT_IRQHandler
                0x0000000000008364                BusFault_Handler
                0x0000000000008364                UART3_IRQHandler
                0x0000000000008364                MCPWM_IRQHandler
                0x0000000000008364                TIMER2_IRQHandler
 *fill*         0x0000000000008366        0x2 
 .text.spi_delay
                0x0000000000008368       0x18 ../common/ubertooth.o
 .text.rbit     0x0000000000008380        0x6 ../common/ubertooth.o
                0x0000000000008380                rbit
 *fill*         0x0000000000008386        0x2 
 .text.wait_us  0x0000000000008388       0x2c ../common/ubertooth.o
                0x0000000000008388                wait_us
 .text.wait     0x00000000000083b4        0xc ../common/ubertooth.o
                0x00000000000083b4                wait
 .text.all_pins_off
                0x00000000000083c0       0x54 ../common/ubertooth.o
                0x00000000000083c0                all_pins_off
 .text.gpio_init
                0x0000000000008414       0x34 ../common/ubertooth.o
                0x0000000000008414                gpio_init
 .text.dio_ssp_init
                0x0000000000008448       0x54 ../common/ubertooth.o
                0x0000000000008448                dio_ssp_init
 .text.atest_init
                0x000000000000849c       0x34 ../common/ubertooth.o
                0x000000000000849c                atest_init
 .text.cc2400_spi
                0x00000000000084d0       0x4c ../common/ubertooth.o
                0x00000000000084d0                cc2400_spi
 .text.cc2400_init
                0x000000000000851c       0x38 ../common/ubertooth.o
                0x000000000000851c                cc2400_init
 .text.cc2400_get
                0x0000000000008554       0x12 ../common/ubertooth.o
                0x0000000000008554                cc2400_get
 .text.cc2400_set
                0x0000000000008566        0xa ../common/ubertooth.o
                0x0000000000008566                cc2400_set
 .text.cc2400_get8
                0x0000000000008570       0x12 ../common/ubertooth.o
                0x0000000000008570                cc2400_get8
 .text.cc2400_set8
                0x0000000000008582        0xa ../common/ubertooth.o
                0x0000000000008582                cc2400_set8
 .text.cc2400_fifo_write
                0x000000000000858c       0x88 ../common/ubertooth.o
                0x000000000000858c                cc2400_fifo_write
 .text.cc2400_fifo_read
                0x0000000000008614       0x94 ../common/ubertooth.o
                0x0000000000008614                cc2400_fifo_read
 .text.cc2400_status
                0x00000000000086a8        0xe ../common/ubertooth.o
                0x00000000000086a8                cc2400_status
 .text.cc2400_strobe
                0x00000000000086b6        0xe ../common/ubertooth.o
                0x00000000000086b6                cc2400_strobe
 .text.cc2400_reset
                0x00000000000086c4       0x2c ../common/ubertooth.o
                0x00000000000086c4                cc2400_reset
 .text.clock_start
                0x00000000000086f0      0x13c ../common/ubertooth.o
                0x00000000000086f0                clock_start
 .text.ubertooth_init
                0x000000000000882c       0x12 ../common/ubertooth.o
                0x000000000000882c                ubertooth_init
 *fill*         0x000000000000883e        0x2 
 .text.reset    0x0000000000008840       0x38 ../common/ubertooth.o
                0x0000000000008840                reset
 .text.get_part_num
                0x0000000000008878       0x38 ../common/ubertooth.o
                0x0000000000008878                get_part_num
 .text.get_device_serial
                0x00000000000088b0       0x68 ../common/ubertooth.o
                0x00000000000088b0                get_device_serial
 .text.set_isp  0x0000000000008918       0x1c ../common/ubertooth.o
                0x0000000000008918                set_isp
 .text.DataIn   0x0000000000008934       0x28 ../common/lpcusb/target/usbcontrol.o
 .text._HandleRequest.constprop.1
                0x000000000000895c       0x50 ../common/lpcusb/target/usbcontrol.o
 .text.USBHandleControlTransfer
                0x00000000000089ac       0xa8 ../common/lpcusb/target/usbcontrol.o
                0x00000000000089ac                USBHandleControlTransfer
 .text.USBRegisterRequestHandler
                0x0000000000008a54       0x10 ../common/lpcusb/target/usbcontrol.o
                0x0000000000008a54                USBRegisterRequestHandler
 .text.HandleUsbReset
                0x0000000000008a64        0x2 ../common/lpcusb/target/usbinit.o
 *fill*         0x0000000000008a66        0x2 
 .text.USBInit  0x0000000000008a68       0x4c ../common/lpcusb/target/usbinit.o
                0x0000000000008a68                USBInit
 .text.Wait4DevInt
                0x0000000000008ab4       0x18 ../common/lpcusb/target/usbhw_lpc.o
 .text.USBHwCmd
                0x0000000000008acc       0x18 ../common/lpcusb/target/usbhw_lpc.o
 .text.USBHwCmdWrite
                0x0000000000008ae4       0x20 ../common/lpcusb/target/usbhw_lpc.o
 .text.USBHwEPConfig
                0x0000000000008b04       0x3c ../common/lpcusb/target/usbhw_lpc.o
                0x0000000000008b04                USBHwEPConfig
 .text.USBHwRegisterEPIntHandler
                0x0000000000008b40       0x34 ../common/lpcusb/target/usbhw_lpc.o
                0x0000000000008b40                USBHwRegisterEPIntHandler
 .text.USBHwRegisterDevIntHandler
                0x0000000000008b74       0x18 ../common/lpcusb/target/usbhw_lpc.o
                0x0000000000008b74                USBHwRegisterDevIntHandler
 .text.USBHwSetAddress
                0x0000000000008b8c        0xa ../common/lpcusb/target/usbhw_lpc.o
                0x0000000000008b8c                USBHwSetAddress
 .text.USBHwConnect
                0x0000000000008b96        0xc ../common/lpcusb/target/usbhw_lpc.o
                0x0000000000008b96                USBHwConnect
 .text.USBHwNakIntEnable
                0x0000000000008ba2        0x8 ../common/lpcusb/target/usbhw_lpc.o
                0x0000000000008ba2                USBHwNakIntEnable
 *fill*         0x0000000000008baa        0x2 
 .text.USBHwEPGetStatus
                0x0000000000008bac       0x34 ../common/lpcusb/target/usbhw_lpc.o
                0x0000000000008bac                USBHwEPGetStatus
 .text.USBHwEPStall
                0x0000000000008be0       0x18 ../common/lpcusb/target/usbhw_lpc.o
                0x0000000000008be0                USBHwEPStall
 .text.USBHwEPWrite
                0x0000000000008bf8       0x68 ../common/lpcusb/target/usbhw_lpc.o
                0x0000000000008bf8                USBHwEPWrite
 .text.USBHwEPRead
                0x0000000000008c60       0x6c ../common/lpcusb/target/usbhw_lpc.o
                0x0000000000008c60                USBHwEPRead
 .text.USBHwConfigDevice
                0x0000000000008ccc        0xc ../common/lpcusb/target/usbhw_lpc.o
                0x0000000000008ccc                USBHwConfigDevice
 .text.USBHwISR
                0x0000000000008cd8       0xcc ../common/lpcusb/target/usbhw_lpc.o
                0x0000000000008cd8                USBHwISR
 .text.USBHwInit
                0x0000000000008da4       0xb0 ../common/lpcusb/target/usbhw_lpc.o
                0x0000000000008da4                USBHwInit
 .text.USBFilterOsVendorMessage
                0x0000000000008e54       0x68 ../common/lpcusb/target/usbstdreq.o
                0x0000000000008e54                USBFilterOsVendorMessage
 .text.USBRegisterWinusbInterface
                0x0000000000008ebc       0x2c ../common/lpcusb/target/usbstdreq.o
                0x0000000000008ebc                USBRegisterWinusbInterface
 .text.USBRegisterDescriptors
                0x0000000000008ee8        0xc ../common/lpcusb/target/usbstdreq.o
                0x0000000000008ee8                USBRegisterDescriptors
 .text.USBGetDescriptor
                0x0000000000008ef4       0x58 ../common/lpcusb/target/usbstdreq.o
                0x0000000000008ef4                USBGetDescriptor
 .text.USBHandleStandardRequest
                0x0000000000008f4c      0x138 ../common/lpcusb/target/usbstdreq.o
                0x0000000000008f4c                USBHandleStandardRequest
 .text          0x0000000000009084       0x18 /Users/ahesham/research/Bluetooth/boss/uberCode/gcc-arm-none-eabi/bin/../lib/gcc/arm-none-eabi/4.9.3/armv7-m/libgcc.a(_ashldi3.o)
                0x0000000000009084                __ashldi3
                0x0000000000009084                __aeabi_llsl
 .text.memcmp   0x000000000000909c       0x64 /Users/ahesham/research/Bluetooth/boss/uberCode/gcc-arm-none-eabi/bin/../lib/gcc/arm-none-eabi/4.9.3/../../../../arm-none-eabi/lib/armv7-m/libc.a(lib_a-memcmp.o)
                0x000000000000909c                memcmp
 .text          0x0000000000009100       0xec /Users/ahesham/research/Bluetooth/boss/uberCode/gcc-arm-none-eabi/bin/../lib/gcc/arm-none-eabi/4.9.3/../../../../arm-none-eabi/lib/armv7-m/libc.a(lib_a-memcpy.o)
                0x0000000000009100                memcpy
 .text.strlen   0x00000000000091ec       0x5c /Users/ahesham/research/Bluetooth/boss/uberCode/gcc-arm-none-eabi/bin/../lib/gcc/arm-none-eabi/4.9.3/../../../../arm-none-eabi/lib/armv7-m/libc.a(lib_a-strlen.o)
                0x00000000000091ec                strlen
 *(.rodata .rodata.* .gnu.linkonce.r.*)
 .rodata.str1.4
                0x0000000000009248        0x4 /Users/ahesham/research/Bluetooth/boss/uberCode/gcc-arm-none-eabi/bin/../lib/gcc/arm-none-eabi/4.9.3/../../../../arm-none-eabi/lib/armv7-m/libc.a(lib_a-impure.o)
 .rodata._global_impure_ptr
                0x000000000000924c        0x4 /Users/ahesham/research/Bluetooth/boss/uberCode/gcc-arm-none-eabi/bin/../lib/gcc/arm-none-eabi/4.9.3/../../../../arm-none-eabi/lib/armv7-m/libc.a(lib_a-impure.o)
                0x000000000000924c                _global_impure_ptr
 .rodata        0x0000000000009250      0x8bc bluetooth_rxtx.o
                0x00000000000092f7                compile_info
 .rodata.str1.1
                0x0000000000009b0c        0xd bluetooth_rxtx.o
 .rodata        0x0000000000009b19       0x1c bluetooth.o
 .rodata.str1.1
                0x0000000000009b35       0x27 ubertooth_usb.o
 .rodata        0x0000000000009b5c       0x54 ego.o
 .rodata        0x0000000000009bb0        0x4 ../common/ubertooth.o
                0x0000000000009bb0                iap_entry
 .rodata        0x0000000000009bb4       0x28 ../common/lpcusb/target/usbstdreq.o
 *(.eh_frame_hdr)
 *(.eh_frame)
 .eh_frame      0x0000000000009bdc        0x0 /Users/ahesham/research/Bluetooth/boss/uberCode/gcc-arm-none-eabi/bin/../lib/gcc/arm-none-eabi/4.9.3/armv7-m/crtbegin.o
                0x0000000000009bdc                . = ALIGN (0x4)
 *(.init)
 .init          0x0000000000009bdc        0x4 /Users/ahesham/research/Bluetooth/boss/uberCode/gcc-arm-none-eabi/bin/../lib/gcc/arm-none-eabi/4.9.3/armv7-m/crti.o
                0x0000000000009bdc                _init
 .init          0x0000000000009be0        0x8 /Users/ahesham/research/Bluetooth/boss/uberCode/gcc-arm-none-eabi/bin/../lib/gcc/arm-none-eabi/4.9.3/armv7-m/crtn.o
                0x0000000000009be8                . = ALIGN (0x4)
                0x0000000000009be8                __preinit_array_start = .
 *(.preinit_array)
                0x0000000000009be8                __preinit_array_end = .
                0x0000000000009be8                . = ALIGN (0x4)
                0x0000000000009be8                __init_array_start = .
 *(SORT(.init_array.*))
 .init_array.00000
                0x0000000000009be8        0x4 /Users/ahesham/research/Bluetooth/boss/uberCode/gcc-arm-none-eabi/bin/../lib/gcc/arm-none-eabi/4.9.3/../../../../arm-none-eabi/lib/armv7-m/libc.a(lib_a-__call_atexit.o)
 *(.init_array)
 .init_array    0x0000000000009bec        0x4 /Users/ahesham/research/Bluetooth/boss/uberCode/gcc-arm-none-eabi/bin/../lib/gcc/arm-none-eabi/4.9.3/armv7-m/crtbegin.o
                0x0000000000009bf0                __init_array_end = .
                0x0000000000009bf0                . = ALIGN (0x4)
 *crtbegin.o(.ctors)
 *(EXCLUDE_FILE(*crtend.o) .ctors)
 *(SORT(.ctors.*))
 *crtend.o(.ctors)
                0x0000000000009bf0                . = ALIGN (0x4)
 *(.fini)
 .fini          0x0000000000009bf0        0x4 /Users/ahesham/research/Bluetooth/boss/uberCode/gcc-arm-none-eabi/bin/../lib/gcc/arm-none-eabi/4.9.3/armv7-m/crti.o
                0x0000000000009bf0                _fini
 .fini          0x0000000000009bf4        0x8 /Users/ahesham/research/Bluetooth/boss/uberCode/gcc-arm-none-eabi/bin/../lib/gcc/arm-none-eabi/4.9.3/armv7-m/crtn.o
                0x0000000000009bfc                . = ALIGN (0x4)
                0x0000000000009bfc                __fini_array_start = .
 *(.fini_array)
 .fini_array    0x0000000000009bfc        0x4 /Users/ahesham/research/Bluetooth/boss/uberCode/gcc-arm-none-eabi/bin/../lib/gcc/arm-none-eabi/4.9.3/armv7-m/crtbegin.o
 *(SORT(.fini_array.*))
                0x0000000000009c00                __fini_array_end = .
 *crtbegin.o(.dtors)
 *(EXCLUDE_FILE(*crtend.o) .dtors)
 *(SORT(.dtors.*))
 *crtend.o(.dtors)
                0x0000000000009c00                . = ALIGN (0x8)
                0x0000000000009c00                _etext = .

.glue_7         0x0000000000009c00        0x0
 .glue_7        0x0000000000000000        0x0 linker stubs

.glue_7t        0x0000000000009c00        0x0
 .glue_7t       0x0000000000000000        0x0 linker stubs

.vfp11_veneer   0x0000000000009c00        0x0
 .vfp11_veneer  0x0000000000000000        0x0 linker stubs

.v4_bx          0x0000000000009c00        0x0
 .v4_bx         0x0000000000000000        0x0 linker stubs

.iplt           0x0000000000009c00        0x0
 .iplt          0x0000000000000000        0x0 /Users/ahesham/research/Bluetooth/boss/uberCode/gcc-arm-none-eabi/bin/../lib/gcc/arm-none-eabi/4.9.3/armv7-m/crtbegin.o

.rel.dyn        0x0000000000009c00        0x0
 .rel.iplt      0x0000000000000000        0x0 /Users/ahesham/research/Bluetooth/boss/uberCode/gcc-arm-none-eabi/bin/../lib/gcc/arm-none-eabi/4.9.3/armv7-m/crtbegin.o

.ARM.extab
 *(.ARM.extab* .gnu.linkonce.armextab.*)
                0x0000000000009c00                __exidx_start = .

.ARM.exidx
 *(.ARM.exidx* .gnu.linkonce.armexidx.*)
                0x0000000000009c00                __exidx_end = .
                0x0000000000009c00                _etext = .

.persistent     0x0000000010000000       0x20
                0x0000000010000000                _persistent_start = .
                0x0000000010000020                . = (. + 0x20)
 *fill*         0x0000000010000000       0x20 
                0x0000000010000020                _persistent_end = .
                0x000000001000001c                bootloader_ctrl = (_persistent_start + 0x1c)

.data           0x0000000010000020      0x9dd load address 0x0000000000009c00
                0x0000000010000020                _data = .
 *(vtable)
 *(.data*)
 .data.impure_data
                0x0000000010000020      0x428 /Users/ahesham/research/Bluetooth/boss/uberCode/gcc-arm-none-eabi/bin/../lib/gcc/arm-none-eabi/4.9.3/../../../../arm-none-eabi/lib/armv7-m/libc.a(lib_a-impure.o)
 .data          0x0000000010000448       0x54 bluetooth_rxtx.o
                0x0000000010000448                channel
                0x000000001000044c                le
                0x0000000010000490                hop_timeout
                0x0000000010000492                le_adv_channel
                0x0000000010000494                low_freq
                0x0000000010000496                high_freq
                0x0000000010000498                rssi_threshold
 .data          0x000000001000049c      0x400 bluetooth_le.o
                0x000000001000049c                btle_crc_lut
 .data          0x000000001000089c       0xbd ubertooth_usb.o
 .data          0x0000000010000959       0xa4 ../common/lpcusb/target/usbstdreq.o
                0x00000000100009fd                _edata = .

.jcr            0x0000000010000a00        0x0 load address 0x000000000000a5dd
 .jcr           0x0000000010000a00        0x0 /Users/ahesham/research/Bluetooth/boss/uberCode/gcc-arm-none-eabi/bin/../lib/gcc/arm-none-eabi/4.9.3/armv7-m/crtbegin.o

.igot.plt       0x0000000010000a00        0x0 load address 0x000000000000a5dd
 .igot.plt      0x0000000000000000        0x0 /Users/ahesham/research/Bluetooth/boss/uberCode/gcc-arm-none-eabi/bin/../lib/gcc/arm-none-eabi/4.9.3/armv7-m/crtbegin.o

.bss            0x0000000010000a00     0x2954 load address 0x000000000000a5dd
                0x0000000010000a00                _bss = .
                0x0000000010000a00                __bss_start__ = .
 *(.bss*)
 .bss           0x0000000010000a00       0x1c /Users/ahesham/research/Bluetooth/boss/uberCode/gcc-arm-none-eabi/bin/../lib/gcc/arm-none-eabi/4.9.3/armv7-m/crtbegin.o
 .bss           0x0000000010000a1c       0x3c bluetooth_rxtx.o
                0x0000000010000a1c                modulation
                0x0000000010000a1d                status
                0x0000000010000a1e                idle_buf_clkn_high
                0x0000000010000a20                idle_buf_clk100ns
                0x0000000010000a24                idle_buf_channel
                0x0000000010000a26                hop_mode
                0x0000000010000a27                do_hop
                0x0000000010000a28                hop_direct_channel
                0x0000000010000a2a                requested_channel
                0x0000000010000a2c                dma_discard
                0x0000000010000a2d                mode
                0x0000000010000a2e                requested_mode
                0x0000000010000a2f                jam_mode
                0x0000000010000a30                ego_mode
                0x0000000010000a34                packet_cb
                0x0000000010000a38                le_jam_count
                0x0000000010000a3c                slave_mac_address
                0x0000000010000a44                data_cb
 .bss           0x0000000010000a58        0xc ubertooth_usb.o
                0x0000000010000a58                head
                0x0000000010000a5c                tail
                0x0000000010000a60                last_usb_pkt
 .bss           0x0000000010000a64       0x9e ubertooth_rssi.o
                0x0000000010000a64                rssi_iir
 *fill*         0x0000000010000b02        0x2 
 .bss           0x0000000010000b04        0x8 ../common/ubertooth.o
 .bss           0x0000000010000b0c       0x34 ../common/lpcusb/target/usbcontrol.o
 .bss           0x0000000010000b40        0x8 ../common/lpcusb/target/usbinit.o
 .bss           0x0000000010000b48       0x48 ../common/lpcusb/target/usbhw_lpc.o
 .bss           0x0000000010000b90       0x10 ../common/lpcusb/target/usbstdreq.o
 *(COMMON)
 COMMON         0x0000000010000ba0      0x530 bluetooth_rxtx.o
                0x0000000010000ba0                last_hop
                0x0000000010000ba4                rx_tc
                0x0000000010000ba8                rssi_max
                0x0000000010000ba9                used_channels
                0x0000000010000baa                rssi_min
                0x0000000010000bab                afh_map
                0x0000000010000bb8                clkn_offset
                0x0000000010000bbc                clkn_last_drift_fix
                0x0000000010000bc0                clk_drift_correction
                0x0000000010000bc4                clkn
                0x0000000010000bc8                tx_pkt
                0x0000000010000c04                active_rxbuf
                0x0000000010000c08                le_promisc
                0x0000000010000d10                cs_no_squelch
                0x0000000010000d12                clk100ns_offset
                0x0000000010000d18                syncword
                0x0000000010000d20                idle_rxbuf
                0x0000000010000d24                unpacked
                0x0000000010001044                clk_drift_ppm
                0x0000000010001046                rssi_count
                0x0000000010001047                afh_enabled
                0x0000000010001048                cs_threshold_req
                0x0000000010001049                rxbuf2
                0x000000001000107c                clkn_next_drift_fix
                0x0000000010001080                rr
                0x0000000010001085                rxbuf1
                0x00000000100010b8                rx_err
                0x00000000100010bc                cs_threshold_cur
                0x00000000100010bd                cs_trigger
                0x00000000100010c0                target
 COMMON         0x00000000100010d0       0xa5 bluetooth.o
                0x00000000100010d0                b
                0x00000000100010d2                d1
                0x00000000100010d4                afh_bank
                0x0000000010001123                a1
                0x0000000010001124                c1
                0x0000000010001125                bank
                0x0000000010001174                e
 *fill*         0x0000000010001175        0x3 
 COMMON         0x0000000010001178     0x2108 ubertooth_usb.o
                0x0000000010001178                fifo
                0x0000000010003178                abVendorReqData
                0x000000001000327c                v_req_handler
 COMMON         0x0000000010003280        0x4 ubertooth_rssi.o
                0x0000000010003280                rssi_sum
 COMMON         0x0000000010003284       0xd0 ubertooth_dma.o
                0x0000000010003284                le_dma_lli
                0x0000000010003334                rx_dma_lli2
                0x0000000010003344                rx_dma_lli1
                0x0000000010003354                _ebss = .
                0x0000000010003354                __bss_end__ = .

.cr_heap        0x0000000010003354        0x0 load address 0x000000000000a5dd
                0x0000000010003354                end = .
                0x0000000010003354                __end__ = .
                0x0000000010003354                _pvHeapStart = .
                0x0000000010003fe0                _StackTop = ((ORIGIN (ram) + 0x4000) - 0x20)
OUTPUT(bluetooth_rxtx.elf elf32-littlearm)

.ARM.attributes
                0x0000000000000000       0x29
 .ARM.attributes
                0x0000000000000000       0x1d /Users/ahesham/research/Bluetooth/boss/uberCode/gcc-arm-none-eabi/bin/../lib/gcc/arm-none-eabi/4.9.3/armv7-m/crti.o
 .ARM.attributes
                0x000000000000001d       0x2d /Users/ahesham/research/Bluetooth/boss/uberCode/gcc-arm-none-eabi/bin/../lib/gcc/arm-none-eabi/4.9.3/armv7-m/crtbegin.o
 .ARM.attributes
                0x000000000000004a       0x2d /Users/ahesham/research/Bluetooth/boss/uberCode/gcc-arm-none-eabi/bin/../lib/gcc/arm-none-eabi/4.9.3/../../../../arm-none-eabi/lib/armv7-m/libc.a(lib_a-impure.o)
 .ARM.attributes
                0x0000000000000077       0x2d /Users/ahesham/research/Bluetooth/boss/uberCode/gcc-arm-none-eabi/bin/../lib/gcc/arm-none-eabi/4.9.3/../../../../arm-none-eabi/lib/armv7-m/libc.a(lib_a-init.o)
 .ARM.attributes
                0x00000000000000a4       0x2d /Users/ahesham/research/Bluetooth/boss/uberCode/gcc-arm-none-eabi/bin/../lib/gcc/arm-none-eabi/4.9.3/../../../../arm-none-eabi/lib/armv7-m/libc.a(lib_a-memset.o)
 .ARM.attributes
                0x00000000000000d1       0x2d /Users/ahesham/research/Bluetooth/boss/uberCode/gcc-arm-none-eabi/bin/../lib/gcc/arm-none-eabi/4.9.3/../../../../arm-none-eabi/lib/armv7-m/libc.a(lib_a-__call_atexit.o)
 .ARM.attributes
                0x00000000000000fe       0x2d /Users/ahesham/research/Bluetooth/boss/uberCode/gcc-arm-none-eabi/bin/../lib/gcc/arm-none-eabi/4.9.3/../../../../arm-none-eabi/lib/armv7-m/libc.a(lib_a-atexit.o)
 .ARM.attributes
                0x000000000000012b       0x2d /Users/ahesham/research/Bluetooth/boss/uberCode/gcc-arm-none-eabi/bin/../lib/gcc/arm-none-eabi/4.9.3/../../../../arm-none-eabi/lib/armv7-m/libc.a(lib_a-fini.o)
 .ARM.attributes
                0x0000000000000158       0x2d /Users/ahesham/research/Bluetooth/boss/uberCode/gcc-arm-none-eabi/bin/../lib/gcc/arm-none-eabi/4.9.3/../../../../arm-none-eabi/lib/armv7-m/libc.a(lib_a-__atexit.o)
 .ARM.attributes
                0x0000000000000185       0x33 bluetooth_rxtx.o
 .ARM.attributes
                0x00000000000001b8       0x33 bluetooth.o
 .ARM.attributes
                0x00000000000001eb       0x33 bluetooth_le.o
 .ARM.attributes
                0x000000000000021e       0x33 ubertooth_usb.o
 .ARM.attributes
                0x0000000000000251       0x33 ubertooth_rssi.o
 .ARM.attributes
                0x0000000000000284       0x33 ubertooth_cs.o
 .ARM.attributes
                0x00000000000002b7       0x33 ubertooth_clock.o
 .ARM.attributes
                0x00000000000002ea       0x33 ubertooth_dma.o
 .ARM.attributes
                0x000000000000031d       0x33 cc2400_rangetest.o
 .ARM.attributes
                0x0000000000000350       0x33 ego.o
 .ARM.attributes
                0x0000000000000383       0x33 ../common/usb_serial.o
 .ARM.attributes
                0x00000000000003b6       0x33 ../common/LPC17xx_Startup.o
 .ARM.attributes
                0x00000000000003e9       0x33 ../common/LPC17xx_Interrupts.o
 .ARM.attributes
                0x000000000000041c       0x33 ../common/ubertooth.o
 .ARM.attributes
                0x000000000000044f       0x33 ../common/lpcusb/target/usbcontrol.o
 .ARM.attributes
                0x0000000000000482       0x33 ../common/lpcusb/target/usbinit.o
 .ARM.attributes
                0x00000000000004b5       0x33 ../common/lpcusb/target/usbhw_lpc.o
 .ARM.attributes
                0x00000000000004e8       0x33 ../common/lpcusb/target/usbstdreq.o
 .ARM.attributes
                0x000000000000051b       0x1d /Users/ahesham/research/Bluetooth/boss/uberCode/gcc-arm-none-eabi/bin/../lib/gcc/arm-none-eabi/4.9.3/armv7-m/libgcc.a(_ashldi3.o)
 .ARM.attributes
                0x0000000000000538       0x2d /Users/ahesham/research/Bluetooth/boss/uberCode/gcc-arm-none-eabi/bin/../lib/gcc/arm-none-eabi/4.9.3/../../../../arm-none-eabi/lib/armv7-m/libc.a(lib_a-memcmp.o)
 .ARM.attributes
                0x0000000000000565       0x1b /Users/ahesham/research/Bluetooth/boss/uberCode/gcc-arm-none-eabi/bin/../lib/gcc/arm-none-eabi/4.9.3/../../../../arm-none-eabi/lib/armv7-m/libc.a(lib_a-memcpy.o)
 .ARM.attributes
                0x0000000000000580       0x2d /Users/ahesham/research/Bluetooth/boss/uberCode/gcc-arm-none-eabi/bin/../lib/gcc/arm-none-eabi/4.9.3/../../../../arm-none-eabi/lib/armv7-m/libc.a(lib_a-strlen.o)
 .ARM.attributes
                0x00000000000005ad       0x1d /Users/ahesham/research/Bluetooth/boss/uberCode/gcc-arm-none-eabi/bin/../lib/gcc/arm-none-eabi/4.9.3/armv7-m/crtn.o

.comment        0x0000000000000000       0x70
 .comment       0x0000000000000000       0x70 bluetooth_rxtx.o
                                         0x71 (size before relaxing)
 .comment       0x0000000000000000       0x71 bluetooth.o
 .comment       0x0000000000000000       0x71 bluetooth_le.o
 .comment       0x0000000000000000       0x71 ubertooth_usb.o
 .comment       0x0000000000000000       0x71 ubertooth_rssi.o
 .comment       0x0000000000000000       0x71 ubertooth_cs.o
 .comment       0x0000000000000000       0x71 ubertooth_clock.o
 .comment       0x0000000000000000       0x71 ubertooth_dma.o
 .comment       0x0000000000000000       0x71 cc2400_rangetest.o
 .comment       0x0000000000000000       0x71 ego.o
 .comment       0x0000000000000000       0x71 ../common/usb_serial.o
 .comment       0x0000000000000000       0x71 ../common/LPC17xx_Startup.o
 .comment       0x0000000000000000       0x71 ../common/LPC17xx_Interrupts.o
 .comment       0x0000000000000000       0x71 ../common/ubertooth.o
 .comment       0x0000000000000000       0x71 ../common/lpcusb/target/usbcontrol.o
 .comment       0x0000000000000000       0x71 ../common/lpcusb/target/usbinit.o
 .comment       0x0000000000000000       0x71 ../common/lpcusb/target/usbhw_lpc.o
 .comment       0x0000000000000000       0x71 ../common/lpcusb/target/usbstdreq.o

.debug_frame    0x0000000000000000     0x1630
 .debug_frame   0x0000000000000000       0x2c /Users/ahesham/research/Bluetooth/boss/uberCode/gcc-arm-none-eabi/bin/../lib/gcc/arm-none-eabi/4.9.3/../../../../arm-none-eabi/lib/armv7-m/libc.a(lib_a-init.o)
 .debug_frame   0x000000000000002c       0x34 /Users/ahesham/research/Bluetooth/boss/uberCode/gcc-arm-none-eabi/bin/../lib/gcc/arm-none-eabi/4.9.3/../../../../arm-none-eabi/lib/armv7-m/libc.a(lib_a-memset.o)
 .debug_frame   0x0000000000000060       0x50 /Users/ahesham/research/Bluetooth/boss/uberCode/gcc-arm-none-eabi/bin/../lib/gcc/arm-none-eabi/4.9.3/../../../../arm-none-eabi/lib/armv7-m/libc.a(lib_a-__call_atexit.o)
 .debug_frame   0x00000000000000b0       0x20 /Users/ahesham/research/Bluetooth/boss/uberCode/gcc-arm-none-eabi/bin/../lib/gcc/arm-none-eabi/4.9.3/../../../../arm-none-eabi/lib/armv7-m/libc.a(lib_a-atexit.o)
 .debug_frame   0x00000000000000d0       0x34 /Users/ahesham/research/Bluetooth/boss/uberCode/gcc-arm-none-eabi/bin/../lib/gcc/arm-none-eabi/4.9.3/../../../../arm-none-eabi/lib/armv7-m/libc.a(lib_a-fini.o)
 .debug_frame   0x0000000000000104       0x34 /Users/ahesham/research/Bluetooth/boss/uberCode/gcc-arm-none-eabi/bin/../lib/gcc/arm-none-eabi/4.9.3/../../../../arm-none-eabi/lib/armv7-m/libc.a(lib_a-__atexit.o)
 .debug_frame   0x0000000000000138      0x628 bluetooth_rxtx.o
 .debug_frame   0x0000000000000760       0x90 bluetooth.o
 .debug_frame   0x00000000000007f0       0xac bluetooth_le.o
 .debug_frame   0x000000000000089c       0xe8 ubertooth_usb.o
 .debug_frame   0x0000000000000984       0x68 ubertooth_rssi.o
 .debug_frame   0x00000000000009ec       0x6c ubertooth_cs.o
 .debug_frame   0x0000000000000a58       0x4c ubertooth_clock.o
 .debug_frame   0x0000000000000aa4       0x78 ubertooth_dma.o
 .debug_frame   0x0000000000000b1c       0x98 cc2400_rangetest.o
 .debug_frame   0x0000000000000bb4      0x1a4 ego.o
 .debug_frame   0x0000000000000d58      0x140 ../common/usb_serial.o
 .debug_frame   0x0000000000000e98       0x2c ../common/LPC17xx_Startup.o
 .debug_frame   0x0000000000000ec4       0x20 ../common/LPC17xx_Interrupts.o
 .debug_frame   0x0000000000000ee4      0x314 ../common/ubertooth.o
 .debug_frame   0x00000000000011f8       0x9c ../common/lpcusb/target/usbcontrol.o
 .debug_frame   0x0000000000001294       0x3c ../common/lpcusb/target/usbinit.o
 .debug_frame   0x00000000000012d0      0x230 ../common/lpcusb/target/usbhw_lpc.o
 .debug_frame   0x0000000000001500       0xd8 ../common/lpcusb/target/usbstdreq.o
 .debug_frame   0x00000000000015d8       0x38 /Users/ahesham/research/Bluetooth/boss/uberCode/gcc-arm-none-eabi/bin/../lib/gcc/arm-none-eabi/4.9.3/../../../../arm-none-eabi/lib/armv7-m/libc.a(lib_a-memcmp.o)
 .debug_frame   0x0000000000001610       0x20 /Users/ahesham/research/Bluetooth/boss/uberCode/gcc-arm-none-eabi/bin/../lib/gcc/arm-none-eabi/4.9.3/../../../../arm-none-eabi/lib/armv7-m/libc.a(lib_a-strlen.o)

.debug_info     0x0000000000000000     0xa4e2
 .debug_info    0x0000000000000000     0x3de1 bluetooth_rxtx.o
 .debug_info    0x0000000000003de1      0x4d3 bluetooth.o
 .debug_info    0x00000000000042b4      0xdbe bluetooth_le.o
 .debug_info    0x0000000000005072      0x7fb ubertooth_usb.o
 .debug_info    0x000000000000586d      0x206 ubertooth_rssi.o
 .debug_info    0x0000000000005a73      0x266 ubertooth_cs.o
 .debug_info    0x0000000000005cd9      0x16c ubertooth_clock.o
 .debug_info    0x0000000000005e45      0x24d ubertooth_dma.o
 .debug_info    0x0000000000006092      0x83c cc2400_rangetest.o
 .debug_info    0x00000000000068ce      0xd19 ego.o
 .debug_info    0x00000000000075e7      0x9b9 ../common/usb_serial.o
 .debug_info    0x0000000000007fa0      0x117 ../common/LPC17xx_Startup.o
 .debug_info    0x00000000000080b7       0x7d ../common/LPC17xx_Interrupts.o
 .debug_info    0x0000000000008134      0xa96 ../common/ubertooth.o
 .debug_info    0x0000000000008bca      0x481 ../common/lpcusb/target/usbcontrol.o
 .debug_info    0x000000000000904b      0x297 ../common/lpcusb/target/usbinit.o
 .debug_info    0x00000000000092e2      0xab3 ../common/lpcusb/target/usbhw_lpc.o
 .debug_info    0x0000000000009d95      0x74d ../common/lpcusb/target/usbstdreq.o

.debug_abbrev   0x0000000000000000     0x257c
 .debug_abbrev  0x0000000000000000      0x5a0 bluetooth_rxtx.o
 .debug_abbrev  0x00000000000005a0      0x1a8 bluetooth.o
 .debug_abbrev  0x0000000000000748      0x1d8 bluetooth_le.o
 .debug_abbrev  0x0000000000000920      0x308 ubertooth_usb.o
 .debug_abbrev  0x0000000000000c28      0x111 ubertooth_rssi.o
 .debug_abbrev  0x0000000000000d39      0x14e ubertooth_cs.o
 .debug_abbrev  0x0000000000000e87       0x88 ubertooth_clock.o
 .debug_abbrev  0x0000000000000f0f      0x109 ubertooth_dma.o
 .debug_abbrev  0x0000000000001018      0x1cb cc2400_rangetest.o
 .debug_abbrev  0x00000000000011e3      0x37c ego.o
 .debug_abbrev  0x000000000000155f      0x2fa ../common/usb_serial.o
 .debug_abbrev  0x0000000000001859       0xb8 ../common/LPC17xx_Startup.o
 .debug_abbrev  0x0000000000001911       0x80 ../common/LPC17xx_Interrupts.o
 .debug_abbrev  0x0000000000001991      0x2df ../common/ubertooth.o
 .debug_abbrev  0x0000000000001c70      0x24b ../common/lpcusb/target/usbcontrol.o
 .debug_abbrev  0x0000000000001ebb      0x13d ../common/lpcusb/target/usbinit.o
 .debug_abbrev  0x0000000000001ff8      0x2ac ../common/lpcusb/target/usbhw_lpc.o
 .debug_abbrev  0x00000000000022a4      0x2d8 ../common/lpcusb/target/usbstdreq.o

.debug_loc      0x0000000000000000     0x55c4
 .debug_loc     0x0000000000000000     0x2801 bluetooth_rxtx.o
 .debug_loc     0x0000000000002801      0x69d bluetooth.o
 .debug_loc     0x0000000000002e9e      0x3f9 bluetooth_le.o
 .debug_loc     0x0000000000003297      0x2af ubertooth_usb.o
 .debug_loc     0x0000000000003546       0x6b ubertooth_rssi.o
 .debug_loc     0x00000000000035b1       0x8c ubertooth_cs.o
 .debug_loc     0x000000000000363d       0x1f ubertooth_dma.o
 .debug_loc     0x000000000000365c      0x28e cc2400_rangetest.o
 .debug_loc     0x00000000000038ea      0x311 ego.o
 .debug_loc     0x0000000000003bfb      0x321 ../common/usb_serial.o
 .debug_loc     0x0000000000003f1c       0x56 ../common/LPC17xx_Startup.o
 .debug_loc     0x0000000000003f72      0x61a ../common/ubertooth.o
 .debug_loc     0x000000000000458c      0x169 ../common/lpcusb/target/usbcontrol.o
 .debug_loc     0x00000000000046f5      0x7df ../common/lpcusb/target/usbhw_lpc.o
 .debug_loc     0x0000000000004ed4      0x6f0 ../common/lpcusb/target/usbstdreq.o

.debug_aranges  0x0000000000000000      0x728
 .debug_aranges
                0x0000000000000000      0x170 bluetooth_rxtx.o
 .debug_aranges
                0x0000000000000170       0x30 bluetooth.o
 .debug_aranges
                0x00000000000001a0       0x48 bluetooth_le.o
 .debug_aranges
                0x00000000000001e8       0x58 ubertooth_usb.o
 .debug_aranges
                0x0000000000000240       0x38 ubertooth_rssi.o
 .debug_aranges
                0x0000000000000278       0x38 ubertooth_cs.o
 .debug_aranges
                0x00000000000002b0       0x30 ubertooth_clock.o
 .debug_aranges
                0x00000000000002e0       0x40 ubertooth_dma.o
 .debug_aranges
                0x0000000000000320       0x30 cc2400_rangetest.o
 .debug_aranges
                0x0000000000000350       0x98 ego.o
 .debug_aranges
                0x00000000000003e8       0x70 ../common/usb_serial.o
 .debug_aranges
                0x0000000000000458       0x20 ../common/LPC17xx_Startup.o
 .debug_aranges
                0x0000000000000478       0x20 ../common/LPC17xx_Interrupts.o
 .debug_aranges
                0x0000000000000498      0x108 ../common/ubertooth.o
 .debug_aranges
                0x00000000000005a0       0x38 ../common/lpcusb/target/usbcontrol.o
 .debug_aranges
                0x00000000000005d8       0x28 ../common/lpcusb/target/usbinit.o
 .debug_aranges
                0x0000000000000600       0xd8 ../common/lpcusb/target/usbhw_lpc.o
 .debug_aranges
                0x00000000000006d8       0x50 ../common/lpcusb/target/usbstdreq.o

.debug_ranges   0x0000000000000000      0x878
 .debug_ranges  0x0000000000000000      0x2b0 bluetooth_rxtx.o
 .debug_ranges  0x00000000000002b0       0x38 bluetooth.o
 .debug_ranges  0x00000000000002e8       0x50 bluetooth_le.o
 .debug_ranges  0x0000000000000338       0x48 ubertooth_usb.o
 .debug_ranges  0x0000000000000380       0x28 ubertooth_rssi.o
 .debug_ranges  0x00000000000003a8       0x28 ubertooth_cs.o
 .debug_ranges  0x00000000000003d0       0x20 ubertooth_clock.o
 .debug_ranges  0x00000000000003f0       0x30 ubertooth_dma.o
 .debug_ranges  0x0000000000000420       0x20 cc2400_rangetest.o
 .debug_ranges  0x0000000000000440       0xd0 ego.o
 .debug_ranges  0x0000000000000510       0x78 ../common/usb_serial.o
 .debug_ranges  0x0000000000000588       0x10 ../common/LPC17xx_Startup.o
 .debug_ranges  0x0000000000000598       0x10 ../common/LPC17xx_Interrupts.o
 .debug_ranges  0x00000000000005a8      0x128 ../common/ubertooth.o
 .debug_ranges  0x00000000000006d0       0x28 ../common/lpcusb/target/usbcontrol.o
 .debug_ranges  0x00000000000006f8       0x18 ../common/lpcusb/target/usbinit.o
 .debug_ranges  0x0000000000000710       0xe0 ../common/lpcusb/target/usbhw_lpc.o
 .debug_ranges  0x00000000000007f0       0x88 ../common/lpcusb/target/usbstdreq.o

.debug_line     0x0000000000000000     0x311a
 .debug_line    0x0000000000000000     0x1141 bluetooth_rxtx.o
 .debug_line    0x0000000000001141      0x1d6 bluetooth.o
 .debug_line    0x0000000000001317      0x18f bluetooth_le.o
 .debug_line    0x00000000000014a6      0x29d ubertooth_usb.o
 .debug_line    0x0000000000001743      0x17e ubertooth_rssi.o
 .debug_line    0x00000000000018c1      0x139 ubertooth_cs.o
 .debug_line    0x00000000000019fa       0xfb ubertooth_clock.o
 .debug_line    0x0000000000001af5      0x175 ubertooth_dma.o
 .debug_line    0x0000000000001c6a      0x2a7 cc2400_rangetest.o
 .debug_line    0x0000000000001f11      0x300 ego.o
 .debug_line    0x0000000000002211      0x283 ../common/usb_serial.o
 .debug_line    0x0000000000002494       0xd1 ../common/LPC17xx_Startup.o
 .debug_line    0x0000000000002565       0x53 ../common/LPC17xx_Interrupts.o
 .debug_line    0x00000000000025b8      0x47b ../common/ubertooth.o
 .debug_line    0x0000000000002a33       0xef ../common/lpcusb/target/usbcontrol.o
 .debug_line    0x0000000000002b22       0xa0 ../common/lpcusb/target/usbinit.o
 .debug_line    0x0000000000002bc2      0x3b1 ../common/lpcusb/target/usbhw_lpc.o
 .debug_line    0x0000000000002f73      0x1a7 ../common/lpcusb/target/usbstdreq.o

.debug_str      0x0000000000000000     0x2690
 .debug_str     0x0000000000000000     0x1663 bluetooth_rxtx.o
                                       0x17c8 (size before relaxing)
 .debug_str     0x0000000000001663       0x98 bluetooth.o
                                        0x320 (size before relaxing)
 .debug_str     0x00000000000016fb       0x52 bluetooth_le.o
                                        0x486 (size before relaxing)
 .debug_str     0x000000000000174d      0x1a2 ubertooth_usb.o
                                        0x50c (size before relaxing)
 .debug_str     0x00000000000018ef       0x30 ubertooth_rssi.o
                                        0x2b8 (size before relaxing)
 .debug_str     0x000000000000191f       0x69 ubertooth_cs.o
                                        0x34c (size before relaxing)
 .debug_str     0x0000000000001988       0x12 ubertooth_clock.o
                                        0x2b7 (size before relaxing)
 .debug_str     0x000000000000199a       0x60 ubertooth_dma.o
                                        0x2d3 (size before relaxing)
 .debug_str     0x00000000000019fa       0x58 cc2400_rangetest.o
                                        0x36e (size before relaxing)
 .debug_str     0x0000000000001a52      0x1d4 ego.o
                                        0x6ca (size before relaxing)
 .debug_str     0x0000000000001c26      0x216 ../common/usb_serial.o
                                        0x519 (size before relaxing)
 .debug_str     0x0000000000001e3c       0x73 ../common/LPC17xx_Startup.o
                                        0x274 (size before relaxing)
 .debug_str     0x0000000000001eaf       0x51 ../common/LPC17xx_Interrupts.o
                                        0x1d6 (size before relaxing)
 .debug_str     0x0000000000001f00       0xf4 ../common/ubertooth.o
                                        0x3f5 (size before relaxing)
 .debug_str     0x0000000000001ff4       0xdf ../common/lpcusb/target/usbcontrol.o
                                        0x336 (size before relaxing)
 .debug_str     0x00000000000020d3       0x56 ../common/lpcusb/target/usbinit.o
                                        0x2ca (size before relaxing)
 .debug_str     0x0000000000002129      0x305 ../common/lpcusb/target/usbhw_lpc.o
                                        0x614 (size before relaxing)
 .debug_str     0x000000000000242e      0x262 ../common/lpcusb/target/usbstdreq.o
                                        0x518 (size before relaxing)
