Archive member included because of file (symbol)

/Users/ahesham/research/Bluetooth/boss/uberCode/gcc-arm-none-eabi/bin/../lib/gcc/arm-none-eabi/4.9.3/../../../../arm-none-eabi/lib/armv7-m/libc.a(lib_a-exit.o)
                              /Users/ahesham/research/Bluetooth/boss/uberCode/gcc-arm-none-eabi/bin/../lib/gcc/arm-none-eabi/4.9.3/../../../../arm-none-eabi/lib/armv7-m/crt0.o (exit)
/Users/ahesham/research/Bluetooth/boss/uberCode/gcc-arm-none-eabi/bin/../lib/gcc/arm-none-eabi/4.9.3/../../../../arm-none-eabi/lib/armv7-m/libc.a(lib_a-impure.o)
                              /Users/ahesham/research/Bluetooth/boss/uberCode/gcc-arm-none-eabi/bin/../lib/gcc/arm-none-eabi/4.9.3/../../../../arm-none-eabi/lib/armv7-m/libc.a(lib_a-exit.o) (_global_impure_ptr)
/Users/ahesham/research/Bluetooth/boss/uberCode/gcc-arm-none-eabi/bin/../lib/gcc/arm-none-eabi/4.9.3/../../../../arm-none-eabi/lib/armv7-m/libc.a(lib_a-init.o)
                              /Users/ahesham/research/Bluetooth/boss/uberCode/gcc-arm-none-eabi/bin/../lib/gcc/arm-none-eabi/4.9.3/../../../../arm-none-eabi/lib/armv7-m/crt0.o (__libc_init_array)
/Users/ahesham/research/Bluetooth/boss/uberCode/gcc-arm-none-eabi/bin/../lib/gcc/arm-none-eabi/4.9.3/../../../../arm-none-eabi/lib/armv7-m/libc.a(lib_a-memset.o)
                              /Users/ahesham/research/Bluetooth/boss/uberCode/gcc-arm-none-eabi/bin/../lib/gcc/arm-none-eabi/4.9.3/../../../../arm-none-eabi/lib/armv7-m/crt0.o (memset)
/Users/ahesham/research/Bluetooth/boss/uberCode/gcc-arm-none-eabi/bin/../lib/gcc/arm-none-eabi/4.9.3/../../../../arm-none-eabi/lib/armv7-m/libc.a(lib_a-__call_atexit.o)
                              /Users/ahesham/research/Bluetooth/boss/uberCode/gcc-arm-none-eabi/bin/../lib/gcc/arm-none-eabi/4.9.3/../../../../arm-none-eabi/lib/armv7-m/libc.a(lib_a-exit.o) (__call_exitprocs)
/Users/ahesham/research/Bluetooth/boss/uberCode/gcc-arm-none-eabi/bin/../lib/gcc/arm-none-eabi/4.9.3/../../../../arm-none-eabi/lib/armv7-m/libc.a(lib_a-atexit.o)
                              /Users/ahesham/research/Bluetooth/boss/uberCode/gcc-arm-none-eabi/bin/../lib/gcc/arm-none-eabi/4.9.3/../../../../arm-none-eabi/lib/armv7-m/libc.a(lib_a-__call_atexit.o) (atexit)
/Users/ahesham/research/Bluetooth/boss/uberCode/gcc-arm-none-eabi/bin/../lib/gcc/arm-none-eabi/4.9.3/../../../../arm-none-eabi/lib/armv7-m/libc.a(lib_a-fini.o)
                              /Users/ahesham/research/Bluetooth/boss/uberCode/gcc-arm-none-eabi/bin/../lib/gcc/arm-none-eabi/4.9.3/../../../../arm-none-eabi/lib/armv7-m/libc.a(lib_a-__call_atexit.o) (__libc_fini_array)
/Users/ahesham/research/Bluetooth/boss/uberCode/gcc-arm-none-eabi/bin/../lib/gcc/arm-none-eabi/4.9.3/../../../../arm-none-eabi/lib/armv7-m/libc.a(lib_a-__atexit.o)
                              /Users/ahesham/research/Bluetooth/boss/uberCode/gcc-arm-none-eabi/bin/../lib/gcc/arm-none-eabi/4.9.3/../../../../arm-none-eabi/lib/armv7-m/libc.a(lib_a-atexit.o) (__register_exitproc)
/Users/ahesham/research/Bluetooth/boss/uberCode/gcc-arm-none-eabi/bin/../lib/gcc/arm-none-eabi/4.9.3/../../../../arm-none-eabi/lib/armv7-m/libnosys.a(_exit.o)
                              /Users/ahesham/research/Bluetooth/boss/uberCode/gcc-arm-none-eabi/bin/../lib/gcc/arm-none-eabi/4.9.3/../../../../arm-none-eabi/lib/armv7-m/libc.a(lib_a-exit.o) (_exit)

Discarded input sections

 .text          0x0000000000000000        0x0 /Users/ahesham/research/Bluetooth/boss/uberCode/gcc-arm-none-eabi/bin/../lib/gcc/arm-none-eabi/4.9.3/armv7-m/crti.o
 .data          0x0000000000000000        0x0 /Users/ahesham/research/Bluetooth/boss/uberCode/gcc-arm-none-eabi/bin/../lib/gcc/arm-none-eabi/4.9.3/armv7-m/crti.o
 .bss           0x0000000000000000        0x0 /Users/ahesham/research/Bluetooth/boss/uberCode/gcc-arm-none-eabi/bin/../lib/gcc/arm-none-eabi/4.9.3/armv7-m/crti.o
 .data          0x0000000000000000        0x4 /Users/ahesham/research/Bluetooth/boss/uberCode/gcc-arm-none-eabi/bin/../lib/gcc/arm-none-eabi/4.9.3/armv7-m/crtbegin.o
 .text          0x0000000000000000       0x74 /Users/ahesham/research/Bluetooth/boss/uberCode/gcc-arm-none-eabi/bin/../lib/gcc/arm-none-eabi/4.9.3/../../../../arm-none-eabi/lib/armv7-m/crt0.o
 .data          0x0000000000000000        0x0 /Users/ahesham/research/Bluetooth/boss/uberCode/gcc-arm-none-eabi/bin/../lib/gcc/arm-none-eabi/4.9.3/../../../../arm-none-eabi/lib/armv7-m/crt0.o
 .bss           0x0000000000000000        0x0 /Users/ahesham/research/Bluetooth/boss/uberCode/gcc-arm-none-eabi/bin/../lib/gcc/arm-none-eabi/4.9.3/../../../../arm-none-eabi/lib/armv7-m/crt0.o
 .ARM.extab     0x0000000000000000        0x0 /Users/ahesham/research/Bluetooth/boss/uberCode/gcc-arm-none-eabi/bin/../lib/gcc/arm-none-eabi/4.9.3/../../../../arm-none-eabi/lib/armv7-m/crt0.o
 .ARM.exidx     0x0000000000000000        0x8 /Users/ahesham/research/Bluetooth/boss/uberCode/gcc-arm-none-eabi/bin/../lib/gcc/arm-none-eabi/4.9.3/../../../../arm-none-eabi/lib/armv7-m/crt0.o
 .ARM.attributes
                0x0000000000000000       0x1b /Users/ahesham/research/Bluetooth/boss/uberCode/gcc-arm-none-eabi/bin/../lib/gcc/arm-none-eabi/4.9.3/../../../../arm-none-eabi/lib/armv7-m/crt0.o
 .text          0x0000000000000000        0x0 /Users/ahesham/research/Bluetooth/boss/uberCode/gcc-arm-none-eabi/bin/../lib/gcc/arm-none-eabi/4.9.3/../../../../arm-none-eabi/lib/armv7-m/libc.a(lib_a-exit.o)
 .data          0x0000000000000000        0x0 /Users/ahesham/research/Bluetooth/boss/uberCode/gcc-arm-none-eabi/bin/../lib/gcc/arm-none-eabi/4.9.3/../../../../arm-none-eabi/lib/armv7-m/libc.a(lib_a-exit.o)
 .bss           0x0000000000000000        0x0 /Users/ahesham/research/Bluetooth/boss/uberCode/gcc-arm-none-eabi/bin/../lib/gcc/arm-none-eabi/4.9.3/../../../../arm-none-eabi/lib/armv7-m/libc.a(lib_a-exit.o)
 .text.exit     0x0000000000000000       0x20 /Users/ahesham/research/Bluetooth/boss/uberCode/gcc-arm-none-eabi/bin/../lib/gcc/arm-none-eabi/4.9.3/../../../../arm-none-eabi/lib/armv7-m/libc.a(lib_a-exit.o)
 .debug_frame   0x0000000000000000       0x28 /Users/ahesham/research/Bluetooth/boss/uberCode/gcc-arm-none-eabi/bin/../lib/gcc/arm-none-eabi/4.9.3/../../../../arm-none-eabi/lib/armv7-m/libc.a(lib_a-exit.o)
 .ARM.attributes
                0x0000000000000000       0x2d /Users/ahesham/research/Bluetooth/boss/uberCode/gcc-arm-none-eabi/bin/../lib/gcc/arm-none-eabi/4.9.3/../../../../arm-none-eabi/lib/armv7-m/libc.a(lib_a-exit.o)
 .text          0x0000000000000000        0x0 /Users/ahesham/research/Bluetooth/boss/uberCode/gcc-arm-none-eabi/bin/../lib/gcc/arm-none-eabi/4.9.3/../../../../arm-none-eabi/lib/armv7-m/libc.a(lib_a-impure.o)
 .data          0x0000000000000000        0x0 /Users/ahesham/research/Bluetooth/boss/uberCode/gcc-arm-none-eabi/bin/../lib/gcc/arm-none-eabi/4.9.3/../../../../arm-none-eabi/lib/armv7-m/libc.a(lib_a-impure.o)
 .bss           0x0000000000000000        0x0 /Users/ahesham/research/Bluetooth/boss/uberCode/gcc-arm-none-eabi/bin/../lib/gcc/arm-none-eabi/4.9.3/../../../../arm-none-eabi/lib/armv7-m/libc.a(lib_a-impure.o)
 .data._impure_ptr
                0x0000000000000000        0x4 /Users/ahesham/research/Bluetooth/boss/uberCode/gcc-arm-none-eabi/bin/../lib/gcc/arm-none-eabi/4.9.3/../../../../arm-none-eabi/lib/armv7-m/libc.a(lib_a-impure.o)
 .text          0x0000000000000000        0x0 /Users/ahesham/research/Bluetooth/boss/uberCode/gcc-arm-none-eabi/bin/../lib/gcc/arm-none-eabi/4.9.3/../../../../arm-none-eabi/lib/armv7-m/libc.a(lib_a-init.o)
 .data          0x0000000000000000        0x0 /Users/ahesham/research/Bluetooth/boss/uberCode/gcc-arm-none-eabi/bin/../lib/gcc/arm-none-eabi/4.9.3/../../../../arm-none-eabi/lib/armv7-m/libc.a(lib_a-init.o)
 .bss           0x0000000000000000        0x0 /Users/ahesham/research/Bluetooth/boss/uberCode/gcc-arm-none-eabi/bin/../lib/gcc/arm-none-eabi/4.9.3/../../../../arm-none-eabi/lib/armv7-m/libc.a(lib_a-init.o)
 .text          0x0000000000000000        0x0 /Users/ahesham/research/Bluetooth/boss/uberCode/gcc-arm-none-eabi/bin/../lib/gcc/arm-none-eabi/4.9.3/../../../../arm-none-eabi/lib/armv7-m/libc.a(lib_a-memset.o)
 .data          0x0000000000000000        0x0 /Users/ahesham/research/Bluetooth/boss/uberCode/gcc-arm-none-eabi/bin/../lib/gcc/arm-none-eabi/4.9.3/../../../../arm-none-eabi/lib/armv7-m/libc.a(lib_a-memset.o)
 .bss           0x0000000000000000        0x0 /Users/ahesham/research/Bluetooth/boss/uberCode/gcc-arm-none-eabi/bin/../lib/gcc/arm-none-eabi/4.9.3/../../../../arm-none-eabi/lib/armv7-m/libc.a(lib_a-memset.o)
 .text.memset   0x0000000000000000       0x9c /Users/ahesham/research/Bluetooth/boss/uberCode/gcc-arm-none-eabi/bin/../lib/gcc/arm-none-eabi/4.9.3/../../../../arm-none-eabi/lib/armv7-m/libc.a(lib_a-memset.o)
 .debug_frame   0x0000000000000000       0x34 /Users/ahesham/research/Bluetooth/boss/uberCode/gcc-arm-none-eabi/bin/../lib/gcc/arm-none-eabi/4.9.3/../../../../arm-none-eabi/lib/armv7-m/libc.a(lib_a-memset.o)
 .ARM.attributes
                0x0000000000000000       0x2d /Users/ahesham/research/Bluetooth/boss/uberCode/gcc-arm-none-eabi/bin/../lib/gcc/arm-none-eabi/4.9.3/../../../../arm-none-eabi/lib/armv7-m/libc.a(lib_a-memset.o)
 .text          0x0000000000000000        0x0 /Users/ahesham/research/Bluetooth/boss/uberCode/gcc-arm-none-eabi/bin/../lib/gcc/arm-none-eabi/4.9.3/../../../../arm-none-eabi/lib/armv7-m/libc.a(lib_a-__call_atexit.o)
 .data          0x0000000000000000        0x0 /Users/ahesham/research/Bluetooth/boss/uberCode/gcc-arm-none-eabi/bin/../lib/gcc/arm-none-eabi/4.9.3/../../../../arm-none-eabi/lib/armv7-m/libc.a(lib_a-__call_atexit.o)
 .bss           0x0000000000000000        0x0 /Users/ahesham/research/Bluetooth/boss/uberCode/gcc-arm-none-eabi/bin/../lib/gcc/arm-none-eabi/4.9.3/../../../../arm-none-eabi/lib/armv7-m/libc.a(lib_a-__call_atexit.o)
 .text.__call_exitprocs
                0x0000000000000000       0xd4 /Users/ahesham/research/Bluetooth/boss/uberCode/gcc-arm-none-eabi/bin/../lib/gcc/arm-none-eabi/4.9.3/../../../../arm-none-eabi/lib/armv7-m/libc.a(lib_a-__call_atexit.o)
 .text          0x0000000000000000        0x0 /Users/ahesham/research/Bluetooth/boss/uberCode/gcc-arm-none-eabi/bin/../lib/gcc/arm-none-eabi/4.9.3/../../../../arm-none-eabi/lib/armv7-m/libc.a(lib_a-atexit.o)
 .data          0x0000000000000000        0x0 /Users/ahesham/research/Bluetooth/boss/uberCode/gcc-arm-none-eabi/bin/../lib/gcc/arm-none-eabi/4.9.3/../../../../arm-none-eabi/lib/armv7-m/libc.a(lib_a-atexit.o)
 .bss           0x0000000000000000        0x0 /Users/ahesham/research/Bluetooth/boss/uberCode/gcc-arm-none-eabi/bin/../lib/gcc/arm-none-eabi/4.9.3/../../../../arm-none-eabi/lib/armv7-m/libc.a(lib_a-atexit.o)
 .text          0x0000000000000000        0x0 /Users/ahesham/research/Bluetooth/boss/uberCode/gcc-arm-none-eabi/bin/../lib/gcc/arm-none-eabi/4.9.3/../../../../arm-none-eabi/lib/armv7-m/libc.a(lib_a-fini.o)
 .data          0x0000000000000000        0x0 /Users/ahesham/research/Bluetooth/boss/uberCode/gcc-arm-none-eabi/bin/../lib/gcc/arm-none-eabi/4.9.3/../../../../arm-none-eabi/lib/armv7-m/libc.a(lib_a-fini.o)
 .bss           0x0000000000000000        0x0 /Users/ahesham/research/Bluetooth/boss/uberCode/gcc-arm-none-eabi/bin/../lib/gcc/arm-none-eabi/4.9.3/../../../../arm-none-eabi/lib/armv7-m/libc.a(lib_a-fini.o)
 .text          0x0000000000000000        0x0 /Users/ahesham/research/Bluetooth/boss/uberCode/gcc-arm-none-eabi/bin/../lib/gcc/arm-none-eabi/4.9.3/../../../../arm-none-eabi/lib/armv7-m/libc.a(lib_a-__atexit.o)
 .data          0x0000000000000000        0x0 /Users/ahesham/research/Bluetooth/boss/uberCode/gcc-arm-none-eabi/bin/../lib/gcc/arm-none-eabi/4.9.3/../../../../arm-none-eabi/lib/armv7-m/libc.a(lib_a-__atexit.o)
 .bss           0x0000000000000000        0x0 /Users/ahesham/research/Bluetooth/boss/uberCode/gcc-arm-none-eabi/bin/../lib/gcc/arm-none-eabi/4.9.3/../../../../arm-none-eabi/lib/armv7-m/libc.a(lib_a-__atexit.o)
 .text          0x0000000000000000        0x0 cc2400_test.o
 .data          0x0000000000000000        0x0 cc2400_test.o
 .bss           0x0000000000000000        0x0 cc2400_test.o
 .text          0x0000000000000000        0x0 ../common/LPC17xx_Startup.o
 .data          0x0000000000000000        0x0 ../common/LPC17xx_Startup.o
 .bss           0x0000000000000000        0x0 ../common/LPC17xx_Startup.o
 .text          0x0000000000000000        0x0 ../common/LPC17xx_Interrupts.o
 .data          0x0000000000000000        0x0 ../common/LPC17xx_Interrupts.o
 .bss           0x0000000000000000        0x0 ../common/LPC17xx_Interrupts.o
 .text          0x0000000000000000        0x0 ../common/ubertooth.o
 .data          0x0000000000000000        0x0 ../common/ubertooth.o
 .text.spi_delay
                0x0000000000000000       0x18 ../common/ubertooth.o
 .text.rbit     0x0000000000000000        0x6 ../common/ubertooth.o
 .text.wait     0x0000000000000000        0xc ../common/ubertooth.o
 .text.wait_ms  0x0000000000000000        0xa ../common/ubertooth.o
 .text.dio_ssp_init
                0x0000000000000000       0x54 ../common/ubertooth.o
 .text.cc2400_set
                0x0000000000000000        0xa ../common/ubertooth.o
 .text.cc2400_get8
                0x0000000000000000       0x12 ../common/ubertooth.o
 .text.cc2400_set8
                0x0000000000000000        0xa ../common/ubertooth.o
 .text.cc2400_fifo_write
                0x0000000000000000       0x88 ../common/ubertooth.o
 .text.cc2400_fifo_read
                0x0000000000000000       0x94 ../common/ubertooth.o
 .text.cc2400_status
                0x0000000000000000        0xe ../common/ubertooth.o
 .text.cc2400_strobe
                0x0000000000000000        0xe ../common/ubertooth.o
 .text.clock_start
                0x0000000000000000      0x13c ../common/ubertooth.o
 .text.ubertooth_init
                0x0000000000000000       0x12 ../common/ubertooth.o
 .text.reset    0x0000000000000000       0x38 ../common/ubertooth.o
 .text.cc2400_tune_rx
                0x0000000000000000        0xa ../common/ubertooth.o
 .text.cc2400_tune_tx
                0x0000000000000000        0x8 ../common/ubertooth.o
 .text.cc2400_hop_rx
                0x0000000000000000       0x38 ../common/ubertooth.o
 .text.cc2400_hop_tx
                0x0000000000000000       0x38 ../common/ubertooth.o
 .text.get_part_num
                0x0000000000000000       0x38 ../common/ubertooth.o
 .text.get_device_serial
                0x0000000000000000       0x68 ../common/ubertooth.o
 .text.set_isp  0x0000000000000000       0x1c ../common/ubertooth.o
 .rodata        0x0000000000000000        0x4 ../common/ubertooth.o
 .text          0x0000000000000000        0x0 /Users/ahesham/research/Bluetooth/boss/uberCode/gcc-arm-none-eabi/bin/../lib/gcc/arm-none-eabi/4.9.3/armv7-m/crtend.o
 .data          0x0000000000000000        0x0 /Users/ahesham/research/Bluetooth/boss/uberCode/gcc-arm-none-eabi/bin/../lib/gcc/arm-none-eabi/4.9.3/armv7-m/crtend.o
 .bss           0x0000000000000000        0x0 /Users/ahesham/research/Bluetooth/boss/uberCode/gcc-arm-none-eabi/bin/../lib/gcc/arm-none-eabi/4.9.3/armv7-m/crtend.o
 .eh_frame      0x0000000000000000        0x4 /Users/ahesham/research/Bluetooth/boss/uberCode/gcc-arm-none-eabi/bin/../lib/gcc/arm-none-eabi/4.9.3/armv7-m/crtend.o
 .jcr           0x0000000000000000        0x4 /Users/ahesham/research/Bluetooth/boss/uberCode/gcc-arm-none-eabi/bin/../lib/gcc/arm-none-eabi/4.9.3/armv7-m/crtend.o
 .ARM.attributes
                0x0000000000000000       0x2d /Users/ahesham/research/Bluetooth/boss/uberCode/gcc-arm-none-eabi/bin/../lib/gcc/arm-none-eabi/4.9.3/armv7-m/crtend.o
 .text          0x0000000000000000        0x0 /Users/ahesham/research/Bluetooth/boss/uberCode/gcc-arm-none-eabi/bin/../lib/gcc/arm-none-eabi/4.9.3/armv7-m/crtn.o
 .data          0x0000000000000000        0x0 /Users/ahesham/research/Bluetooth/boss/uberCode/gcc-arm-none-eabi/bin/../lib/gcc/arm-none-eabi/4.9.3/armv7-m/crtn.o
 .bss           0x0000000000000000        0x0 /Users/ahesham/research/Bluetooth/boss/uberCode/gcc-arm-none-eabi/bin/../lib/gcc/arm-none-eabi/4.9.3/armv7-m/crtn.o
 .text          0x0000000000000000        0x0 /Users/ahesham/research/Bluetooth/boss/uberCode/gcc-arm-none-eabi/bin/../lib/gcc/arm-none-eabi/4.9.3/../../../../arm-none-eabi/lib/armv7-m/libnosys.a(_exit.o)
 .data          0x0000000000000000        0x0 /Users/ahesham/research/Bluetooth/boss/uberCode/gcc-arm-none-eabi/bin/../lib/gcc/arm-none-eabi/4.9.3/../../../../arm-none-eabi/lib/armv7-m/libnosys.a(_exit.o)
 .bss           0x0000000000000000        0x0 /Users/ahesham/research/Bluetooth/boss/uberCode/gcc-arm-none-eabi/bin/../lib/gcc/arm-none-eabi/4.9.3/../../../../arm-none-eabi/lib/armv7-m/libnosys.a(_exit.o)
 .text._exit    0x0000000000000000        0x4 /Users/ahesham/research/Bluetooth/boss/uberCode/gcc-arm-none-eabi/bin/../lib/gcc/arm-none-eabi/4.9.3/../../../../arm-none-eabi/lib/armv7-m/libnosys.a(_exit.o)
 .debug_frame   0x0000000000000000       0x20 /Users/ahesham/research/Bluetooth/boss/uberCode/gcc-arm-none-eabi/bin/../lib/gcc/arm-none-eabi/4.9.3/../../../../arm-none-eabi/lib/armv7-m/libnosys.a(_exit.o)
 .ARM.attributes
                0x0000000000000000       0x2d /Users/ahesham/research/Bluetooth/boss/uberCode/gcc-arm-none-eabi/bin/../lib/gcc/arm-none-eabi/4.9.3/../../../../arm-none-eabi/lib/armv7-m/libnosys.a(_exit.o)

Memory Configuration

Name             Origin             Length             Attributes
rom              0x0000000000004000 0x000000000001c000 xr
ram              0x0000000010000000 0x0000000000004000 xrw
*default*        0x0000000000000000 0xffffffffffffffff

Linker script and memory map

LOAD /Users/ahesham/research/Bluetooth/boss/uberCode/gcc-arm-none-eabi/bin/../lib/gcc/arm-none-eabi/4.9.3/armv7-m/crti.o
LOAD /Users/ahesham/research/Bluetooth/boss/uberCode/gcc-arm-none-eabi/bin/../lib/gcc/arm-none-eabi/4.9.3/armv7-m/crtbegin.o
LOAD /Users/ahesham/research/Bluetooth/boss/uberCode/gcc-arm-none-eabi/bin/../lib/gcc/arm-none-eabi/4.9.3/../../../../arm-none-eabi/lib/armv7-m/crt0.o
START GROUP
LOAD /Users/ahesham/research/Bluetooth/boss/uberCode/gcc-arm-none-eabi/bin/../lib/gcc/arm-none-eabi/4.9.3/../../../../arm-none-eabi/lib/armv7-m/libc.a
LOAD /Users/ahesham/research/Bluetooth/boss/uberCode/gcc-arm-none-eabi/bin/../lib/gcc/arm-none-eabi/4.9.3/../../../../arm-none-eabi/lib/armv7-m/libg.a
LOAD /Users/ahesham/research/Bluetooth/boss/uberCode/gcc-arm-none-eabi/bin/../lib/gcc/arm-none-eabi/4.9.3/armv7-m/libgcc.a
LOAD /Users/ahesham/research/Bluetooth/boss/uberCode/gcc-arm-none-eabi/bin/../lib/gcc/arm-none-eabi/4.9.3/../../../../arm-none-eabi/lib/armv7-m/libm.a
END GROUP
LOAD cc2400_test.o
LOAD ../common/LPC17xx_Startup.o
LOAD ../common/LPC17xx_Interrupts.o
LOAD ../common/ubertooth.o
START GROUP
LOAD /Users/ahesham/research/Bluetooth/boss/uberCode/gcc-arm-none-eabi/bin/../lib/gcc/arm-none-eabi/4.9.3/armv7-m/libgcc.a
LOAD /Users/ahesham/research/Bluetooth/boss/uberCode/gcc-arm-none-eabi/bin/../lib/gcc/arm-none-eabi/4.9.3/../../../../arm-none-eabi/lib/armv7-m/libc.a
END GROUP
LOAD /Users/ahesham/research/Bluetooth/boss/uberCode/gcc-arm-none-eabi/bin/../lib/gcc/arm-none-eabi/4.9.3/armv7-m/crtend.o
LOAD /Users/ahesham/research/Bluetooth/boss/uberCode/gcc-arm-none-eabi/bin/../lib/gcc/arm-none-eabi/4.9.3/armv7-m/crtn.o
START GROUP
LOAD /Users/ahesham/research/Bluetooth/boss/uberCode/gcc-arm-none-eabi/bin/../lib/gcc/arm-none-eabi/4.9.3/armv7-m/libgcc.a
LOAD /Users/ahesham/research/Bluetooth/boss/uberCode/gcc-arm-none-eabi/bin/../lib/gcc/arm-none-eabi/4.9.3/../../../../arm-none-eabi/lib/armv7-m/libc.a
LOAD /Users/ahesham/research/Bluetooth/boss/uberCode/gcc-arm-none-eabi/bin/../lib/gcc/arm-none-eabi/4.9.3/../../../../arm-none-eabi/lib/armv7-m/libm.a
LOAD /Users/ahesham/research/Bluetooth/boss/uberCode/gcc-arm-none-eabi/bin/../lib/gcc/arm-none-eabi/4.9.3/../../../../arm-none-eabi/lib/armv7-m/libnosys.a
END GROUP

.text           0x0000000000004000      0x4c8
                0x0000000000004000                . = ALIGN (0x400)
                0x0000000000004000                _interrupt_vector_table = .
 *(.irq_handler_table)
 .irq_handler_table
                0x0000000000004000       0xcc ../common/LPC17xx_Interrupts.o
                0x0000000000004000                _NVIC_Handler_Functions
 *(.text .text.* .gnu.linkonce.t.*)
 .text          0x00000000000040cc       0x5c /Users/ahesham/research/Bluetooth/boss/uberCode/gcc-arm-none-eabi/bin/../lib/gcc/arm-none-eabi/4.9.3/armv7-m/crtbegin.o
 .text.__libc_init_array
                0x0000000000004128       0x50 /Users/ahesham/research/Bluetooth/boss/uberCode/gcc-arm-none-eabi/bin/../lib/gcc/arm-none-eabi/4.9.3/../../../../arm-none-eabi/lib/armv7-m/libc.a(lib_a-init.o)
                0x0000000000004128                __libc_init_array
 .text.startup.register_fini
                0x0000000000004178       0x14 /Users/ahesham/research/Bluetooth/boss/uberCode/gcc-arm-none-eabi/bin/../lib/gcc/arm-none-eabi/4.9.3/../../../../arm-none-eabi/lib/armv7-m/libc.a(lib_a-__call_atexit.o)
 .text.atexit   0x000000000000418c        0xc /Users/ahesham/research/Bluetooth/boss/uberCode/gcc-arm-none-eabi/bin/../lib/gcc/arm-none-eabi/4.9.3/../../../../arm-none-eabi/lib/armv7-m/libc.a(lib_a-atexit.o)
                0x000000000000418c                atexit
 .text.__libc_fini_array
                0x0000000000004198       0x2c /Users/ahesham/research/Bluetooth/boss/uberCode/gcc-arm-none-eabi/bin/../lib/gcc/arm-none-eabi/4.9.3/../../../../arm-none-eabi/lib/armv7-m/libc.a(lib_a-fini.o)
                0x0000000000004198                __libc_fini_array
 .text.__register_exitproc
                0x00000000000041c4       0xa4 /Users/ahesham/research/Bluetooth/boss/uberCode/gcc-arm-none-eabi/bin/../lib/gcc/arm-none-eabi/4.9.3/../../../../arm-none-eabi/lib/armv7-m/libc.a(lib_a-__atexit.o)
                0x00000000000041c4                __register_exitproc
 .text.startup.main
                0x0000000000004268       0x30 cc2400_test.o
                0x0000000000004268                main
 .text.Reset_Handler
                0x0000000000004298       0x54 ../common/LPC17xx_Startup.o
                0x0000000000004298                Reset_Handler
 .text.Default_Handler
                0x00000000000042ec        0x2 ../common/LPC17xx_Interrupts.o
                0x00000000000042ec                ENET_IRQHandler
                0x00000000000042ec                DebugMon_Handler
                0x00000000000042ec                RIT_IRQHandler
                0x00000000000042ec                I2C0_IRQHandler
                0x00000000000042ec                HardFault_Handler
                0x00000000000042ec                SysTick_Handler
                0x00000000000042ec                PWM1_IRQHandler
                0x00000000000042ec                PendSV_Handler
                0x00000000000042ec                NMI_Handler
                0x00000000000042ec                I2C1_IRQHandler
                0x00000000000042ec                EINT2_IRQHandler
                0x00000000000042ec                UART1_IRQHandler
                0x00000000000042ec                EINT3_IRQHandler
                0x00000000000042ec                TIMER3_IRQHandler
                0x00000000000042ec                UART0_IRQHandler
                0x00000000000042ec                MemManagement_Handler
                0x00000000000042ec                UsageFault_Handler
                0x00000000000042ec                PLL0_IRQHandler
                0x00000000000042ec                CAN_IRQHandler
                0x00000000000042ec                PLL1_IRQHandler
                0x00000000000042ec                SSP0_IRQHandler
                0x00000000000042ec                I2S_IRQHandler
                0x00000000000042ec                I2C2_IRQHandler
                0x00000000000042ec                RTC_IRQHandler
                0x00000000000042ec                TIMER0_IRQHandler
                0x00000000000042ec                SPI_IRQHandler
                0x00000000000042ec                EINT1_IRQHandler
                0x00000000000042ec                TIMER1_IRQHandler
                0x00000000000042ec                UART2_IRQHandler
                0x00000000000042ec                ADC_IRQHandler
                0x00000000000042ec                SSP1_IRQHandler
                0x00000000000042ec                USB_IRQHandler
                0x00000000000042ec                BOD_IRQHandler
                0x00000000000042ec                WDT_IRQHandler
                0x00000000000042ec                SVC_Handler
                0x00000000000042ec                QEI_IRQHandler
                0x00000000000042ec                EINT0_IRQHandler
                0x00000000000042ec                USBACT_IRQHandler
                0x00000000000042ec                CANACT_IRQHandler
                0x00000000000042ec                DMA_IRQHandler
                0x00000000000042ec                BusFault_Handler
                0x00000000000042ec                UART3_IRQHandler
                0x00000000000042ec                MCPWM_IRQHandler
                0x00000000000042ec                TIMER2_IRQHandler
 *fill*         0x00000000000042ee        0x2 
 .text.wait_us  0x00000000000042f0       0x2c ../common/ubertooth.o
                0x00000000000042f0                wait_us
 .text.all_pins_off
                0x000000000000431c       0x54 ../common/ubertooth.o
                0x000000000000431c                all_pins_off
 .text.gpio_init
                0x0000000000004370       0x34 ../common/ubertooth.o
                0x0000000000004370                gpio_init
 .text.atest_init
                0x00000000000043a4       0x34 ../common/ubertooth.o
                0x00000000000043a4                atest_init
 .text.cc2400_spi
                0x00000000000043d8       0x4c ../common/ubertooth.o
                0x00000000000043d8                cc2400_spi
 .text.cc2400_init
                0x0000000000004424       0x38 ../common/ubertooth.o
                0x0000000000004424                cc2400_init
 .text.cc2400_get
                0x000000000000445c       0x12 ../common/ubertooth.o
                0x000000000000445c                cc2400_get
 .text.cc2400_reset
                0x000000000000446e       0x2c ../common/ubertooth.o
                0x000000000000446e                cc2400_reset
 *(.rodata .rodata.* .gnu.linkonce.r.*)
 *fill*         0x000000000000449a        0x2 
 .rodata.str1.4
                0x000000000000449c        0x4 /Users/ahesham/research/Bluetooth/boss/uberCode/gcc-arm-none-eabi/bin/../lib/gcc/arm-none-eabi/4.9.3/../../../../arm-none-eabi/lib/armv7-m/libc.a(lib_a-impure.o)
 .rodata._global_impure_ptr
                0x00000000000044a0        0x4 /Users/ahesham/research/Bluetooth/boss/uberCode/gcc-arm-none-eabi/bin/../lib/gcc/arm-none-eabi/4.9.3/../../../../arm-none-eabi/lib/armv7-m/libc.a(lib_a-impure.o)
                0x00000000000044a0                _global_impure_ptr
 *(.eh_frame_hdr)
 *(.eh_frame)
 .eh_frame      0x00000000000044a4        0x0 /Users/ahesham/research/Bluetooth/boss/uberCode/gcc-arm-none-eabi/bin/../lib/gcc/arm-none-eabi/4.9.3/armv7-m/crtbegin.o
                0x00000000000044a4                . = ALIGN (0x4)
 *(.init)
 .init          0x00000000000044a4        0x4 /Users/ahesham/research/Bluetooth/boss/uberCode/gcc-arm-none-eabi/bin/../lib/gcc/arm-none-eabi/4.9.3/armv7-m/crti.o
                0x00000000000044a4                _init
 .init          0x00000000000044a8        0x8 /Users/ahesham/research/Bluetooth/boss/uberCode/gcc-arm-none-eabi/bin/../lib/gcc/arm-none-eabi/4.9.3/armv7-m/crtn.o
                0x00000000000044b0                . = ALIGN (0x4)
                0x00000000000044b0                __preinit_array_start = .
 *(.preinit_array)
                0x00000000000044b0                __preinit_array_end = .
                0x00000000000044b0                . = ALIGN (0x4)
                0x00000000000044b0                __init_array_start = .
 *(SORT(.init_array.*))
 .init_array.00000
                0x00000000000044b0        0x4 /Users/ahesham/research/Bluetooth/boss/uberCode/gcc-arm-none-eabi/bin/../lib/gcc/arm-none-eabi/4.9.3/../../../../arm-none-eabi/lib/armv7-m/libc.a(lib_a-__call_atexit.o)
 *(.init_array)
 .init_array    0x00000000000044b4        0x4 /Users/ahesham/research/Bluetooth/boss/uberCode/gcc-arm-none-eabi/bin/../lib/gcc/arm-none-eabi/4.9.3/armv7-m/crtbegin.o
                0x00000000000044b8                __init_array_end = .
                0x00000000000044b8                . = ALIGN (0x4)
 *crtbegin.o(.ctors)
 *(EXCLUDE_FILE(*crtend.o) .ctors)
 *(SORT(.ctors.*))
 *crtend.o(.ctors)
                0x00000000000044b8                . = ALIGN (0x4)
 *(.fini)
 .fini          0x00000000000044b8        0x4 /Users/ahesham/research/Bluetooth/boss/uberCode/gcc-arm-none-eabi/bin/../lib/gcc/arm-none-eabi/4.9.3/armv7-m/crti.o
                0x00000000000044b8                _fini
 .fini          0x00000000000044bc        0x8 /Users/ahesham/research/Bluetooth/boss/uberCode/gcc-arm-none-eabi/bin/../lib/gcc/arm-none-eabi/4.9.3/armv7-m/crtn.o
                0x00000000000044c4                . = ALIGN (0x4)
                0x00000000000044c4                __fini_array_start = .
 *(.fini_array)
 .fini_array    0x00000000000044c4        0x4 /Users/ahesham/research/Bluetooth/boss/uberCode/gcc-arm-none-eabi/bin/../lib/gcc/arm-none-eabi/4.9.3/armv7-m/crtbegin.o
 *(SORT(.fini_array.*))
                0x00000000000044c8                __fini_array_end = .
 *crtbegin.o(.dtors)
 *(EXCLUDE_FILE(*crtend.o) .dtors)
 *(SORT(.dtors.*))
 *crtend.o(.dtors)
                0x00000000000044c8                . = ALIGN (0x8)
                0x00000000000044c8                _etext = .

.glue_7         0x00000000000044c8        0x0
 .glue_7        0x0000000000000000        0x0 linker stubs

.glue_7t        0x00000000000044c8        0x0
 .glue_7t       0x0000000000000000        0x0 linker stubs

.vfp11_veneer   0x00000000000044c8        0x0
 .vfp11_veneer  0x0000000000000000        0x0 linker stubs

.v4_bx          0x00000000000044c8        0x0
 .v4_bx         0x0000000000000000        0x0 linker stubs

.iplt           0x00000000000044c8        0x0
 .iplt          0x0000000000000000        0x0 /Users/ahesham/research/Bluetooth/boss/uberCode/gcc-arm-none-eabi/bin/../lib/gcc/arm-none-eabi/4.9.3/armv7-m/crtbegin.o

.rel.dyn        0x00000000000044c8        0x0
 .rel.iplt      0x0000000000000000        0x0 /Users/ahesham/research/Bluetooth/boss/uberCode/gcc-arm-none-eabi/bin/../lib/gcc/arm-none-eabi/4.9.3/armv7-m/crtbegin.o

.ARM.extab
 *(.ARM.extab* .gnu.linkonce.armextab.*)
                0x00000000000044c8                __exidx_start = .

.ARM.exidx
 *(.ARM.exidx* .gnu.linkonce.armexidx.*)
                0x00000000000044c8                __exidx_end = .
                0x00000000000044c8                _etext = .

.persistent     0x0000000010000000       0x20
                0x0000000010000000                _persistent_start = .
                0x0000000010000020                . = (. + 0x20)
 *fill*         0x0000000010000000       0x20 
                0x0000000010000020                _persistent_end = .
                0x000000001000001c                bootloader_ctrl = (_persistent_start + 0x1c)

.data           0x0000000010000020      0x428 load address 0x00000000000044c8
                0x0000000010000020                _data = .
 *(vtable)
 *(.data*)
 .data.impure_data
                0x0000000010000020      0x428 /Users/ahesham/research/Bluetooth/boss/uberCode/gcc-arm-none-eabi/bin/../lib/gcc/arm-none-eabi/4.9.3/../../../../arm-none-eabi/lib/armv7-m/libc.a(lib_a-impure.o)
                0x0000000010000448                _edata = .

.jcr            0x0000000010000448        0x0 load address 0x00000000000048f0
 .jcr           0x0000000010000448        0x0 /Users/ahesham/research/Bluetooth/boss/uberCode/gcc-arm-none-eabi/bin/../lib/gcc/arm-none-eabi/4.9.3/armv7-m/crtbegin.o

.igot.plt       0x0000000010000448        0x0 load address 0x00000000000048f0
 .igot.plt      0x0000000000000000        0x0 /Users/ahesham/research/Bluetooth/boss/uberCode/gcc-arm-none-eabi/bin/../lib/gcc/arm-none-eabi/4.9.3/armv7-m/crtbegin.o

.bss            0x0000000010000448       0x24 load address 0x00000000000048f0
                0x0000000010000448                _bss = .
                0x0000000010000448                __bss_start__ = .
 *(.bss*)
 .bss           0x0000000010000448       0x1c /Users/ahesham/research/Bluetooth/boss/uberCode/gcc-arm-none-eabi/bin/../lib/gcc/arm-none-eabi/4.9.3/armv7-m/crtbegin.o
 .bss           0x0000000010000464        0x8 ../common/ubertooth.o
 *(COMMON)
                0x000000001000046c                _ebss = .
                0x000000001000046c                __bss_end__ = .

.cr_heap        0x000000001000046c        0x0 load address 0x00000000000048f0
                0x000000001000046c                end = .
                0x000000001000046c                __end__ = .
                0x000000001000046c                _pvHeapStart = .
                0x0000000010003fe0                _StackTop = ((ORIGIN (ram) + 0x4000) - 0x20)
OUTPUT(cc2400_test.elf elf32-littlearm)

.ARM.attributes
                0x0000000000000000       0x29
 .ARM.attributes
                0x0000000000000000       0x1d /Users/ahesham/research/Bluetooth/boss/uberCode/gcc-arm-none-eabi/bin/../lib/gcc/arm-none-eabi/4.9.3/armv7-m/crti.o
 .ARM.attributes
                0x000000000000001d       0x2d /Users/ahesham/research/Bluetooth/boss/uberCode/gcc-arm-none-eabi/bin/../lib/gcc/arm-none-eabi/4.9.3/armv7-m/crtbegin.o
 .ARM.attributes
                0x000000000000004a       0x2d /Users/ahesham/research/Bluetooth/boss/uberCode/gcc-arm-none-eabi/bin/../lib/gcc/arm-none-eabi/4.9.3/../../../../arm-none-eabi/lib/armv7-m/libc.a(lib_a-impure.o)
 .ARM.attributes
                0x0000000000000077       0x2d /Users/ahesham/research/Bluetooth/boss/uberCode/gcc-arm-none-eabi/bin/../lib/gcc/arm-none-eabi/4.9.3/../../../../arm-none-eabi/lib/armv7-m/libc.a(lib_a-init.o)
 .ARM.attributes
                0x00000000000000a4       0x2d /Users/ahesham/research/Bluetooth/boss/uberCode/gcc-arm-none-eabi/bin/../lib/gcc/arm-none-eabi/4.9.3/../../../../arm-none-eabi/lib/armv7-m/libc.a(lib_a-__call_atexit.o)
 .ARM.attributes
                0x00000000000000d1       0x2d /Users/ahesham/research/Bluetooth/boss/uberCode/gcc-arm-none-eabi/bin/../lib/gcc/arm-none-eabi/4.9.3/../../../../arm-none-eabi/lib/armv7-m/libc.a(lib_a-atexit.o)
 .ARM.attributes
                0x00000000000000fe       0x2d /Users/ahesham/research/Bluetooth/boss/uberCode/gcc-arm-none-eabi/bin/../lib/gcc/arm-none-eabi/4.9.3/../../../../arm-none-eabi/lib/armv7-m/libc.a(lib_a-fini.o)
 .ARM.attributes
                0x000000000000012b       0x2d /Users/ahesham/research/Bluetooth/boss/uberCode/gcc-arm-none-eabi/bin/../lib/gcc/arm-none-eabi/4.9.3/../../../../arm-none-eabi/lib/armv7-m/libc.a(lib_a-__atexit.o)
 .ARM.attributes
                0x0000000000000158       0x33 cc2400_test.o
 .ARM.attributes
                0x000000000000018b       0x33 ../common/LPC17xx_Startup.o
 .ARM.attributes
                0x00000000000001be       0x33 ../common/LPC17xx_Interrupts.o
 .ARM.attributes
                0x00000000000001f1       0x33 ../common/ubertooth.o
 .ARM.attributes
                0x0000000000000224       0x1d /Users/ahesham/research/Bluetooth/boss/uberCode/gcc-arm-none-eabi/bin/../lib/gcc/arm-none-eabi/4.9.3/armv7-m/crtn.o

.comment        0x0000000000000000       0x70
 .comment       0x0000000000000000       0x70 cc2400_test.o
                                         0x71 (size before relaxing)
 .comment       0x0000000000000000       0x71 ../common/LPC17xx_Startup.o
 .comment       0x0000000000000000       0x71 ../common/LPC17xx_Interrupts.o
 .comment       0x0000000000000000       0x71 ../common/ubertooth.o

.debug_frame    0x0000000000000000      0x490
 .debug_frame   0x0000000000000000       0x2c /Users/ahesham/research/Bluetooth/boss/uberCode/gcc-arm-none-eabi/bin/../lib/gcc/arm-none-eabi/4.9.3/../../../../arm-none-eabi/lib/armv7-m/libc.a(lib_a-init.o)
 .debug_frame   0x000000000000002c       0x50 /Users/ahesham/research/Bluetooth/boss/uberCode/gcc-arm-none-eabi/bin/../lib/gcc/arm-none-eabi/4.9.3/../../../../arm-none-eabi/lib/armv7-m/libc.a(lib_a-__call_atexit.o)
 .debug_frame   0x000000000000007c       0x20 /Users/ahesham/research/Bluetooth/boss/uberCode/gcc-arm-none-eabi/bin/../lib/gcc/arm-none-eabi/4.9.3/../../../../arm-none-eabi/lib/armv7-m/libc.a(lib_a-atexit.o)
 .debug_frame   0x000000000000009c       0x34 /Users/ahesham/research/Bluetooth/boss/uberCode/gcc-arm-none-eabi/bin/../lib/gcc/arm-none-eabi/4.9.3/../../../../arm-none-eabi/lib/armv7-m/libc.a(lib_a-fini.o)
 .debug_frame   0x00000000000000d0       0x34 /Users/ahesham/research/Bluetooth/boss/uberCode/gcc-arm-none-eabi/bin/../lib/gcc/arm-none-eabi/4.9.3/../../../../arm-none-eabi/lib/armv7-m/libc.a(lib_a-__atexit.o)
 .debug_frame   0x0000000000000104       0x2c cc2400_test.o
 .debug_frame   0x0000000000000130       0x2c ../common/LPC17xx_Startup.o
 .debug_frame   0x000000000000015c       0x20 ../common/LPC17xx_Interrupts.o
 .debug_frame   0x000000000000017c      0x314 ../common/ubertooth.o

.debug_info     0x0000000000000000      0xd2c
 .debug_info    0x0000000000000000      0x102 cc2400_test.o
 .debug_info    0x0000000000000102      0x117 ../common/LPC17xx_Startup.o
 .debug_info    0x0000000000000219       0x7d ../common/LPC17xx_Interrupts.o
 .debug_info    0x0000000000000296      0xa96 ../common/ubertooth.o

.debug_abbrev   0x0000000000000000      0x4b5
 .debug_abbrev  0x0000000000000000       0x9e cc2400_test.o
 .debug_abbrev  0x000000000000009e       0xb8 ../common/LPC17xx_Startup.o
 .debug_abbrev  0x0000000000000156       0x80 ../common/LPC17xx_Interrupts.o
 .debug_abbrev  0x00000000000001d6      0x2df ../common/ubertooth.o

.debug_aranges  0x0000000000000000      0x168
 .debug_aranges
                0x0000000000000000       0x20 cc2400_test.o
 .debug_aranges
                0x0000000000000020       0x20 ../common/LPC17xx_Startup.o
 .debug_aranges
                0x0000000000000040       0x20 ../common/LPC17xx_Interrupts.o
 .debug_aranges
                0x0000000000000060      0x108 ../common/ubertooth.o

.debug_ranges   0x0000000000000000      0x158
 .debug_ranges  0x0000000000000000       0x10 cc2400_test.o
 .debug_ranges  0x0000000000000010       0x10 ../common/LPC17xx_Startup.o
 .debug_ranges  0x0000000000000020       0x10 ../common/LPC17xx_Interrupts.o
 .debug_ranges  0x0000000000000030      0x128 ../common/ubertooth.o

.debug_line     0x0000000000000000      0x67c
 .debug_line    0x0000000000000000       0xdd cc2400_test.o
 .debug_line    0x00000000000000dd       0xd1 ../common/LPC17xx_Startup.o
 .debug_line    0x00000000000001ae       0x53 ../common/LPC17xx_Interrupts.o
 .debug_line    0x0000000000000201      0x47b ../common/ubertooth.o

.debug_str      0x0000000000000000      0x4d9
 .debug_str     0x0000000000000000      0x21b cc2400_test.o
                                        0x24f (size before relaxing)
 .debug_str     0x000000000000021b       0xc2 ../common/LPC17xx_Startup.o
                                        0x26c (size before relaxing)
 .debug_str     0x00000000000002dd       0x51 ../common/LPC17xx_Interrupts.o
                                        0x1ce (size before relaxing)
 .debug_str     0x000000000000032e      0x1ab ../common/ubertooth.o
                                        0x3ed (size before relaxing)

.debug_loc      0x0000000000000000      0x670
 .debug_loc     0x0000000000000000       0x56 ../common/LPC17xx_Startup.o
 .debug_loc     0x0000000000000056      0x61a ../common/ubertooth.o
